Component: Arm Compiler for Embedded 6.24 Tool: armlink [5f371500]

==============================================================================

Section Cross References

    startup_stm32f103xb.o(STACK) refers (Special) to heapauxi.o(.text) for __use_two_region_memory
    startup_stm32f103xb.o(HEAP) refers (Special) to heapauxi.o(.text) for __use_two_region_memory
    startup_stm32f103xb.o(RESET) refers (Special) to heapauxi.o(.text) for __use_two_region_memory
    startup_stm32f103xb.o(RESET) refers to startup_stm32f103xb.o(STACK) for __initial_sp
    startup_stm32f103xb.o(RESET) refers to startup_stm32f103xb.o(.text) for Reset_Handler
    startup_stm32f103xb.o(RESET) refers to stm32f1xx_it.o(.text.NMI_Handler) for NMI_Handler
    startup_stm32f103xb.o(RESET) refers to stm32f1xx_it.o(.text.HardFault_Handler) for HardFault_Handler
    startup_stm32f103xb.o(RESET) refers to stm32f1xx_it.o(.text.MemManage_Handler) for MemManage_Handler
    startup_stm32f103xb.o(RESET) refers to stm32f1xx_it.o(.text.BusFault_Handler) for BusFault_Handler
    startup_stm32f103xb.o(RESET) refers to stm32f1xx_it.o(.text.UsageFault_Handler) for UsageFault_Handler
    startup_stm32f103xb.o(RESET) refers to stm32f1xx_it.o(.text.SVC_Handler) for SVC_Handler
    startup_stm32f103xb.o(RESET) refers to stm32f1xx_it.o(.text.DebugMon_Handler) for DebugMon_Handler
    startup_stm32f103xb.o(RESET) refers to stm32f1xx_it.o(.text.PendSV_Handler) for PendSV_Handler
    startup_stm32f103xb.o(RESET) refers to stm32f1xx_it.o(.text.SysTick_Handler) for SysTick_Handler
    startup_stm32f103xb.o(.text) refers (Special) to heapauxi.o(.text) for __use_two_region_memory
    startup_stm32f103xb.o(.text) refers to system_stm32f1xx.o(.text.SystemInit) for SystemInit
    startup_stm32f103xb.o(.text) refers to __main.o(!!!main) for __main
    startup_stm32f103xb.o(.text) refers to startup_stm32f103xb.o(HEAP) for Heap_Mem
    startup_stm32f103xb.o(.text) refers to startup_stm32f103xb.o(STACK) for Stack_Mem
    fonts.o(.data.Font_7x10) refers to fonts.o(.rodata.Font7x10) for [Anonymous Symbol]
    fonts.o(.data.Font_11x18) refers to fonts.o(.rodata.Font11x18) for [Anonymous Symbol]
    fonts.o(.data.Font_16x26) refers to fonts.o(.rodata.Font16x26) for [Anonymous Symbol]
    rc522.o(.text.RC522_SPI_Transfer) refers to main.o(.bss.hspi2) for hspi2
    rc522.o(.text.RC522_SPI_Transfer) refers to stm32f1xx_hal_spi.o(.text.HAL_SPI_TransmitReceive) for HAL_SPI_TransmitReceive
    rc522.o(.ARM.exidx.text.RC522_SPI_Transfer) refers to rc522.o(.text.RC522_SPI_Transfer) for [Anonymous Symbol]
    rc522.o(.text.Write_MFRC522) refers to stm32f1xx_hal_gpio.o(.text.HAL_GPIO_WritePin) for HAL_GPIO_WritePin
    rc522.o(.text.Write_MFRC522) refers to main.o(.bss.hspi2) for hspi2
    rc522.o(.text.Write_MFRC522) refers to stm32f1xx_hal_spi.o(.text.HAL_SPI_TransmitReceive) for HAL_SPI_TransmitReceive
    rc522.o(.ARM.exidx.text.Write_MFRC522) refers to rc522.o(.text.Write_MFRC522) for [Anonymous Symbol]
    rc522.o(.text.Read_MFRC522) refers to stm32f1xx_hal_gpio.o(.text.HAL_GPIO_WritePin) for HAL_GPIO_WritePin
    rc522.o(.text.Read_MFRC522) refers to main.o(.bss.hspi2) for hspi2
    rc522.o(.text.Read_MFRC522) refers to stm32f1xx_hal_spi.o(.text.HAL_SPI_TransmitReceive) for HAL_SPI_TransmitReceive
    rc522.o(.ARM.exidx.text.Read_MFRC522) refers to rc522.o(.text.Read_MFRC522) for [Anonymous Symbol]
    rc522.o(.text.SetBitMask) refers to stm32f1xx_hal_gpio.o(.text.HAL_GPIO_WritePin) for HAL_GPIO_WritePin
    rc522.o(.text.SetBitMask) refers to main.o(.bss.hspi2) for hspi2
    rc522.o(.text.SetBitMask) refers to stm32f1xx_hal_spi.o(.text.HAL_SPI_TransmitReceive) for HAL_SPI_TransmitReceive
    rc522.o(.ARM.exidx.text.SetBitMask) refers to rc522.o(.text.SetBitMask) for [Anonymous Symbol]
    rc522.o(.text.ClearBitMask) refers to stm32f1xx_hal_gpio.o(.text.HAL_GPIO_WritePin) for HAL_GPIO_WritePin
    rc522.o(.text.ClearBitMask) refers to main.o(.bss.hspi2) for hspi2
    rc522.o(.text.ClearBitMask) refers to stm32f1xx_hal_spi.o(.text.HAL_SPI_TransmitReceive) for HAL_SPI_TransmitReceive
    rc522.o(.ARM.exidx.text.ClearBitMask) refers to rc522.o(.text.ClearBitMask) for [Anonymous Symbol]
    rc522.o(.text.AntennaOn) refers to stm32f1xx_hal_gpio.o(.text.HAL_GPIO_WritePin) for HAL_GPIO_WritePin
    rc522.o(.text.AntennaOn) refers to main.o(.bss.hspi2) for hspi2
    rc522.o(.text.AntennaOn) refers to stm32f1xx_hal_spi.o(.text.HAL_SPI_TransmitReceive) for HAL_SPI_TransmitReceive
    rc522.o(.text.AntennaOn) refers to rc522.o(.text.SetBitMask) for SetBitMask
    rc522.o(.ARM.exidx.text.AntennaOn) refers to rc522.o(.text.AntennaOn) for [Anonymous Symbol]
    rc522.o(.text.AntennaOff) refers to rc522.o(.text.ClearBitMask) for ClearBitMask
    rc522.o(.ARM.exidx.text.AntennaOff) refers to rc522.o(.text.AntennaOff) for [Anonymous Symbol]
    rc522.o(.text.MFRC522_Reset) refers to stm32f1xx_hal_gpio.o(.text.HAL_GPIO_WritePin) for HAL_GPIO_WritePin
[...]

    ../clib/angel/boardlib.s                 0x00000000   Number         0  boardinit1.o ABSOLUTE
    ../clib/angel/boardlib.s                 0x00000000   Number         0  boardinit2.o ABSOLUTE
    ../clib/angel/boardlib.s                 0x00000000   Number         0  boardinit3.o ABSOLUTE
    ../clib/angel/boardlib.s                 0x00000000   Number         0  boardshut.o ABSOLUTE
    ../clib/angel/dczerorl2.s                0x00000000   Number         0  __dczerorl2.o ABSOLUTE
    ../clib/angel/handlers.s                 0x00000000   Number         0  __scatter_zi.o ABSOLUTE
    ../clib/angel/kernel.s                   0x00000000   Number         0  __rtentry.o ABSOLUTE
    ../clib/angel/kernel.s                   0x00000000   Number         0  __rtentry2.o ABSOLUTE
    ../clib/angel/kernel.s                   0x00000000   Number         0  __rtentry4.o ABSOLUTE
    ../clib/angel/kernel.s                   0x00000000   Number         0  rtexit.o ABSOLUTE
    ../clib/angel/kernel.s                   0x00000000   Number         0  rtexit2.o ABSOLUTE
    ../clib/angel/rt.s                       0x00000000   Number         0  rt_raise.o ABSOLUTE
    ../clib/angel/scatter.s                  0x00000000   Number         0  __scatter.o ABSOLUTE
    ../clib/angel/startup.s                  0x00000000   Number         0  __main.o ABSOLUTE
    ../clib/angel/sys.s                      0x00000000   Number         0  sys_stackheap_outer.o ABSOLUTE
    ../clib/angel/sys.s                      0x00000000   Number         0  libspace.o ABSOLUTE
    ../clib/angel/sys.s                      0x00000000   Number         0  use_no_semi.o ABSOLUTE
    ../clib/angel/sys.s                      0x00000000   Number         0  indicate_semi.o ABSOLUTE
    ../clib/angel/sysapp.c                   0x00000000   Number         0  sys_exit.o ABSOLUTE
    ../clib/angel/sysapp.c                   0x00000000   Number         0  sys_exit_hlt.o ABSOLUTE
    ../clib/angel/sysapp.c                   0x00000000   Number         0  sys_command.o ABSOLUTE
    ../clib/angel/sysapp.c                   0x00000000   Number         0  sys_command_hlt.o ABSOLUTE
    ../clib/angel/sysapp.c                   0x00000000   Number         0  sys_wrch.o ABSOLUTE
    ../clib/angel/sysapp.c                   0x00000000   Number         0  sys_wrch_hlt.o ABSOLUTE
    ../clib/armsys.c                         0x00000000   Number         0  argv_veneer.o ABSOLUTE
    ../clib/armsys.c                         0x00000000   Number         0  argv_veneer.o ABSOLUTE
    ../clib/armsys.c                         0x00000000   Number         0  _get_argv_nomalloc.o ABSOLUTE
    ../clib/armsys.c                         0x00000000   Number         0  no_argv.o ABSOLUTE
    ../clib/heapalloc.c                      0x00000000   Number         0  hrguard.o ABSOLUTE
    ../clib/heapaux.c                        0x00000000   Number         0  heapauxi.o ABSOLUTE
    ../clib/libinit.s                        0x00000000   Number         0  libinit.o ABSOLUTE
    ../clib/libinit.s                        0x00000000   Number         0  libinit2.o ABSOLUTE
    ../clib/libinit.s                        0x00000000   Number         0  libshutdown.o ABSOLUTE
    ../clib/libinit.s                        0x00000000   Number         0  libshutdown2.o ABSOLUTE
    ../clib/misc.s                           0x00000000   Number         0  printf_stubs.o ABSOLUTE
    ../clib/printf.c                         0x00000000   Number         0  __2sprintf.o ABSOLUTE
    ../clib/printf.c                         0x00000000   Number         0  noretval__2sprintf.o ABSOLUTE
    ../clib/printf.c                         0x00000000   Number         0  __printf.o ABSOLUTE
    ../clib/printf.c                         0x00000000   Number         0  _printf_pad.o ABSOLUTE
    ../clib/printf.c                         0x00000000   Number         0  _printf_str.o ABSOLUTE
    ../clib/printf.c                         0x00000000   Number         0  _printf_dec.o ABSOLUTE
    ../clib/printf.c                         0x00000000   Number         0  __printf_flags.o ABSOLUTE
    ../clib/printf.c                         0x00000000   Number         0  __printf_ss.o ABSOLUTE
    ../clib/printf.c                         0x00000000   Number         0  __printf_flags_ss.o ABSOLUTE
    ../clib/printf.c                         0x00000000   Number         0  __printf_wp.o ABSOLUTE
    ../clib/printf.c                         0x00000000   Number         0  __printf_flags_wp.o ABSOLUTE
    ../clib/printf.c                         0x00000000   Number         0  __printf_ss_wp.o ABSOLUTE
    ../clib/printf.c                         0x00000000   Number         0  __printf_flags_ss_wp.o ABSOLUTE
    ../clib/printf.c                         0x00000000   Number         0  _printf_intcommon.o ABSOLUTE
    ../clib/printf.c                         0x00000000   Number         0  _printf_char_common.o ABSOLUTE
    ../clib/printf.c                         0x00000000   Number         0  _sputc.o ABSOLUTE
    ../clib/printf.c                         0x00000000   Number         0  _printf_char.o ABSOLUTE
    ../clib/printf.c                         0x00000000   Number         0  __printf_nopercent.o ABSOLUTE
    ../clib/printf_percent.s                 0x00000000   Number         0  _printf_s.o ABSOLUTE
    ../clib/printf_percent.s                 0x00000000   Number         0  _printf_d.o ABSOLUTE
    ../clib/printf_percent.s                 0x00000000   Number         0  _printf_percent.o ABSOLUTE
    ../clib/printf_percent.s                 0x00000000   Number         0  _printf_percent_end.o ABSOLUTE
    ../clib/signal.c                         0x00000000   Number         0  defsig_rtmem_outer.o ABSOLUTE
    ../clib/signal.c                         0x00000000   Number         0  defsig_rtmem_formal.o ABSOLUTE
    ../clib/signal.c                         0x00000000   Number         0  defsig_exit.o ABSOLUTE
    ../clib/signal.c                         0x00000000   Number         0  defsig_rtmem_inner.o ABSOLUTE
    ../clib/signal.c                         0x00000000   Number         0  __raise.o ABSOLUTE
    ../clib/signal.c                         0x00000000   Number         0  defsig_general.o ABSOLUTE
    ../clib/signal.c                         0x00000000   Number         0  defsig_abrt_inner.o ABSOLUTE
    ../clib/signal.c                         0x00000000   Number         0  defsig_fpe_inner.o ABSOLUTE
    ../clib/signal.c                         0x00000000   Number         0  defsig_rtred_inner.o ABSOLUTE
    ../clib/signal.c                         0x00000000   Number         0  defsig_stak_inner.o ABSOLUTE
    ../clib/signal.c                         0x00000000   Number         0  defsig_pvfn_inner.o ABSOLUTE
    ../clib/signal.c                         0x00000000   Number         0  defsig_cppl_inner.o ABSOLUTE
    ../clib/signal.c                         0x00000000   Number         0  defsig_segv_inner.o ABSOLUTE
    ../clib/signal.c                         0x00000000   Number         0  defsig_other.o ABSOLUTE
    ../clib/signal.s                         0x00000000   Number         0  defsig.o ABSOLUTE
    ../clib/stdlib.c                         0x00000000   Number         0  exit.o ABSOLUTE
    ../fplib/fpinit.s                        0x00000000   Number         0  fpinit.o ABSOLUTE
    ../fplib/fpinit_empty.s                  0x00000000   Number         0  fpinit_empty.o ABSOLUTE
    add_monster.c                            0x00000000   Number         0  add_monster.o ABSOLUTE
    battle.c                                 0x00000000   Number         0  battle.o ABSOLUTE
    button.c                                 0x00000000   Number         0  button.o ABSOLUTE
    campaign.c                               0x00000000   Number         0  campaign.o ABSOLUTE
    character.c                              0x00000000   Number         0  character.o ABSOLUTE
    dc.s                                     0x00000000   Number         0  dc.o ABSOLUTE
    fonts.c                                  0x00000000   Number         0  fonts.o ABSOLUTE
    led.c                                    0x00000000   Number         0  led.o ABSOLUTE
    main.c                                   0x00000000   Number         0  main.o ABSOLUTE
    rc522.c                                  0x00000000   Number         0  rc522.o ABSOLUTE
    rfid.c                                   0x00000000   Number         0  rfid.o ABSOLUTE
    st7789.c                                 0x00000000   Number         0  st7789.o ABSOLUTE
    startup_stm32f103xb.s                    0x00000000   Number         0  startup_stm32f103xb.o ABSOLUTE
    stm32f1xx_hal.c                          0x00000000   Number         0  stm32f1xx_hal.o ABSOLUTE
    stm32f1xx_hal_cortex.c                   0x00000000   Number         0  stm32f1xx_hal_cortex.o ABSOLUTE
    stm32f1xx_hal_dma.c                      0x00000000   Number         0  stm32f1xx_hal_dma.o ABSOLUTE
    stm32f1xx_hal_exti.c                     0x00000000   Number         0  stm32f1xx_hal_exti.o ABSOLUTE
    stm32f1xx_hal_flash.c                    0x00000000   Number         0  stm32f1xx_hal_flash.o ABSOLUTE
    stm32f1xx_hal_flash_ex.c                 0x00000000   Number         0  stm32f1xx_hal_flash_ex.o ABSOLUTE
    stm32f1xx_hal_gpio.c                     0x00000000   Number         0  stm32f1xx_hal_gpio.o ABSOLUTE
    stm32f1xx_hal_gpio_ex.c                  0x00000000   Number         0  stm32f1xx_hal_gpio_ex.o ABSOLUTE
    stm32f1xx_hal_msp.c                      0x00000000   Number         0  stm32f1xx_hal_msp.o ABSOLUTE
    stm32f1xx_hal_pwr.c                      0x00000000   Number         0  stm32f1xx_hal_pwr.o ABSOLUTE
    stm32f1xx_hal_rcc.c                      0x00000000   Number         0  stm32f1xx_hal_rcc.o ABSOLUTE
    stm32f1xx_hal_rcc_ex.c                   0x00000000   Number         0  stm32f1xx_hal_rcc_ex.o ABSOLUTE
    stm32f1xx_hal_spi.c                      0x00000000   Number         0  stm32f1xx_hal_spi.o ABSOLUTE
    stm32f1xx_it.c                           0x00000000   Number         0  stm32f1xx_it.o ABSOLUTE
    system_stm32f1xx.c                       0x00000000   Number         0  system_stm32f1xx.o ABSOLUTE
    tft.c                                    0x00000000   Number         0  tft.o ABSOLUTE
    ui.c                                     0x00000000   Number         0  ui.o ABSOLUTE
    user.c                                   0x00000000   Number         0  user.o ABSOLUTE
    RESET                                    0x08000000   Section      236  startup_stm32f103xb.o(RESET)
    !!!main                                  0x080000ec   Section        8  __main.o(!!!main)
    !!!scatter                               0x080000f4   Section       92  __scatter.o(!!!scatter)
    !!dczerorl2                              0x08000150   Section       90  __dczerorl2.o(!!dczerorl2)
    !!handler_null                           0x080001ac   Section        2  __scatter.o(!!handler_null)
    !!handler_zi                             0x080001b0   Section       28  __scatter_zi.o(!!handler_zi)
    .ARM.Collect$$_printf_percent$$00000000  0x080001cc   Section        0  _printf_percent.o(.ARM.Collect$$_printf_percent$$00000000)
    .ARM.Collect$$_printf_percent$$00000009  0x080001cc   Section        6  _printf_d.o(.ARM.Collect$$_printf_percent$$00000009)
    .ARM.Collect$$_printf_percent$$00000014  0x080001d2   Section        6  _printf_s.o(.ARM.Collect$$_printf_percent$$00000014)
    .ARM.Collect$$_printf_percent$$00000017  0x080001d8   Section        4  _printf_percent_end.o(.ARM.Collect$$_printf_percent$$00000017)
    .ARM.Collect$$libinit$$00000000          0x080001dc   Section        2  libinit.o(.ARM.Collect$$libinit$$00000000)
    .ARM.Collect$$libinit$$00000002          0x080001de   Section        0  libinit2.o(.ARM.Collect$$libinit$$00000002)
    .ARM.Collect$$libinit$$00000004          0x080001de   Section        0  libinit2.o(.ARM.Collect$$libinit$$00000004)
    .ARM.Collect$$libinit$$00000006          0x080001de   Section        0  libinit2.o(.ARM.Collect$$libinit$$00000006)
    .ARM.Collect$$libinit$$0000000C          0x080001de   Section        0  libinit2.o(.ARM.Collect$$libinit$$0000000C)
    .ARM.Collect$$libinit$$0000000E          0x080001de   Section        0  libinit2.o(.ARM.Collect$$libinit$$0000000E)
    .ARM.Collect$$libinit$$00000010          0x080001de   Section        0  libinit2.o(.ARM.Collect$$libinit$$00000010)
    .ARM.Collect$$libinit$$00000013          0x080001de   Section        0  libinit2.o(.ARM.Collect$$libinit$$00000013)
    .ARM.Collect$$libinit$$00000015          0x080001de   Section        0  libinit2.o(.ARM.Collect$$libinit$$00000015)
    .ARM.Collect$$libinit$$00000017          0x080001de   Section        0  libinit2.o(.ARM.Collect$$libinit$$00000017)
    .ARM.Collect$$libinit$$00000019          0x080001de   Section        0  libinit2.o(.ARM.Collect$$libinit$$00000019)
    .ARM.Collect$$libinit$$0000001B          0x080001de   Section        0  libinit2.o(.ARM.Collect$$libinit$$0000001B)
    .ARM.Collect$$libinit$$0000001D          0x080001de   Section        0  libinit2.o(.ARM.Collect$$libinit$$0000001D)
    .ARM.Collect$$libinit$$0000001F          0x080001de   Section        0  libinit2.o(.ARM.Collect$$libinit$$0000001F)
    .ARM.Collect$$libinit$$00000021          0x080001de   Section        0  libinit2.o(.ARM.Collect$$libinit$$00000021)
    .ARM.Collect$$libinit$$00000023          0x080001de   Section        0  libinit2.o(.ARM.Collect$$libinit$$00000023)
    .ARM.Collect$$libinit$$00000025          0x080001de   Section        0  libinit2.o(.ARM.Collect$$libinit$$00000025)
    .ARM.Collect$$libinit$$00000027          0x080001de   Section        0  libinit2.o(.ARM.Collect$$libinit$$00000027)
    .ARM.Collect$$libinit$$0000002E          0x080001de   Section        0  libinit2.o(.ARM.Collect$$libinit$$0000002E)
    .ARM.Collect$$libinit$$00000030          0x080001de   Section        0  libinit2.o(.ARM.Collect$$libinit$$00000030)
    .ARM.Collect$$libinit$$00000032          0x080001de   Section        0  libinit2.o(.ARM.Collect$$libinit$$00000032)
    .ARM.Collect$$libinit$$00000034          0x080001de   Section        0  libinit2.o(.ARM.Collect$$libinit$$00000034)
    .ARM.Collect$$libinit$$00000035          0x080001de   Section        2  libinit2.o(.ARM.Collect$$libinit$$00000035)
    .ARM.Collect$$libshutdown$$00000000      0x080001e0   Section        2  libshutdown.o(.ARM.Collect$$libshutdown$$00000000)
    .ARM.Collect$$libshutdown$$00000002      0x080001e2   Section        0  libshutdown2.o(.ARM.Collect$$libshutdown$$00000002)
    .ARM.Collect$$libshutdown$$00000004      0x080001e2   Section        0  libshutdown2.o(.ARM.Collect$$libshutdown$$00000004)
    .ARM.Collect$$libshutdown$$00000007      0x080001e2   Section        0  libshutdown2.o(.ARM.Collect$$libshutdown$$00000007)
    .ARM.Collect$$libshutdown$$0000000A      0x080001e2   Section        0  libshutdown2.o(.ARM.Collect$$libshutdown$$0000000A)
    .ARM.Collect$$libshutdown$$0000000C      0x080001e2   Section        0  libshutdown2.o(.ARM.Collect$$libshutdown$$0000000C)
    .ARM.Collect$$libshutdown$$0000000F      0x080001e2   Section        0  libshutdown2.o(.ARM.Collect$$libshutdown$$0000000F)
    .ARM.Collect$$libshutdown$$00000010      0x080001e2   Section        2  libshutdown2.o(.ARM.Collect$$libshutdown$$00000010)
    .ARM.Collect$$rtentry$$00000000          0x080001e4   Section        0  __rtentry.o(.ARM.Collect$$rtentry$$00000000)
    .ARM.Collect$$rtentry$$00000002          0x080001e4   Section        0  __rtentry2.o(.ARM.Collect$$rtentry$$00000002)
    .ARM.Collect$$rtentry$$00000004          0x080001e4   Section        6  __rtentry4.o(.ARM.Collect$$rtentry$$00000004)
    .ARM.Collect$$rtentry$$00000009          0x080001ea   Section        0  __rtentry2.o(.ARM.Collect$$rtentry$$00000009)
    .ARM.Collect$$rtentry$$0000000A          0x080001ea   Section        4  __rtentry2.o(.ARM.Collect$$rtentry$$0000000A)
    .ARM.Collect$$rtentry$$0000000C          0x080001ee   Section        0  __rtentry2.o(.ARM.Collect$$rtentry$$0000000C)
    .ARM.Collect$$rtentry$$0000000D          0x080001ee   Section        8  __rtentry2.o(.ARM.Collect$$rtentry$$0000000D)
    .ARM.Collect$$rtexit$$00000000           0x080001f6   Section        2  rtexit.o(.ARM.Collect$$rtexit$$00000000)
    .ARM.Collect$$rtexit$$00000002           0x080001f8   Section        0  rtexit2.o(.ARM.Collect$$rtexit$$00000002)
    .ARM.Collect$$rtexit$$00000003           0x080001f8   Section        4  rtexit2.o(.ARM.Collect$$rtexit$$00000003)
    .ARM.Collect$$rtexit$$00000004           0x080001fc   Section        6  rtexit2.o(.ARM.Collect$$rtexit$$00000004)
    .text                                    0x08000204   Section       64  startup_stm32f103xb.o(.text)
    .text                                    0x08000244   Section        0  noretval__2sprintf.o(.text)
    .text                                    0x0800026c   Section        0  _printf_pad.o(.text)
    .text                                    0x080002ba   Section        0  _printf_str.o(.text)
    .text                                    0x0800030c   Section        0  _printf_dec.o(.text)
    .text                                    0x08000384   Section        0  __printf_wp.o(.text)
    .text                                    0x08000492   Section        0  heapauxi.o(.text)
    .text                                    0x08000498   Section        0  _printf_intcommon.o(.text)
    _printf_input_char                       0x0800054d   Thumb Code    10  _printf_char_common.o(.text)
    .text                                    0x0800054c   Section        0  _printf_char_common.o(.text)
    .text                                    0x0800057c   Section        0  _sputc.o(.text)
    .text                                    0x08000586   Section        0  _printf_char.o(.text)
    .text                                    0x080005b2   Section       74  sys_stackheap_outer.o(.text)
    .text                                    0x080005fc   Section        0  exit.o(.text)
    .text                                    0x08000610   Section        8  libspace.o(.text)
    .text                                    0x08000618   Section        0  sys_exit.o(.text)
    .text                                    0x08000624   Section        2  use_no_semi.o(.text)
    .text                                    0x08000626   Section        0  indicate_semi.o(.text)
    [Anonymous Symbol]                       0x08000628   Section        0  battle.o(.text.Battle_Attack_Monster)
    [Anonymous Symbol]                       0x08000654   Section        0  battle.o(.text.Battle_Attack_Player)
    [Anonymous Symbol]                       0x0800069c   Section        0  battle.o(.text.Battle_Count_HealPotion)
    [Anonymous Symbol]                       0x080006b0   Section        0  battle.o(.text.Battle_Defending)
    [Anonymous Symbol]                       0x080006c0   Section        0  battle.o(.text.Battle_GetState)
    [Anonymous Symbol]                       0x080006cc   Section        0  battle.o(.text.Battle_Heal)
    [Anonymous Symbol]                       0x080006ec   Section        0  battle.o(.text.Battle_Start)
    [Anonymous Symbol]                       0x08000708   Section        0  stm32f1xx_it.o(.text.BusFault_Handler)
    [Anonymous Symbol]                       0x0800070c   Section        0  button.o(.text.Button_Back)
    [Anonymous Symbol]                       0x0800071c   Section        0  button.o(.text.Button_Down)
    [Anonymous Symbol]                       0x08000728   Section        0  button.o(.text.Button_Select)
    [Anonymous Symbol]                       0x08000734   Section        0  button.o(.text.Button_Up)
    [Anonymous Symbol]                       0x08000740   Section        0  campaign.o(.text.Campaign_NextStage)
    [Anonymous Symbol]                       0x08000760   Section        0  campaign.o(.text.Campaign_Reset)
    [Anonymous Symbol]                       0x08000770   Section        0  character.o(.text.Character_Gain_Exp)
    [Anonymous Symbol]                       0x08000948   Section        0  character.o(.text.Character_Reset)
    [Anonymous Symbol]                       0x08000a08   Section        0  rc522.o(.text.ClearBitMask)
    [Anonymous Symbol]                       0x08000ac8   Section        0  stm32f1xx_it.o(.text.DebugMon_Handler)
    [Anonymous Symbol]                       0x08000acc   Section        0  stm32f1xx_hal.o(.text.HAL_Delay)
    [Anonymous Symbol]                       0x08000af4   Section        0  stm32f1xx_hal_gpio.o(.text.HAL_GPIO_Init)
    [Anonymous Symbol]                       0x08000d04   Section        0  stm32f1xx_hal_gpio.o(.text.HAL_GPIO_ReadPin)
    [Anonymous Symbol]                       0x08000d10   Section        0  stm32f1xx_hal_gpio.o(.text.HAL_GPIO_WritePin)
    [Anonymous Symbol]                       0x08000d1c   Section        0  stm32f1xx_hal.o(.text.HAL_GetTick)
    [Anonymous Symbol]                       0x08000d28   Section        0  stm32f1xx_hal.o(.text.HAL_IncTick)
    [Anonymous Symbol]                       0x08000d44   Section        0  stm32f1xx_hal.o(.text.HAL_Init)
    [Anonymous Symbol]                       0x08000d6c   Section        0  stm32f1xx_hal.o(.text.HAL_InitTick)
    [Anonymous Symbol]                       0x08000db4   Section        0  stm32f1xx_hal_msp.o(.text.HAL_MspInit)
    [Anonymous Symbol]                       0x08000df8   Section        0  stm32f1xx_hal_cortex.o(.text.HAL_NVIC_SetPriority)
    [Anonymous Symbol]                       0x08000e50   Section        0  stm32f1xx_hal_cortex.o(.text.HAL_NVIC_SetPriorityGrouping)
    [Anonymous Symbol]                       0x08000e70   Section        0  stm32f1xx_hal_rcc.o(.text.HAL_RCC_ClockConfig)
    [Anonymous Symbol]                       0x0800102c   Section        0  stm32f1xx_hal_rcc.o(.text.HAL_RCC_OscConfig)
    [Anonymous Symbol]                       0x0800142c   Section        0  button.o(.text.HAL_ReadButtons)
    [Anonymous Symbol]                       0x080014e0   Section        0  stm32f1xx_hal_spi.o(.text.HAL_SPI_Init)
    [Anonymous Symbol]                       0x08001588   Section        0  stm32f1xx_hal_msp.o(.text.HAL_SPI_MspInit)
    [Anonymous Symbol]                       0x08001654   Section        0  stm32f1xx_hal_spi.o(.text.HAL_SPI_Transmit)
    [Anonymous Symbol]                       0x08001850   Section        0  stm32f1xx_hal_spi.o(.text.HAL_SPI_TransmitReceive)
    [Anonymous Symbol]                       0x08001b24   Section        0  stm32f1xx_hal_cortex.o(.text.HAL_SYSTICK_Config)
    [Anonymous Symbol]                       0x08001b50   Section        0  stm32f1xx_it.o(.text.HardFault_Handler)
    [Anonymous Symbol]                       0x08001b54   Section        0  rc522.o(.text.MFRC522_Anticoll)
    [Anonymous Symbol]                       0x08001bf4   Section        0  rc522.o(.text.MFRC522_Init)
    [Anonymous Symbol]                       0x08001e6c   Section        0  rc522.o(.text.MFRC522_Request)
    [Anonymous Symbol]                       0x08001ef8   Section        0  rc522.o(.text.MFRC522_ToCard)
    [Anonymous Symbol]                       0x080022c8   Section        0  stm32f1xx_it.o(.text.MemManage_Handler)
    [Anonymous Symbol]                       0x080022cc   Section        0  tft.o(.text.Menu_Game)
    [Anonymous Symbol]                       0x08002354   Section        0  stm32f1xx_it.o(.text.NMI_Handler)
    [Anonymous Symbol]                       0x08002358   Section        0  stm32f1xx_it.o(.text.PendSV_Handler)
    [Anonymous Symbol]                       0x0800235c   Section        0  rfid.o(.text.Rfid_TryReadUid)
    SPI_WaitFlagStateUntilTimeout            0x08002395   Thumb Code   288  stm32f1xx_hal_spi.o(.text.SPI_WaitFlagStateUntilTimeout)
    [Anonymous Symbol]                       0x08002394   Section        0  stm32f1xx_hal_spi.o(.text.SPI_WaitFlagStateUntilTimeout)
    [Anonymous Symbol]                       0x080024b4   Section        0  st7789.o(.text.ST7789_DrawCircle)
    [Anonymous Symbol]                       0x080025f4   Section        0  st7789.o(.text.ST7789_DrawLine)
    [Anonymous Symbol]                       0x080026b4   Section        0  st7789.o(.text.ST7789_DrawPixel)
    [Anonymous Symbol]                       0x0800272c   Section        0  st7789.o(.text.ST7789_Fill_Color)
    [Anonymous Symbol]                       0x080027c8   Section        0  st7789.o(.text.ST7789_Init)
    ST7789_SetAddressWindow                  0x08002e71   Thumb Code   358  st7789.o(.text.ST7789_SetAddressWindow)
    [Anonymous Symbol]                       0x08002e70   Section        0  st7789.o(.text.ST7789_SetAddressWindow)
    [Anonymous Symbol]                       0x08002fd8   Section        0  st7789.o(.text.ST7789_WriteChar)
    [Anonymous Symbol]                       0x080030e0   Section        0  st7789.o(.text.ST7789_WriteString)
    [Anonymous Symbol]                       0x08003174   Section        0  stm32f1xx_it.o(.text.SVC_Handler)
    [Anonymous Symbol]                       0x08003178   Section        0  rc522.o(.text.SetBitMask)
    [Anonymous Symbol]                       0x08003238   Section        0  stm32f1xx_it.o(.text.SysTick_Handler)
    [Anonymous Symbol]                       0x0800323c   Section        0  system_stm32f1xx.o(.text.SystemInit)
    [Anonymous Symbol]                       0x08003240   Section        0  tft.o(.text.Ui_Action)
    [Anonymous Symbol]                       0x080032a4   Section        0  ui.o(.text.Ui_Back_MenuGame)
    Ui_Battle_End                            0x080032cd   Thumb Code   436  ui.o(.text.Ui_Battle_End)
    [Anonymous Symbol]                       0x080032cc   Section        0  ui.o(.text.Ui_Battle_End)
    [Anonymous Symbol]                       0x080034b4   Section        0  ui.o(.text.Ui_Battle_Page)
    [Anonymous Symbol]                       0x080035d0   Section        0  tft.o(.text.Ui_Campaign_Map_Page)
    [Anonymous Symbol]                       0x080036d8   Section        0  ui.o(.text.Ui_Confirm_Mode)
    [Anonymous Symbol]                       0x080037d0   Section        0  tft.o(.text.Ui_Deselect_Action)
    [Anonymous Symbol]                       0x08003874   Section        0  tft.o(.text.Ui_Deselect_Mode)
    [Anonymous Symbol]                       0x08003918   Section        0  ui.o(.text.Ui_Display_Battle_Stat)
    [Anonymous Symbol]                       0x08003950   Section        0  tft.o(.text.Ui_Endless_Map_Page)
    [Anonymous Symbol]                       0x08003a88   Section        0  tft.o(.text.Ui_Monster_Appearance)
    [Anonymous Symbol]                       0x08003aec   Section        0  ui.o(.text.Ui_Move_Action)
    [Anonymous Symbol]                       0x08003b3c   Section        0  ui.o(.text.Ui_Move_Mode)
    [Anonymous Symbol]                       0x08003b8c   Section        0  tft.o(.text.Ui_Player_Appearance)
    [Anonymous Symbol]                       0x08003bec   Section        0  ui.o(.text.Ui_Player_Stats)
    [Anonymous Symbol]                       0x08003ca4   Section        0  ui.o(.text.Ui_PollWaitingScreen)
    [Anonymous Symbol]                       0x08003cec   Section        0  ui.o(.text.Ui_Reset_Stat)
    [Anonymous Symbol]                       0x08003e24   Section        0  tft.o(.text.Ui_Select_Action)
    [Anonymous Symbol]                       0x08003ec8   Section        0  tft.o(.text.Ui_Select_Mode)
    Ui_Show_Endless                          0x08003f6d   Thumb Code   196  ui.o(.text.Ui_Show_Endless)
    [Anonymous Symbol]                       0x08003f6c   Section        0  ui.o(.text.Ui_Show_Endless)
    [Anonymous Symbol]                       0x08004038   Section        0  ui.o(.text.Ui_Show_Setting)
    [Anonymous Symbol]                       0x080041e0   Section        0  tft.o(.text.Ui_Stats_Appearance)
    [Anonymous Symbol]                       0x080042b8   Section        0  ui.o(.text.Ui_Update_Stats)
    [Anonymous Symbol]                       0x0800435c   Section        0  stm32f1xx_it.o(.text.UsageFault_Handler)
    [Anonymous Symbol]                       0x08004360   Section        0  user.o(.text.User_FindUid)
    [Anonymous Symbol]                       0x080043c8   Section        0  tft.o(.text.Waiting_Display)
    [Anonymous Symbol]                       0x08004458   Section        0  main.o(.text.main)
    i._is_digit                              0x0800464a   Section        0  __printf_wp.o(i._is_digit)
    Font11x18                                0x08004668   Data        3420  fonts.o(.rodata.Font11x18)
    [Anonymous Symbol]                       0x08004668   Section        0  fonts.o(.rodata.Font11x18)
    Font16x26                                0x080053c4   Data        4940  fonts.o(.rodata.Font16x26)
    [Anonymous Symbol]                       0x080053c4   Section        0  fonts.o(.rodata.Font16x26)
    Font7x10                                 0x08006710   Data        1900  fonts.o(.rodata.Font7x10)
    [Anonymous Symbol]                       0x08006710   Section        0  fonts.o(.rodata.Font7x10)
    HAL_RCC_GetSysClockFreq.aPredivFactorTable 0x08006e7c   Data           2  stm32f1xx_hal_rcc.o(.rodata.HAL_RCC_GetSysClockFreq.aPredivFactorTable)
    [Anonymous Symbol]                       0x08006e7c   Section        0  stm32f1xx_hal_rcc.o(.rodata.HAL_RCC_GetSysClockFreq.aPredivFactorTable)
    HAL_RCC_GetSysClockFreq.aPLLMULFactorTable 0x08006e7e   Data          16  stm32f1xx_hal_rcc.o(.rodata.cst16)
    [Anonymous Symbol]                       0x08006e7e   Section        0  stm32f1xx_hal_rcc.o(.rodata.cst16)
    .L.str.11                                0x08006e8e   Data           6  tft.o(.rodata.str1.1)
    [Anonymous Symbol]                       0x08006e8e   Section        0  tft.o(.rodata.str1.1)
    .L.str.10                                0x08006e94   Data           5  tft.o(.rodata.str1.1)
    .L.str.13                                0x08006e99   Data           6  tft.o(.rodata.str1.1)
    .L.str                                   0x08006e9f   Data          10  tft.o(.rodata.str1.1)
    .L.str.3                                 0x08006ea9   Data           8  tft.o(.rodata.str1.1)
    .L.str.1                                 0x08006eb1   Data           9  tft.o(.rodata.str1.1)
    .L.str.2                                 0x08006eba   Data           8  tft.o(.rodata.str1.1)
    .L.str.8                                 0x08006ec2   Data          10  tft.o(.rodata.str1.1)
    .L.str.7                                 0x08006ecc   Data           9  tft.o(.rodata.str1.1)
    .L.str.9                                 0x08006ed5   Data           7  tft.o(.rodata.str1.1)
    .L.str.15                                0x08006edc   Data           5  tft.o(.rodata.str1.1)
    .L.str.1                                 0x08006ee1   Data           8  ui.o(.rodata.str1.1)
    [Anonymous Symbol]                       0x08006ee1   Section        0  ui.o(.rodata.str1.1)
    .L.str                                   0x08006ee5   Data           4  ui.o(.rodata.str1.1)
    .L.str.2                                 0x08006ee9   Data           4  ui.o(.rodata.str1.1)
    .L_MergedGlobals                         0x20000000   Data           8  stm32f1xx_hal.o(.data..L_MergedGlobals)
    [Anonymous Symbol]                       0x20000000   Section        0  stm32f1xx_hal.o(.data..L_MergedGlobals)
    .L_MergedGlobals                         0x20000008   Data          92  character.o(.data..L_MergedGlobals)
    [Anonymous Symbol]                       0x20000008   Section        0  character.o(.data..L_MergedGlobals)
    .L_MergedGlobals                         0x20000064   Data          51  user.o(.data..L_MergedGlobals)
    [Anonymous Symbol]                       0x20000064   Section        0  user.o(.data..L_MergedGlobals)
    .bss                                     0x20000298   Section       96  libspace.o(.bss)
    .L_MergedGlobals                         0x200002f8   Data          16  button.o(.bss..L_MergedGlobals)
    button_info.2                            0x200002f8   Data           4  button.o(.bss..L_MergedGlobals)
    [Anonymous Symbol]                       0x200002f8   Section        0  button.o(.bss..L_MergedGlobals)
    button_info.5                            0x200002fc   Data           4  button.o(.bss..L_MergedGlobals)
    button_info.8                            0x20000300   Data           4  button.o(.bss..L_MergedGlobals)
    button_info.11                           0x20000304   Data           4  button.o(.bss..L_MergedGlobals)
    .L_MergedGlobals                         0x20000308   Data          20  ui.o(.bss..L_MergedGlobals)
    [Anonymous Symbol]                       0x20000308   Section        0  ui.o(.bss..L_MergedGlobals)
    setting_confirm                          0x20000309   Data           1  ui.o(.bss..L_MergedGlobals)
    select_locked                            0x2000030a   Data           1  ui.o(.bss..L_MergedGlobals)
    battle_mode                              0x2000030b   Data           1  ui.o(.bss..L_MergedGlobals)
    setting_confirm_wait                     0x2000030c   Data           4  ui.o(.bss..L_MergedGlobals)
    battle_player                            0x20000310   Data           4  ui.o(.bss..L_MergedGlobals)
    battle_monster                           0x20000314   Data           4  ui.o(.bss..L_MergedGlobals)
    map_endless                              0x20000318   Data           4  ui.o(.bss..L_MergedGlobals)
    .L_MergedGlobals                         0x2000031c   Data          20  battle.o(.bss..L_MergedGlobals)
    current_battle.2                         0x2000031c   Data           1  battle.o(.bss..L_MergedGlobals)
    [Anonymous Symbol]                       0x2000031c   Section        0  battle.o(.bss..L_MergedGlobals)
    current_battle.3                         0x20000320   Data           1  battle.o(.bss..L_MergedGlobals)
    current_battle.4                         0x20000324   Data           2  battle.o(.bss..L_MergedGlobals)
    current_battle.0                         0x20000328   Data           4  battle.o(.bss..L_MergedGlobals)
    current_battle.1                         0x2000032c   Data           4  battle.o(.bss..L_MergedGlobals)
    Heap_Mem                                 0x200003e8   Data         512  startup_stm32f103xb.o(HEAP)
    HEAP                                     0x200003e8   Section      512  startup_stm32f103xb.o(HEAP)
    Stack_Mem                                0x200005e8   Data        1024  startup_stm32f103xb.o(STACK)
    STACK                                    0x200005e8   Section     1024  startup_stm32f103xb.o(STACK)
    __initial_sp                             0x200009e8   Data           0  startup_stm32f103xb.o(STACK)

    Global Symbols

    Symbol Name                              Value     Ov Type        Size  Object(Section)

    BuildAttributes$$THM_ISAv4$P$D$K$B$S$PE$A:L22UL41UL21$X:L11$S22US41US21$IEEE1$IW$~IW$USESV6$~STKCKD$USESV7$~SHL$OTIME$ROPI$EBA8$UX$STANDARDLIB$REQ8$PRES8$EABIv2 0x00000000   Number         0  anon$$obj.o ABSOLUTE
    __fp_init_empty                          0x00000000   Number         0  fpinit_empty.o ABSOLUTE
    _printf_flags                            0x00000000   Number         0  printf_stubs.o ABSOLUTE
    _printf_return_value                     0x00000000   Number         0  printf_stubs.o ABSOLUTE
    _printf_sizespec                         0x00000000   Number         0  printf_stubs.o ABSOLUTE
    _printf_widthprec                        0x00000000   Number         0  printf_stubs.o ABSOLUTE
    __ARM_exceptions_init                     - Undefined Weak Reference
    __alloca_initialize                       - Undefined Weak Reference
    __arm_preinit_                            - Undefined Weak Reference
    __arm_relocate_pie_                       - Undefined Weak Reference
    __cpp_initialize__aeabi_                  - Undefined Weak Reference
    __cxa_finalize                            - Undefined Weak Reference
    __rt_locale                               - Undefined Weak Reference
    __sigvec_lookup                           - Undefined Weak Reference
    _atexit_init                              - Undefined Weak Reference
    _call_atexit_fns                          - Undefined Weak Reference
    _clock_init                               - Undefined Weak Reference
    _fp_trap_init                             - Undefined Weak Reference
    _fp_trap_shutdown                         - Undefined Weak Reference
    _get_lc_collate                           - Undefined Weak Reference
    _get_lc_ctype                             - Undefined Weak Reference
    _get_lc_monetary                          - Undefined Weak Reference
    _get_lc_numeric                           - Undefined Weak Reference
    _get_lc_time                              - Undefined Weak Reference
    _getenv_init                              - Undefined Weak Reference
    _handle_redirection                       - Undefined Weak Reference
    _init_alloc                               - Undefined Weak Reference
    _init_user_alloc                          - Undefined Weak Reference
    _initio                                   - Undefined Weak Reference
    _printf_mbtowc                            - Undefined Weak Reference
    _printf_truncate_signed                   - Undefined Weak Reference
    _printf_truncate_unsigned                 - Undefined Weak Reference
    _rand_init                                - Undefined Weak Reference
    _signal_finish                            - Undefined Weak Reference
    _signal_init                              - Undefined Weak Reference
    _terminate_alloc                          - Undefined Weak Reference
    _terminate_user_alloc                     - Undefined Weak Reference
    _terminateio                              - Undefined Weak Reference
    __Vectors_Size                           0x000000ec   Number         0  startup_stm32f103xb.o ABSOLUTE
    __Vectors                                0x08000000   Data           4  startup_stm32f103xb.o(RESET)
    __Vectors_End                            0x080000ec   Data           0  startup_stm32f103xb.o(RESET)
    __main                                   0x080000ed   Thumb Code     8  __main.o(!!!main)
    __scatterload                            0x080000f5   Thumb Code     0  __scatter.o(!!!scatter)
    __scatterload_rt2                        0x080000f5   Thumb Code    84  __scatter.o(!!!scatter)
    __scatterload_rt2_thumb_only             0x080000f5   Thumb Code     0  __scatter.o(!!!scatter)
    __scatterload_loop                       0x080000ff   Thumb Code     0  __scatter.o(!!!scatter)
    __decompress                             0x08000151   Thumb Code    90  __dczerorl2.o(!!dczerorl2)
    __decompress1                            0x08000151   Thumb Code     0  __dczerorl2.o(!!dczerorl2)
    __scatterload_null                       0x080001ad   Thumb Code     2  __scatter.o(!!handler_null)
    __scatterload_zeroinit                   0x080001b1   Thumb Code    28  __scatter_zi.o(!!handler_zi)
    _printf_d                                0x080001cd   Thumb Code     0  _printf_d.o(.ARM.Collect$$_printf_percent$$00000009)
    _printf_percent                          0x080001cd   Thumb Code     0  _printf_percent.o(.ARM.Collect$$_printf_percent$$00000000)
    _printf_s                                0x080001d3   Thumb Code     0  _printf_s.o(.ARM.Collect$$_printf_percent$$00000014)
    _printf_percent_end                      0x080001d9   Thumb Code     0  _printf_percent_end.o(.ARM.Collect$$_printf_percent$$00000017)
    __rt_lib_init                            0x080001dd   Thumb Code     0  libinit.o(.ARM.Collect$$libinit$$00000000)
    __rt_lib_init_alloca_1                   0x080001df   Thumb Code     0  libinit2.o(.ARM.Collect$$libinit$$00000030)
    __rt_lib_init_argv_1                     0x080001df   Thumb Code     0  libinit2.o(.ARM.Collect$$libinit$$0000002E)
    __rt_lib_init_atexit_1                   0x080001df   Thumb Code     0  libinit2.o(.ARM.Collect$$libinit$$0000001D)
    __rt_lib_init_clock_1                    0x080001df   Thumb Code     0  libinit2.o(.ARM.Collect$$libinit$$00000023)
    __rt_lib_init_cpp_1                      0x080001df   Thumb Code     0  libinit2.o(.ARM.Collect$$libinit$$00000034)
    __rt_lib_init_exceptions_1               0x080001df   Thumb Code     0  libinit2.o(.ARM.Collect$$libinit$$00000032)
    __rt_lib_init_fp_1                       0x080001df   Thumb Code     0  libinit2.o(.ARM.Collect$$libinit$$00000002)
    __rt_lib_init_fp_trap_1                  0x080001df   Thumb Code     0  libinit2.o(.ARM.Collect$$libinit$$00000021)
    __rt_lib_init_getenv_1                   0x080001df   Thumb Code     0  libinit2.o(.ARM.Collect$$libinit$$00000025)
    __rt_lib_init_heap_1                     0x080001df   Thumb Code     0  libinit2.o(.ARM.Collect$$libinit$$0000000C)
    __rt_lib_init_lc_collate_1               0x080001df   Thumb Code     0  libinit2.o(.ARM.Collect$$libinit$$00000013)
    __rt_lib_init_lc_ctype_1                 0x080001df   Thumb Code     0  libinit2.o(.ARM.Collect$$libinit$$00000015)
    __rt_lib_init_lc_monetary_1              0x080001df   Thumb Code     0  libinit2.o(.ARM.Collect$$libinit$$00000017)
    __rt_lib_init_lc_numeric_1               0x080001df   Thumb Code     0  libinit2.o(.ARM.Collect$$libinit$$00000019)
    __rt_lib_init_lc_time_1                  0x080001df   Thumb Code     0  libinit2.o(.ARM.Collect$$libinit$$0000001B)
    __rt_lib_init_preinit_1                  0x080001df   Thumb Code     0  libinit2.o(.ARM.Collect$$libinit$$00000006)
    __rt_lib_init_rand_1                     0x080001df   Thumb Code     0  libinit2.o(.ARM.Collect$$libinit$$00000010)
    __rt_lib_init_relocate_pie_1             0x080001df   Thumb Code     0  libinit2.o(.ARM.Collect$$libinit$$00000004)
    __rt_lib_init_return                     0x080001df   Thumb Code     0  libinit2.o(.ARM.Collect$$libinit$$00000035)
    __rt_lib_init_signal_1                   0x080001df   Thumb Code     0  libinit2.o(.ARM.Collect$$libinit$$0000001F)
    __rt_lib_init_stdio_1                    0x080001df   Thumb Code     0  libinit2.o(.ARM.Collect$$libinit$$00000027)
    __rt_lib_init_user_alloc_1               0x080001df   Thumb Code     0  libinit2.o(.ARM.Collect$$libinit$$0000000E)
    __rt_lib_shutdown                        0x080001e1   Thumb Code     0  libshutdown.o(.ARM.Collect$$libshutdown$$00000000)
    __rt_lib_shutdown_cpp_1                  0x080001e3   Thumb Code     0  libshutdown2.o(.ARM.Collect$$libshutdown$$00000002)
    __rt_lib_shutdown_fp_trap_1              0x080001e3   Thumb Code     0  libshutdown2.o(.ARM.Collect$$libshutdown$$00000007)
    __rt_lib_shutdown_heap_1                 0x080001e3   Thumb Code     0  libshutdown2.o(.ARM.Collect$$libshutdown$$0000000F)
    __rt_lib_shutdown_return                 0x080001e3   Thumb Code     0  libshutdown2.o(.ARM.Collect$$libshutdown$$00000010)
    __rt_lib_shutdown_signal_1               0x080001e3   Thumb Code     0  libshutdown2.o(.ARM.Collect$$libshutdown$$0000000A)
    __rt_lib_shutdown_stdio_1                0x080001e3   Thumb Code     0  libshutdown2.o(.ARM.Collect$$libshutdown$$00000004)
    __rt_lib_shutdown_user_alloc_1           0x080001e3   Thumb Code     0  libshutdown2.o(.ARM.Collect$$libshutdown$$0000000C)
    __rt_entry                               0x080001e5   Thumb Code     0  __rtentry.o(.ARM.Collect$$rtentry$$00000000)
    __rt_entry_presh_1                       0x080001e5   Thumb Code     0  __rtentry2.o(.ARM.Collect$$rtentry$$00000002)
    __rt_entry_sh                            0x080001e5   Thumb Code     0  __rtentry4.o(.ARM.Collect$$rtentry$$00000004)
    __rt_entry_li                            0x080001eb   Thumb Code     0  __rtentry2.o(.ARM.Collect$$rtentry$$0000000A)
    __rt_entry_postsh_1                      0x080001eb   Thumb Code     0  __rtentry2.o(.ARM.Collect$$rtentry$$00000009)
    __rt_entry_main                          0x080001ef   Thumb Code     0  __rtentry2.o(.ARM.Collect$$rtentry$$0000000D)
    __rt_entry_postli_1                      0x080001ef   Thumb Code     0  __rtentry2.o(.ARM.Collect$$rtentry$$0000000C)
    __rt_exit                                0x080001f7   Thumb Code     0  rtexit.o(.ARM.Collect$$rtexit$$00000000)
    __rt_exit_ls                             0x080001f9   Thumb Code     0  rtexit2.o(.ARM.Collect$$rtexit$$00000003)
    __rt_exit_prels_1                        0x080001f9   Thumb Code     0  rtexit2.o(.ARM.Collect$$rtexit$$00000002)
    __rt_exit_exit                           0x080001fd   Thumb Code     0  rtexit2.o(.ARM.Collect$$rtexit$$00000004)
    Reset_Handler                            0x08000205   Thumb Code     8  startup_stm32f103xb.o(.text)
    ADC1_2_IRQHandler                        0x0800021f   Thumb Code     0  startup_stm32f103xb.o(.text)
    CAN1_RX1_IRQHandler                      0x0800021f   Thumb Code     0  startup_stm32f103xb.o(.text)
    CAN1_SCE_IRQHandler                      0x0800021f   Thumb Code     0  startup_stm32f103xb.o(.text)
    DMA1_Channel1_IRQHandler                 0x0800021f   Thumb Code     0  startup_stm32f103xb.o(.text)
    DMA1_Channel2_IRQHandler                 0x0800021f   Thumb Code     0  startup_stm32f103xb.o(.text)
    DMA1_Channel3_IRQHandler                 0x0800021f   Thumb Code     0  startup_stm32f103xb.o(.text)
    DMA1_Channel4_IRQHandler                 0x0800021f   Thumb Code     0  startup_stm32f103xb.o(.text)
    DMA1_Channel5_IRQHandler                 0x0800021f   Thumb Code     0  startup_stm32f103xb.o(.text)
    DMA1_Channel6_IRQHandler                 0x0800021f   Thumb Code     0  startup_stm32f103xb.o(.text)
    DMA1_Channel7_IRQHandler                 0x0800021f   Thumb Code     0  startup_stm32f103xb.o(.text)
    EXTI0_IRQHandler                         0x0800021f   Thumb Code     0  startup_stm32f103xb.o(.text)
    EXTI15_10_IRQHandler                     0x0800021f   Thumb Code     0  startup_stm32f103xb.o(.text)
    EXTI1_IRQHandler                         0x0800021f   Thumb Code     0  startup_stm32f103xb.o(.text)
    EXTI2_IRQHandler                         0x0800021f   Thumb Code     0  startup_stm32f103xb.o(.text)
    EXTI3_IRQHandler                         0x0800021f   Thumb Code     0  startup_stm32f103xb.o(.text)
    EXTI4_IRQHandler                         0x0800021f   Thumb Code     0  startup_stm32f103xb.o(.text)
    EXTI9_5_IRQHandler                       0x0800021f   Thumb Code     0  startup_stm32f103xb.o(.text)
    FLASH_IRQHandler                         0x0800021f   Thumb Code     0  startup_stm32f103xb.o(.text)
    I2C1_ER_IRQHandler                       0x0800021f   Thumb Code     0  startup_stm32f103xb.o(.text)
    I2C1_EV_IRQHandler                       0x0800021f   Thumb Code     0  startup_stm32f103xb.o(.text)
    I2C2_ER_IRQHandler                       0x0800021f   Thumb Code     0  startup_stm32f103xb.o(.text)
    I2C2_EV_IRQHandler                       0x0800021f   Thumb Code     0  startup_stm32f103xb.o(.text)
    PVD_IRQHandler                           0x0800021f   Thumb Code     0  startup_stm32f103xb.o(.text)
    RCC_IRQHandler                           0x0800021f   Thumb Code     0  startup_stm32f103xb.o(.text)
    RTC_Alarm_IRQHandler                     0x0800021f   Thumb Code     0  startup_stm32f103xb.o(.text)
    RTC_IRQHandler                           0x0800021f   Thumb Code     0  startup_stm32f103xb.o(.text)
    SPI1_IRQHandler                          0x0800021f   Thumb Code     0  startup_stm32f103xb.o(.text)
    SPI2_IRQHandler                          0x0800021f   Thumb Code     0  startup_stm32f103xb.o(.text)
    TAMPER_IRQHandler                        0x0800021f   Thumb Code     0  startup_stm32f103xb.o(.text)
    TIM1_BRK_IRQHandler                      0x0800021f   Thumb Code     0  startup_stm32f103xb.o(.text)
    TIM1_CC_IRQHandler                       0x0800021f   Thumb Code     0  startup_stm32f103xb.o(.text)
    TIM1_TRG_COM_IRQHandler                  0x0800021f   Thumb Code     0  startup_stm32f103xb.o(.text)
    TIM1_UP_IRQHandler                       0x0800021f   Thumb Code     0  startup_stm32f103xb.o(.text)
    TIM2_IRQHandler                          0x0800021f   Thumb Code     0  startup_stm32f103xb.o(.text)
    TIM3_IRQHandler                          0x0800021f   Thumb Code     0  startup_stm32f103xb.o(.text)
    TIM4_IRQHandler                          0x0800021f   Thumb Code     0  startup_stm32f103xb.o(.text)
    USART1_IRQHandler                        0x0800021f   Thumb Code     0  startup_stm32f103xb.o(.text)
    USART2_IRQHandler                        0x0800021f   Thumb Code     0  startup_stm32f103xb.o(.text)
    USART3_IRQHandler                        0x0800021f   Thumb Code     0  startup_stm32f103xb.o(.text)
    USBWakeUp_IRQHandler                     0x0800021f   Thumb Code     0  startup_stm32f103xb.o(.text)
    USB_HP_CAN1_TX_IRQHandler                0x0800021f   Thumb Code     0  startup_stm32f103xb.o(.text)
    USB_LP_CAN1_RX0_IRQHandler               0x0800021f   Thumb Code     0  startup_stm32f103xb.o(.text)
    WWDG_IRQHandler                          0x0800021f   Thumb Code     0  startup_stm32f103xb.o(.text)
    __user_initial_stackheap                 0x08000221   Thumb Code     0  startup_stm32f103xb.o(.text)
    __2sprintf                               0x08000245   Thumb Code    34  noretval__2sprintf.o(.text)
    _printf_pre_padding                      0x0800026d   Thumb Code    44  _printf_pad.o(.text)
    _printf_post_padding                     0x08000299   Thumb Code    34  _printf_pad.o(.text)
    _printf_str                              0x080002bb   Thumb Code    82  _printf_str.o(.text)
    _printf_int_dec                          0x0800030d   Thumb Code   104  _printf_dec.o(.text)
    __printf                                 0x08000385   Thumb Code   270  __printf_wp.o(.text)
    __use_two_region_memory                  0x08000493   Thumb Code     2  heapauxi.o(.text)
    __rt_heap_escrow$2region                 0x08000495   Thumb Code     2  heapauxi.o(.text)
    __rt_heap_expand$2region                 0x08000497   Thumb Code     2  heapauxi.o(.text)
    _printf_int_common                       0x08000499   Thumb Code   178  _printf_intcommon.o(.text)
    _printf_char_common                      0x08000557   Thumb Code    32  _printf_char_common.o(.text)
    _sputc                                   0x0800057d   Thumb Code    10  _sputc.o(.text)
    _printf_cs_common                        0x08000587   Thumb Code    20  _printf_char.o(.text)
    _printf_char                             0x0800059b   Thumb Code    16  _printf_char.o(.text)
    _printf_string                           0x080005ab   Thumb Code     8  _printf_char.o(.text)
    __user_setup_stackheap                   0x080005b3   Thumb Code    74  sys_stackheap_outer.o(.text)
    exit                                     0x080005fd   Thumb Code    18  exit.o(.text)
    __user_libspace                          0x08000611   Thumb Code     8  libspace.o(.text)
    __user_perproc_libspace                  0x08000611   Thumb Code     0  libspace.o(.text)
    __user_perthread_libspace                0x08000611   Thumb Code     0  libspace.o(.text)
    _sys_exit                                0x08000619   Thumb Code     8  sys_exit.o(.text)
    __I$use$semihosting                      0x08000625   Thumb Code     0  use_no_semi.o(.text)
    __use_no_semihosting_swi                 0x08000625   Thumb Code     2  use_no_semi.o(.text)
    __semihosting_library_function           0x08000627   Thumb Code     0  indicate_semi.o(.text)
    Battle_Attack_Monster                    0x08000629   Thumb Code    44  battle.o(.text.Battle_Attack_Monster)
    Battle_Attack_Player                     0x08000655   Thumb Code    72  battle.o(.text.Battle_Attack_Player)
    Battle_Count_HealPotion                  0x0800069d   Thumb Code    18  battle.o(.text.Battle_Count_HealPotion)
    Battle_Defending                         0x080006b1   Thumb Code    16  battle.o(.text.Battle_Defending)
    Battle_GetState                          0x080006c1   Thumb Code    12  battle.o(.text.Battle_GetState)
    Battle_Heal                              0x080006cd   Thumb Code    32  battle.o(.text.Battle_Heal)
    Battle_Start                             0x080006ed   Thumb Code    26  battle.o(.text.Battle_Start)
    BusFault_Handler                         0x08000709   Thumb Code     2  stm32f1xx_it.o(.text.BusFault_Handler)
    Button_Back                              0x0800070d   Thumb Code    14  button.o(.text.Button_Back)
    Button_Down                              0x0800071d   Thumb Code    12  button.o(.text.Button_Down)
    Button_Select                            0x08000729   Thumb Code    12  button.o(.text.Button_Select)
    Button_Up                                0x08000735   Thumb Code    12  button.o(.text.Button_Up)
    Campaign_NextStage                       0x08000741   Thumb Code    32  campaign.o(.text.Campaign_NextStage)
    Campaign_Reset                           0x08000761   Thumb Code    14  campaign.o(.text.Campaign_Reset)
    Character_Gain_Exp                       0x08000771   Thumb Code   472  character.o(.text.Character_Gain_Exp)
    Character_Reset                          0x08000949   Thumb Code   192  character.o(.text.Character_Reset)
    ClearBitMask                             0x08000a09   Thumb Code   190  rc522.o(.text.ClearBitMask)
    DebugMon_Handler                         0x08000ac9   Thumb Code     2  stm32f1xx_it.o(.text.DebugMon_Handler)
    HAL_Delay                                0x08000acd   Thumb Code    40  stm32f1xx_hal.o(.text.HAL_Delay)
    HAL_GPIO_Init                            0x08000af5   Thumb Code   526  stm32f1xx_hal_gpio.o(.text.HAL_GPIO_Init)
    HAL_GPIO_ReadPin                         0x08000d05   Thumb Code    10  stm32f1xx_hal_gpio.o(.text.HAL_GPIO_ReadPin)
    HAL_GPIO_WritePin                        0x08000d11   Thumb Code    10  stm32f1xx_hal_gpio.o(.text.HAL_GPIO_WritePin)
    HAL_GetTick                              0x08000d1d   Thumb Code    12  stm32f1xx_hal.o(.text.HAL_GetTick)
    HAL_IncTick                              0x08000d29   Thumb Code    26  stm32f1xx_hal.o(.text.HAL_IncTick)
    HAL_Init                                 0x08000d45   Thumb Code    38  stm32f1xx_hal.o(.text.HAL_Init)
    HAL_InitTick                             0x08000d6d   Thumb Code    72  stm32f1xx_hal.o(.text.HAL_InitTick)
    HAL_MspInit                              0x08000db5   Thumb Code    66  stm32f1xx_hal_msp.o(.text.HAL_MspInit)
    HAL_NVIC_SetPriority                     0x08000df9   Thumb Code    86  stm32f1xx_hal_cortex.o(.text.HAL_NVIC_SetPriority)
    HAL_NVIC_SetPriorityGrouping             0x08000e51   Thumb Code    32  stm32f1xx_hal_cortex.o(.text.HAL_NVIC_SetPriorityGrouping)
    HAL_RCC_ClockConfig                      0x08000e71   Thumb Code   442  stm32f1xx_hal_rcc.o(.text.HAL_RCC_ClockConfig)
    HAL_RCC_OscConfig                        0x0800102d   Thumb Code  1024  stm32f1xx_hal_rcc.o(.text.HAL_RCC_OscConfig)
    HAL_ReadButtons                          0x0800142d   Thumb Code   178  button.o(.text.HAL_ReadButtons)
    HAL_SPI_Init                             0x080014e1   Thumb Code   168  stm32f1xx_hal_spi.o(.text.HAL_SPI_Init)
    HAL_SPI_MspInit                          0x08001589   Thumb Code   204  stm32f1xx_hal_msp.o(.text.HAL_SPI_MspInit)
    HAL_SPI_Transmit                         0x08001655   Thumb Code   506  stm32f1xx_hal_spi.o(.text.HAL_SPI_Transmit)
    HAL_SPI_TransmitReceive                  0x08001851   Thumb Code   722  stm32f1xx_hal_spi.o(.text.HAL_SPI_TransmitReceive)
    HAL_SYSTICK_Config                       0x08001b25   Thumb Code    44  stm32f1xx_hal_cortex.o(.text.HAL_SYSTICK_Config)
    HardFault_Handler                        0x08001b51   Thumb Code     2  stm32f1xx_it.o(.text.HardFault_Handler)
    MFRC522_Anticoll                         0x08001b55   Thumb Code   158  rc522.o(.text.MFRC522_Anticoll)
    MFRC522_Init                             0x08001bf5   Thumb Code   632  rc522.o(.text.MFRC522_Init)
    MFRC522_Request                          0x08001e6d   Thumb Code   140  rc522.o(.text.MFRC522_Request)
    MFRC522_ToCard                           0x08001ef9   Thumb Code   976  rc522.o(.text.MFRC522_ToCard)
    MemManage_Handler                        0x080022c9   Thumb Code     2  stm32f1xx_it.o(.text.MemManage_Handler)
    Menu_Game                                0x080022cd   Thumb Code   134  tft.o(.text.Menu_Game)
    NMI_Handler                              0x08002355   Thumb Code     2  stm32f1xx_it.o(.text.NMI_Handler)
    PendSV_Handler                           0x08002359   Thumb Code     2  stm32f1xx_it.o(.text.PendSV_Handler)
    Rfid_TryReadUid                          0x0800235d   Thumb Code    54  rfid.o(.text.Rfid_TryReadUid)
    ST7789_DrawCircle                        0x080024b5   Thumb Code   320  st7789.o(.text.ST7789_DrawCircle)
    ST7789_DrawLine                          0x080025f5   Thumb Code   192  st7789.o(.text.ST7789_DrawLine)
    ST7789_DrawPixel                         0x080026b5   Thumb Code   120  st7789.o(.text.ST7789_DrawPixel)
    ST7789_Fill_Color                        0x0800272d   Thumb Code   154  st7789.o(.text.ST7789_Fill_Color)
    ST7789_Init                              0x080027c9   Thumb Code  1702  st7789.o(.text.ST7789_Init)
    ST7789_WriteChar                         0x08002fd9   Thumb Code   264  st7789.o(.text.ST7789_WriteChar)
    ST7789_WriteString                       0x080030e1   Thumb Code   146  st7789.o(.text.ST7789_WriteString)
    SVC_Handler                              0x08003175   Thumb Code     2  stm32f1xx_it.o(.text.SVC_Handler)
    SetBitMask                               0x08003179   Thumb Code   190  rc522.o(.text.SetBitMask)
    SysTick_Handler                          0x08003239   Thumb Code     4  stm32f1xx_it.o(.text.SysTick_Handler)
    SystemInit                               0x0800323d   Thumb Code     2  system_stm32f1xx.o(.text.SystemInit)
    Ui_Action                                0x08003241   Thumb Code   100  tft.o(.text.Ui_Action)
    Ui_Back_MenuGame                         0x080032a5   Thumb Code    38  ui.o(.text.Ui_Back_MenuGame)
    Ui_Battle_Page                           0x080034b5   Thumb Code   268  ui.o(.text.Ui_Battle_Page)
    Ui_Campaign_Map_Page                     0x080035d1   Thumb Code   256  tft.o(.text.Ui_Campaign_Map_Page)
    Ui_Confirm_Mode                          0x080036d9   Thumb Code   248  ui.o(.text.Ui_Confirm_Mode)
    Ui_Deselect_Action                       0x080037d1   Thumb Code   164  tft.o(.text.Ui_Deselect_Action)
    Ui_Deselect_Mode                         0x08003875   Thumb Code   164  tft.o(.text.Ui_Deselect_Mode)
    Ui_Display_Battle_Stat                   0x08003919   Thumb Code    54  ui.o(.text.Ui_Display_Battle_Stat)
    Ui_Endless_Map_Page                      0x08003951   Thumb Code   280  tft.o(.text.Ui_Endless_Map_Page)
    Ui_Monster_Appearance                    0x08003a89   Thumb Code   100  tft.o(.text.Ui_Monster_Appearance)
    Ui_Move_Action                           0x08003aed   Thumb Code    80  ui.o(.text.Ui_Move_Action)
    Ui_Move_Mode                             0x08003b3d   Thumb Code    80  ui.o(.text.Ui_Move_Mode)
    Ui_Player_Appearance                     0x08003b8d   Thumb Code    96  tft.o(.text.Ui_Player_Appearance)
    Ui_Player_Stats                          0x08003bed   Thumb Code   182  ui.o(.text.Ui_Player_Stats)
    Ui_PollWaitingScreen                     0x08003ca5   Thumb Code    72  ui.o(.text.Ui_PollWaitingScreen)
    Ui_Reset_Stat                            0x08003ced   Thumb Code   264  ui.o(.text.Ui_Reset_Stat)
    Ui_Select_Action                         0x08003e25   Thumb Code   164  tft.o(.text.Ui_Select_Action)
    Ui_Select_Mode                           0x08003ec9   Thumb Code   164  tft.o(.text.Ui_Select_Mode)
    Ui_Show_Setting                          0x08004039   Thumb Code   300  ui.o(.text.Ui_Show_Setting)
    Ui_Stats_Appearance                      0x080041e1   Thumb Code   208  tft.o(.text.Ui_Stats_Appearance)
    Ui_Update_Stats                          0x080042b9   Thumb Code   162  ui.o(.text.Ui_Update_Stats)
    UsageFault_Handler                       0x0800435d   Thumb Code     2  stm32f1xx_it.o(.text.UsageFault_Handler)
    User_FindUid                             0x08004361   Thumb Code   102  user.o(.text.User_FindUid)
    Waiting_Display                          0x080043c9   Thumb Code   108  tft.o(.text.Waiting_Display)
    main                                     0x08004459   Thumb Code   498  main.o(.text.main)
    _is_digit                                0x0800464b   Thumb Code    14  __printf_wp.o(i._is_digit)
    AHBPrescTable                            0x08004658   Data          16  system_stm32f1xx.o(.rodata.AHBPrescTable)
    Region$$Table$$Base                      0x08006ef0   Number         0  anon$$obj.o(Region$$Table)
    Region$$Table$$Limit                     0x08006f10   Number         0  anon$$obj.o(Region$$Table)
    uwTickFreq                               0x20000000   Data           1  stm32f1xx_hal.o(.data..L_MergedGlobals)
    uwTickPrio                               0x20000004   Data           4  stm32f1xx_hal.o(.data..L_MergedGlobals)
    character_count                          0x20000008   Data           1  character.o(.data..L_MergedGlobals)
    character_list                           0x2000000c   Data          88  character.o(.data..L_MergedGlobals)
    user_count                               0x20000064   Data           1  user.o(.data..L_MergedGlobals)
    list_user                                0x20000065   Data          50  user.o(.data..L_MergedGlobals)
    Font_11x18                               0x20000098   Data           8  fonts.o(.data.Font_11x18)
    Font_16x26                               0x200000a0   Data           8  fonts.o(.data.Font_16x26)
    Font_7x10                                0x200000a8   Data           8  fonts.o(.data.Font_7x10)
    SystemCoreClock                          0x200000b0   Data           4  system_stm32f1xx.o(.data.SystemCoreClock)
    campaign                                 0x200000b4   Data         205  campaign.o(.data.campaign)
    campaign_state_count                     0x20000181   Data           1  campaign.o(.data.campaign_state_count)
    character_list_default                   0x20000184   Data          88  character.o(.data.character_list_default)
    current_player                           0x200001dc   Data           1  ui.o(.data.current_player)
    monster_count                            0x200001dd   Data           1  add_monster.o(.data.monster_count)
    monster_list                             0x200001e0   Data         180  add_monster.o(.data.monster_list)
    select_action                            0x20000294   Data           1  ui.o(.data.select_action)
    select_mode                              0x20000295   Data           1  ui.o(.data.select_mode)
    __libspace_start                         0x20000298   Data          96  libspace.o(.bss)
    __temporary_stack_top$libspace           0x200002f8   Data           0  libspace.o(.bss)
    ui_page                                  0x20000308   Data           1  ui.o(.bss..L_MergedGlobals)
    current_state                            0x20000330   Data           1  campaign.o(.bss.current_state)
    hspi1                                    0x20000334   Data          88  main.o(.bss.hspi1)
    hspi2                                    0x2000038c   Data          88  main.o(.bss.hspi2)
    uwTick                                   0x200003e4   Data           4  stm32f1xx_hal.o(.bss.uwTick)



==============================================================================

Memory Map of the image

  Image Entry point : 0x080000ed

  Load Region LR_IROM1 (Base: 0x08000000, Size: 0x000071a8, Max: 0x00010000, ABSOLUTE, COMPRESSED[0x00007010])

    Execution Region ER_IROM1 (Exec base: 0x08000000, Load base: 0x08000000, Size: 0x00006f10, Max: 0x00010000, ABSOLUTE)

    Exec Addr    Load Addr    Size         Type   Attr      Idx    E Section Name        Object

    0x08000000   0x08000000   0x000000ec   Data   RO            3    RESET               startup_stm32f103xb.o
    0x080000ec   0x080000ec   0x00000008   Code   RO          860  * !!!main             c_w.l(__main.o)
    0x080000f4   0x080000f4   0x0000005c   Code   RO         1038    !!!scatter          c_w.l(__scatter.o)
    0x08000150   0x08000150   0x0000005a   Code   RO         1036    !!dczerorl2         c_w.l(__dczerorl2.o)
    0x080001aa   0x080001aa   0x00000002   PAD
    0x080001ac   0x080001ac   0x00000002   Code   RO         1039    !!handler_null      c_w.l(__scatter.o)
    0x080001ae   0x080001ae   0x00000002   PAD
    0x080001b0   0x080001b0   0x0000001c   Code   RO         1042    !!handler_zi        c_w.l(__scatter_zi.o)
    0x080001cc   0x080001cc   0x00000000   Code   RO          857    .ARM.Collect$$_printf_percent$$00000000  c_w.l(_printf_percent.o)
    0x080001cc   0x080001cc   0x00000006   Code   RO          856    .ARM.Collect$$_printf_percent$$00000009  c_w.l(_printf_d.o)
    0x080001d2   0x080001d2   0x00000006   Code   RO          855    .ARM.Collect$$_printf_percent$$00000014  c_w.l(_printf_s.o)
    0x080001d8   0x080001d8   0x00000004   Code   RO          871    .ARM.Collect$$_printf_percent$$00000017  c_w.l(_printf_percent_end.o)
    0x080001dc   0x080001dc   0x00000002   Code   RO          898    .ARM.Collect$$libinit$$00000000  c_w.l(libinit.o)
    0x080001de   0x080001de   0x00000000   Code   RO          905    .ARM.Collect$$libinit$$00000002  c_w.l(libinit2.o)
    0x080001de   0x080001de   0x00000000   Code   RO          907    .ARM.Collect$$libinit$$00000004  c_w.l(libinit2.o)
    0x080001de   0x080001de   0x00000000   Code   RO          909    .ARM.Collect$$libinit$$00000006  c_w.l(libinit2.o)
    0x080001de   0x080001de   0x00000000   Code   RO          912    .ARM.Collect$$libinit$$0000000C  c_w.l(libinit2.o)
    0x080001de   0x080001de   0x00000000   Code   RO          914    .ARM.Collect$$libinit$$0000000E  c_w.l(libinit2.o)
    0x080001de   0x080001de   0x00000000   Code   RO          916    .ARM.Collect$$libinit$$00000010  c_w.l(libinit2.o)
    0x080001de   0x080001de   0x00000000   Code   RO          919    .ARM.Collect$$libinit$$00000013  c_w.l(libinit2.o)
    0x080001de   0x080001de   0x00000000   Code   RO          921    .ARM.Collect$$libinit$$00000015  c_w.l(libinit2.o)
    0x080001de   0x080001de   0x00000000   Code   RO          923    .ARM.Collect$$libinit$$00000017  c_w.l(libinit2.o)
    0x080001de   0x080001de   0x00000000   Code   RO          925    .ARM.Collect$$libinit$$00000019  c_w.l(libinit2.o)
    0x080001de   0x080001de   0x00000000   Code   RO          927    .ARM.Collect$$libinit$$0000001B  c_w.l(libinit2.o)
    0x080001de   0x080001de   0x00000000   Code   RO          929    .ARM.Collect$$libinit$$0000001D  c_w.l(libinit2.o)
    0x080001de   0x080001de   0x00000000   Code   RO          931    .ARM.Collect$$libinit$$0000001F  c_w.l(libinit2.o)
    0x080001de   0x080001de   0x00000000   Code   RO          933    .ARM.Collect$$libinit$$00000021  c_w.l(libinit2.o)
    0x080001de   0x080001de   0x00000000   Code   RO          935    .ARM.Collect$$libinit$$00000023  c_w.l(libinit2.o)
    0x080001de   0x080001de   0x00000000   Code   RO          937    .ARM.Collect$$libinit$$00000025  c_w.l(libinit2.o)
    0x080001de   0x080001de   0x00000000   Code   RO          939    .ARM.Collect$$libinit$$00000027  c_w.l(libinit2.o)
    0x080001de   0x080001de   0x00000000   Code   RO          943    .ARM.Collect$$libinit$$0000002E  c_w.l(libinit2.o)
    0x080001de   0x080001de   0x00000000   Code   RO          945    .ARM.Collect$$libinit$$00000030  c_w.l(libinit2.o)
    0x080001de   0x080001de   0x00000000   Code   RO          947    .ARM.Collect$$libinit$$00000032  c_w.l(libinit2.o)
    0x080001de   0x080001de   0x00000000   Code   RO          949    .ARM.Collect$$libinit$$00000034  c_w.l(libinit2.o)
    0x080001de   0x080001de   0x00000002   Code   RO          950    .ARM.Collect$$libinit$$00000035  c_w.l(libinit2.o)
    0x080001e0   0x080001e0   0x00000002   Code   RO          972    .ARM.Collect$$libshutdown$$00000000  c_w.l(libshutdown.o)
    0x080001e2   0x080001e2   0x00000000   Code   RO          987    .ARM.Collect$$libshutdown$$00000002  c_w.l(libshutdown2.o)
    0x080001e2   0x080001e2   0x00000000   Code   RO          989    .ARM.Collect$$libshutdown$$00000004  c_w.l(libshutdown2.o)
    0x080001e2   0x080001e2   0x00000000   Code   RO          992    .ARM.Collect$$libshutdown$$00000007  c_w.l(libshutdown2.o)
    0x080001e2   0x080001e2   0x00000000   Code   RO          995    .ARM.Collect$$libshutdown$$0000000A  c_w.l(libshutdown2.o)
    0x080001e2   0x080001e2   0x00000000   Code   RO          997    .ARM.Collect$$libshutdown$$0000000C  c_w.l(libshutdown2.o)
    0x080001e2   0x080001e2   0x00000000   Code   RO         1000    .ARM.Collect$$libshutdown$$0000000F  c_w.l(libshutdown2.o)
    0x080001e2   0x080001e2   0x00000002   Code   RO         1001    .ARM.Collect$$libshutdown$$00000010  c_w.l(libshutdown2.o)
    0x080001e4   0x080001e4   0x00000000   Code   RO          862    .ARM.Collect$$rtentry$$00000000  c_w.l(__rtentry.o)
    0x080001e4   0x080001e4   0x00000000   Code   RO          873    .ARM.Collect$$rtentry$$00000002  c_w.l(__rtentry2.o)
    0x080001e4   0x080001e4   0x00000006   Code   RO          885    .ARM.Collect$$rtentry$$00000004  c_w.l(__rtentry4.o)
    0x080001ea   0x080001ea   0x00000000   Code   RO          875    .ARM.Collect$$rtentry$$00000009  c_w.l(__rtentry2.o)
    0x080001ea   0x080001ea   0x00000004   Code   RO          876    .ARM.Collect$$rtentry$$0000000A  c_w.l(__rtentry2.o)
    0x080001ee   0x080001ee   0x00000000   Code   RO          878    .ARM.Collect$$rtentry$$0000000C  c_w.l(__rtentry2.o)
    0x080001ee   0x080001ee   0x00000008   Code   RO          879    .ARM.Collect$$rtentry$$0000000D  c_w.l(__rtentry2.o)
    0x080001f6   0x080001f6   0x00000002   Code   RO          902    .ARM.Collect$$rtexit$$00000000  c_w.l(rtexit.o)
    0x080001f8   0x080001f8   0x00000000   Code   RO          952    .ARM.Collect$$rtexit$$00000002  c_w.l(rtexit2.o)
    0x080001f8   0x080001f8   0x00000004   Code   RO          953    .ARM.Collect$$rtexit$$00000003  c_w.l(rtexit2.o)
    0x080001fc   0x080001fc   0x00000006   Code   RO          954    .ARM.Collect$$rtexit$$00000004  c_w.l(rtexit2.o)
    0x08000202   0x08000202   0x00000002   PAD
    0x08000204   0x08000204   0x00000040   Code   RO            4    .text               startup_stm32f103xb.o
    0x08000244   0x08000244   0x00000028   Code   RO          825    .text               c_w.l(noretval__2sprintf.o)
    0x0800026c   0x0800026c   0x0000004e   Code   RO          829    .text               c_w.l(_printf_pad.o)
    0x080002ba   0x080002ba   0x00000052   Code   RO          831    .text               c_w.l(_printf_str.o)
    0x0800030c   0x0800030c   0x00000078   Code   RO          833    .text               c_w.l(_printf_dec.o)
    0x08000384   0x08000384   0x0000010e   Code   RO          843    .text               c_w.l(__printf_wp.o)
    0x08000492   0x08000492   0x00000006   Code   RO          858    .text               c_w.l(heapauxi.o)
    0x08000498   0x08000498   0x000000b2   Code   RO          863    .text               c_w.l(_printf_intcommon.o)
    0x0800054a   0x0800054a   0x00000002   PAD
    0x0800054c   0x0800054c   0x00000030   Code   RO          865    .text               c_w.l(_printf_char_common.o)
    0x0800057c   0x0800057c   0x0000000a   Code   RO          867    .text               c_w.l(_sputc.o)
    0x08000586   0x08000586   0x0000002c   Code   RO          869    .text               c_w.l(_printf_char.o)
    0x080005b2   0x080005b2   0x0000004a   Code   RO          889    .text               c_w.l(sys_stackheap_outer.o)
    0x080005fc   0x080005fc   0x00000012   Code   RO          891    .text               c_w.l(exit.o)
    0x0800060e   0x0800060e   0x00000002   PAD
    0x08000610   0x08000610   0x00000008   Code   RO          899    .text               c_w.l(libspace.o)
    0x08000618   0x08000618   0x0000000c   Code   RO          962    .text               c_w.l(sys_exit.o)
    0x08000624   0x08000624   0x00000002   Code   RO          977    .text               c_w.l(use_no_semi.o)
    0x08000626   0x08000626   0x00000000   Code   RO          979    .text               c_w.l(indicate_semi.o)
    0x08000626   0x08000626   0x00000002   PAD
    0x08000628   0x08000628   0x0000002c   Code   RO          795    .text.Battle_Attack_Monster  battle.o
    0x08000654   0x08000654   0x00000048   Code   RO          797    .text.Battle_Attack_Player  battle.o
    0x0800069c   0x0800069c   0x00000012   Code   RO          793    .text.Battle_Count_HealPotion  battle.o
    0x080006ae   0x080006ae   0x00000002   PAD
    0x080006b0   0x080006b0   0x00000010   Code   RO          789    .text.Battle_Defending  battle.o
    0x080006c0   0x080006c0   0x0000000c   Code   RO          801    .text.Battle_GetState  battle.o
    0x080006cc   0x080006cc   0x00000020   Code   RO          791    .text.Battle_Heal   battle.o
    0x080006ec   0x080006ec   0x0000001a   Code   RO          787    .text.Battle_Start  battle.o
    0x08000706   0x08000706   0x00000002   PAD
    0x08000708   0x08000708   0x00000002   Code   RO          139    .text.BusFault_Handler  stm32f1xx_it.o
    0x0800070a   0x0800070a   0x00000002   PAD
    0x0800070c   0x0800070c   0x0000000e   Code   RO          656    .text.Button_Back   button.o
    0x0800071a   0x0800071a   0x00000002   PAD
    0x0800071c   0x0800071c   0x0000000c   Code   RO          652    .text.Button_Down   button.o
    0x08000728   0x08000728   0x0000000c   Code   RO          654    .text.Button_Select  button.o
    0x08000734   0x08000734   0x0000000c   Code   RO          650    .text.Button_Up     button.o
    0x08000740   0x08000740   0x00000020   Code   RO          717    .text.Campaign_NextStage  campaign.o
    0x08000760   0x08000760   0x0000000e   Code   RO          719    .text.Campaign_Reset  campaign.o
    0x0800076e   0x0800076e   0x00000002   PAD
    0x08000770   0x08000770   0x000001d8   Code   RO          731    .text.Character_Gain_Exp  character.o
    0x08000948   0x08000948   0x000000c0   Code   RO          733    .text.Character_Reset  character.o
    0x08000a08   0x08000a08   0x000000be   Code   RO           31    .text.ClearBitMask  rc522.o
    0x08000ac6   0x08000ac6   0x00000002   PAD
    0x08000ac8   0x08000ac8   0x00000002   Code   RO          145    .text.DebugMon_Handler  stm32f1xx_it.o
    0x08000aca   0x08000aca   0x00000002   PAD
    0x08000acc   0x08000acc   0x00000028   Code   RO          320    .text.HAL_Delay     stm32f1xx_hal.o
    0x08000af4   0x08000af4   0x0000020e   Code   RO          412    .text.HAL_GPIO_Init  stm32f1xx_hal_gpio.o
    0x08000d02   0x08000d02   0x00000002   PAD
    0x08000d04   0x08000d04   0x0000000a   Code   RO          416    .text.HAL_GPIO_ReadPin  stm32f1xx_hal_gpio.o
    0x08000d0e   0x08000d0e   0x00000002   PAD
    0x08000d10   0x08000d10   0x0000000a   Code   RO          418    .text.HAL_GPIO_WritePin  stm32f1xx_hal_gpio.o
    0x08000d1a   0x08000d1a   0x00000002   PAD
    0x08000d1c   0x08000d1c   0x0000000c   Code   RO          312    .text.HAL_GetTick   stm32f1xx_hal.o
    0x08000d28   0x08000d28   0x0000001a   Code   RO          310    .text.HAL_IncTick   stm32f1xx_hal.o
    0x08000d42   0x08000d42   0x00000002   PAD
    0x08000d44   0x08000d44   0x00000026   Code   RO          300    .text.HAL_Init      stm32f1xx_hal.o
    0x08000d6a   0x08000d6a   0x00000002   PAD
    0x08000d6c   0x08000d6c   0x00000048   Code   RO          302    .text.HAL_InitTick  stm32f1xx_hal.o
    0x08000db4   0x08000db4   0x00000042   Code   RO          158    .text.HAL_MspInit   stm32f1xx_hal_msp.o
    0x08000df6   0x08000df6   0x00000002   PAD
    0x08000df8   0x08000df8   0x00000056   Code   RO          470    .text.HAL_NVIC_SetPriority  stm32f1xx_hal_cortex.o
    0x08000e4e   0x08000e4e   0x00000002   PAD
    0x08000e50   0x08000e50   0x00000020   Code   RO          468    .text.HAL_NVIC_SetPriorityGrouping  stm32f1xx_hal_cortex.o
    0x08000e70   0x08000e70   0x000001ba   Code   RO          364    .text.HAL_RCC_ClockConfig  stm32f1xx_hal_rcc.o
    0x0800102a   0x0800102a   0x00000002   PAD
    0x0800102c   0x0800102c   0x00000400   Code   RO          362    .text.HAL_RCC_OscConfig  stm32f1xx_hal_rcc.o
    0x0800142c   0x0800142c   0x000000b2   Code   RO          648    .text.HAL_ReadButtons  button.o
    0x080014de   0x080014de   0x00000002   PAD
    0x080014e0   0x080014e0   0x000000a8   Code   RO          186    .text.HAL_SPI_Init  stm32f1xx_hal_spi.o
    0x08001588   0x08001588   0x000000cc   Code   RO          160    .text.HAL_SPI_MspInit  stm32f1xx_hal_msp.o
    0x08001654   0x08001654   0x000001fa   Code   RO          194    .text.HAL_SPI_Transmit  stm32f1xx_hal_spi.o
    0x0800184e   0x0800184e   0x00000002   PAD
    0x08001850   0x08001850   0x000002d2   Code   RO          198    .text.HAL_SPI_TransmitReceive  stm32f1xx_hal_spi.o
    0x08001b22   0x08001b22   0x00000002   PAD
    0x08001b24   0x08001b24   0x0000002c   Code   RO          480    .text.HAL_SYSTICK_Config  stm32f1xx_hal_cortex.o
    0x08001b50   0x08001b50   0x00000002   Code   RO          135    .text.HardFault_Handler  stm32f1xx_it.o
    0x08001b52   0x08001b52   0x00000002   PAD
    0x08001b54   0x08001b54   0x0000009e   Code   RO           45    .text.MFRC522_Anticoll  rc522.o
    0x08001bf2   0x08001bf2   0x00000002   PAD
    0x08001bf4   0x08001bf4   0x00000278   Code   RO           39    .text.MFRC522_Init  rc522.o
    0x08001e6c   0x08001e6c   0x0000008c   Code   RO           43    .text.MFRC522_Request  rc522.o
    0x08001ef8   0x08001ef8   0x000003d0   Code   RO           41    .text.MFRC522_ToCard  rc522.o
    0x080022c8   0x080022c8   0x00000002   Code   RO          137    .text.MemManage_Handler  stm32f1xx_it.o
    0x080022ca   0x080022ca   0x00000002   PAD
    0x080022cc   0x080022cc   0x00000086   Code   RO          668    .text.Menu_Game     tft.o
    0x08002352   0x08002352   0x00000002   PAD
    0x08002354   0x08002354   0x00000002   Code   RO          133    .text.NMI_Handler   stm32f1xx_it.o
    0x08002356   0x08002356   0x00000002   PAD
    0x08002358   0x08002358   0x00000002   Code   RO          147    .text.PendSV_Handler  stm32f1xx_it.o
    0x0800235a   0x0800235a   0x00000002   PAD
    0x0800235c   0x0800235c   0x00000036   Code   RO          701    .text.Rfid_TryReadUid  rfid.o
    0x08002392   0x08002392   0x00000002   PAD
    0x08002394   0x08002394   0x00000120   Code   RO          290    .text.SPI_WaitFlagStateUntilTimeout  stm32f1xx_hal_spi.o
    0x080024b4   0x080024b4   0x00000140   Code   RO           85    .text.ST7789_DrawCircle  st7789.o
    0x080025f4   0x080025f4   0x000000c0   Code   RO           81    .text.ST7789_DrawLine  st7789.o
    0x080026b4   0x080026b4   0x00000078   Code   RO           75    .text.ST7789_DrawPixel  st7789.o
    0x0800272c   0x0800272c   0x0000009a   Code   RO           71    .text.ST7789_Fill_Color  st7789.o
    0x080027c6   0x080027c6   0x00000002   PAD
    0x080027c8   0x080027c8   0x000006a6   Code   RO           69    .text.ST7789_Init   st7789.o
    0x08002e6e   0x08002e6e   0x00000002   PAD
    0x08002e70   0x08002e70   0x00000166   Code   RO           73    .text.ST7789_SetAddressWindow  st7789.o
    0x08002fd6   0x08002fd6   0x00000002   PAD
    0x08002fd8   0x08002fd8   0x00000108   Code   RO           91    .text.ST7789_WriteChar  st7789.o
    0x080030e0   0x080030e0   0x00000092   Code   RO           93    .text.ST7789_WriteString  st7789.o
    0x08003172   0x08003172   0x00000002   PAD
    0x08003174   0x08003174   0x00000002   Code   RO          143    .text.SVC_Handler   stm32f1xx_it.o
    0x08003176   0x08003176   0x00000002   PAD
    0x08003178   0x08003178   0x000000be   Code   RO           29    .text.SetBitMask    rc522.o
    0x08003236   0x08003236   0x00000002   PAD
    0x08003238   0x08003238   0x00000004   Code   RO          149    .text.SysTick_Handler  stm32f1xx_it.o
    0x0800323c   0x0800323c   0x00000002   Code   RO          633    .text.SystemInit    system_stm32f1xx.o
    0x0800323e   0x0800323e   0x00000002   PAD
    0x08003240   0x08003240   0x00000064   Code   RO          672    .text.Ui_Action     tft.o
    0x080032a4   0x080032a4   0x00000026   Code   RO          769    .text.Ui_Back_MenuGame  ui.o
    0x080032ca   0x080032ca   0x00000002   PAD
    0x080032cc   0x080032cc   0x000001e8   Code   RO          763    .text.Ui_Battle_End  ui.o
    0x080034b4   0x080034b4   0x0000011c   Code   RO          761    .text.Ui_Battle_Page  ui.o
    0x080035d0   0x080035d0   0x00000108   Code   RO          690    .text.Ui_Campaign_Map_Page  tft.o
    0x080036d8   0x080036d8   0x000000f8   Code   RO          765    .text.Ui_Confirm_Mode  ui.o
    0x080037d0   0x080037d0   0x000000a4   Code   RO          688    .text.Ui_Deselect_Action  tft.o
    0x08003874   0x08003874   0x000000a4   Code   RO          684    .text.Ui_Deselect_Mode  tft.o
    0x08003918   0x08003918   0x00000036   Code   RO          759    .text.Ui_Display_Battle_Stat  ui.o
    0x0800394e   0x0800394e   0x00000002   PAD
    0x08003950   0x08003950   0x00000138   Code   RO          680    .text.Ui_Endless_Map_Page  tft.o
    0x08003a88   0x08003a88   0x00000064   Code   RO          674    .text.Ui_Monster_Appearance  tft.o
    0x08003aec   0x08003aec   0x00000050   Code   RO          747    .text.Ui_Move_Action  ui.o
    0x08003b3c   0x08003b3c   0x00000050   Code   RO          767    .text.Ui_Move_Mode  ui.o
    0x08003b8c   0x08003b8c   0x00000060   Code   RO          676    .text.Ui_Player_Appearance  tft.o
    0x08003bec   0x08003bec   0x000000b6   Code   RO          749    .text.Ui_Player_Stats  ui.o
    0x08003ca2   0x08003ca2   0x00000002   PAD
    0x08003ca4   0x08003ca4   0x00000048   Code   RO          745    .text.Ui_PollWaitingScreen  ui.o
    0x08003cec   0x08003cec   0x00000138   Code   RO          757    .text.Ui_Reset_Stat  ui.o
    0x08003e24   0x08003e24   0x000000a4   Code   RO          686    .text.Ui_Select_Action  tft.o
    0x08003ec8   0x08003ec8   0x000000a4   Code   RO          682    .text.Ui_Select_Mode  tft.o
    0x08003f6c   0x08003f6c   0x000000cc   Code   RO          771    .text.Ui_Show_Endless  ui.o
    0x08004038   0x08004038   0x000001a8   Code   RO          755    .text.Ui_Show_Setting  ui.o
    0x080041e0   0x080041e0   0x000000d8   Code   RO          678    .text.Ui_Stats_Appearance  tft.o
    0x080042b8   0x080042b8   0x000000a2   Code   RO          753    .text.Ui_Update_Stats  ui.o
    0x0800435a   0x0800435a   0x00000002   PAD
    0x0800435c   0x0800435c   0x00000002   Code   RO          141    .text.UsageFault_Handler  stm32f1xx_it.o
    0x0800435e   0x0800435e   0x00000002   PAD
    0x08004360   0x08004360   0x00000066   Code   RO          812    .text.User_FindUid  user.o
    0x080043c6   0x080043c6   0x00000002   PAD
    0x080043c8   0x080043c8   0x00000090   Code   RO          670    .text.Waiting_Display  tft.o
    0x08004458   0x08004458   0x000001f2   Code   RO          116    .text.main          main.o
    0x0800464a   0x0800464a   0x0000000e   Code   RO          845    i._is_digit         c_w.l(__printf_wp.o)
    0x08004658   0x08004658   0x00000010   Data   RO          638    .rodata.AHBPrescTable  system_stm32f1xx.o
    0x08004668   0x08004668   0x00000d5c   Data   RO           16    .rodata.Font11x18   fonts.o
    0x080053c4   0x080053c4   0x0000134c   Data   RO           17    .rodata.Font16x26   fonts.o
    0x08006710   0x08006710   0x0000076c   Data   RO           12    .rodata.Font7x10    fonts.o
    0x08006e7c   0x08006e7c   0x00000002   Data   RO          389    .rodata.HAL_RCC_GetSysClockFreq.aPredivFactorTable  stm32f1xx_hal_rcc.o
    0x08006e7e   0x08006e7e   0x00000010   Data   RO          388    .rodata.cst16       stm32f1xx_hal_rcc.o
    0x08006e8e   0x08006e8e   0x00000053   Data   RO          692    .rodata.str1.1      tft.o
    0x08006ee1   0x08006ee1   0x0000000c   Data   RO          777    .rodata.str1.1      ui.o
    0x08006eed   0x08006eed   0x00000003   PAD
    0x08006ef0   0x08006ef0   0x00000020   Data   RO         1035    Region$$Table       anon$$obj.o


    Execution Region RW_IRAM1 (Exec base: 0x20000000, Load base: 0x08006f10, Size: 0x000009e8, Max: 0x00005000, ABSOLUTE, COMPRESSED[0x00000100])

    Exec Addr    Load Addr    Size         Type   Attr      Idx    E Section Name        Object

    0x20000000   COMPRESSED   0x00000008   Data   RW          351    .data..L_MergedGlobals  stm32f1xx_hal.o
    0x20000008   COMPRESSED   0x0000005c   Data   RW          736    .data..L_MergedGlobals  character.o
    0x20000064   COMPRESSED   0x00000033   Data   RW          814    .data..L_MergedGlobals  user.o
    0x20000097   COMPRESSED   0x00000001   PAD
    0x20000098   COMPRESSED   0x00000008   Data   RW           14    .data.Font_11x18    fonts.o
    0x200000a0   COMPRESSED   0x00000008   Data   RW           15    .data.Font_16x26    fonts.o
    0x200000a8   COMPRESSED   0x00000008   Data   RW           13    .data.Font_7x10     fonts.o
    0x200000b0   COMPRESSED   0x00000004   Data   RW          637    .data.SystemCoreClock  system_stm32f1xx.o
    0x200000b4   COMPRESSED   0x000000cd   Data   RW          722    .data.campaign      campaign.o
    0x20000181   COMPRESSED   0x00000001   Data   RW          723    .data.campaign_state_count  campaign.o
    0x20000182   COMPRESSED   0x00000002   PAD
    0x20000184   COMPRESSED   0x00000058   Data   RW          735    .data.character_list_default  character.o
    0x200001dc   COMPRESSED   0x00000001   Data   RW          774    .data.current_player  ui.o
    0x200001dd   COMPRESSED   0x00000001   Data   RW          711    .data.monster_count  add_monster.o
    0x200001de   COMPRESSED   0x00000002   PAD
    0x200001e0   COMPRESSED   0x000000b4   Data   RW          710    .data.monster_list  add_monster.o
    0x20000294   COMPRESSED   0x00000001   Data   RW          776    .data.select_action  ui.o
    0x20000295   COMPRESSED   0x00000001   Data   RW          775    .data.select_mode   ui.o
    0x20000296   COMPRESSED   0x00000002   PAD
    0x20000298        -       0x00000060   Zero   RW          900    .bss                c_w.l(libspace.o)
    0x200002f8        -       0x00000010   Zero   RW          658    .bss..L_MergedGlobals  button.o
    0x20000308        -       0x00000014   Zero   RW          778    .bss..L_MergedGlobals  ui.o
    0x2000031c        -       0x00000014   Zero   RW          803    .bss..L_MergedGlobals  battle.o
    0x20000330        -       0x00000001   Zero   RW          721    .bss.current_state  campaign.o
    0x20000331   COMPRESSED   0x00000003   PAD
    0x20000334        -       0x00000058   Zero   RW          122    .bss.hspi1          main.o
    0x2000038c        -       0x00000058   Zero   RW          123    .bss.hspi2          main.o
    0x200003e4        -       0x00000004   Zero   RW          350    .bss.uwTick         stm32f1xx_hal.o
    0x200003e8        -       0x00000200   Zero   RW            2    HEAP                startup_stm32f103xb.o
    0x200005e8        -       0x00000400   Zero   RW            1    STACK               startup_stm32f103xb.o


==============================================================================

Image component sizes


      Code (inc. data)   RO Data    RW Data    ZI Data      Debug   Object Name

         0          0          0        181          0        795   add_monster.o
       220          0          0          0         20       2678   battle.o
       228          0          0          0         16       2398   button.o
        46          0          0        206          1        959   campaign.o
       664          0          0        180          0       2627   character.o
         0          0      10260         24          0        905   fonts.o
       498          0          0          0        176       6481   main.o
      2286          0          0          0          0      13534   rc522.o
        54          0          0          0          0        766   rfid.o
      3256          0          0          0          0      30133   st7789.o
        64         26        236          0       1536        780   startup_stm32f103xb.o
       188          0          0          8          4       5768   stm32f1xx_hal.o
       162          0          0          0          0       8423   stm32f1xx_hal_cortex.o
       546         22          0          0          0       4765   stm32f1xx_hal_gpio.o
       270          0          0          0          0       4691   stm32f1xx_hal_msp.o
      1466          0         18          0          0       8076   stm32f1xx_hal_rcc.o
      1684          0          0          0          0      23563   stm32f1xx_hal_spi.o
        20          0          0          0          0       1141   stm32f1xx_it.o
         2          0         16          4          0       1587   system_stm32f1xx.o
      2022         84         83          0          0       2986   tft.o
      2628        248         12          3         20       6358   ui.o
       102          0          0         51          0       1125   user.o

    ----------------------------------------------------------------------
     16482        380      10660        664       1776     130539   Object Totals
         0          0         32          0          0          0   (incl. Generated)
        76          0          3          7          3          0   (incl. Padding)

    ----------------------------------------------------------------------

      Code (inc. data)   RO Data    RW Data    ZI Data      Debug   Library Member Name

        90          0          0          0          0          0   __dczerorl2.o
         8          0          0          0          0         68   __main.o
       284          0          0          0          0        156   __printf_wp.o
         0          0          0          0          0          0   __rtentry.o
        12          0          0          0          0          0   __rtentry2.o
         6          0          0          0          0          0   __rtentry4.o
        94          8          0          0          0          0   __scatter.o
        28          0          0          0          0          0   __scatter_zi.o
        44          0          0          0          0        108   _printf_char.o
        48          6          0          0          0         96   _printf_char_common.o
         6          0          0          0          0          0   _printf_d.o
       120         16          0          0          0         92   _printf_dec.o
       178          0          0          0          0         88   _printf_intcommon.o
        78          0          0          0          0        108   _printf_pad.o
         0          0          0          0          0          0   _printf_percent.o
         4          0          0          0          0          0   _printf_percent_end.o
         6          0          0          0          0          0   _printf_s.o
        82          0          0          0          0         80   _printf_str.o
        10          0          0          0          0         68   _sputc.o
        18          0          0          0          0         80   exit.o
         6          0          0          0          0        152   heapauxi.o
         0          0          0          0          0          0   indicate_semi.o
         2          0          0          0          0          0   libinit.o
         2          0          0          0          0          0   libinit2.o
         2          0          0          0          0          0   libshutdown.o
         2          0          0          0          0          0   libshutdown2.o
         8          4          0          0         96         68   libspace.o
        40          6          0          0          0         84   noretval__2sprintf.o
         2          0          0          0          0          0   rtexit.o
        10          0          0          0          0          0   rtexit2.o
        12          4          0          0          0         68   sys_exit.o
        74          0          0          0          0         80   sys_stackheap_outer.o
         2          0          0          0          0         68   use_no_semi.o

    ----------------------------------------------------------------------
      1290         44          0          0         96       1464   Library Totals
        12          0          0          0          0          0   (incl. Padding)

    ----------------------------------------------------------------------

      Code (inc. data)   RO Data    RW Data    ZI Data      Debug   Library Name

      1278         44          0          0         96       1464   c_w.l

    ----------------------------------------------------------------------
      1290         44          0          0         96       1464   Library Totals

    ----------------------------------------------------------------------

==============================================================================


      Code (inc. data)   RO Data    RW Data    ZI Data      Debug   

     17772        424      10660        664       1872     131083   Grand Totals
     17772        424      10660        256       1872     131083   ELF Image Totals (compressed)
     17772        424      10660        256          0          0   ROM Totals

==============================================================================

    Total RO  Size (Code + RO Data)                28432 (  27.77kB)
    Total RW  Size (RW Data + ZI Data)              2536 (   2.48kB)
    Total ROM Size (Code + RO Data + RW Data)      28688 (  28.02kB)

==============================================================================

