Component: Arm Compiler for Embedded 6.24 Tool: armlink [5f371500]

==============================================================================

Section Cross References

    startup_stm32f103xb.o(STACK) refers (Special) to heapauxi.o(.text) for __use_two_region_memory
    startup_stm32f103xb.o(HEAP) refers (Special) to heapauxi.o(.text) for __use_two_region_memory
    startup_stm32f103xb.o(RESET) refers (Special) to heapauxi.o(.text) for __use_two_region_memory
    startup_stm32f103xb.o(RESET) refers to startup_stm32f103xb.o(STACK) for __initial_sp
    startup_stm32f103xb.o(RESET) refers to startup_stm32f103xb.o(.text) for Reset_Handler
    startup_stm32f103xb.o(RESET) refers to stm32f1xx_it.o(.text.NMI_Handler) for NMI_Handler
    startup_stm32f103xb.o(RESET) refers to stm32f1xx_it.o(.text.HardFault_Handler) for HardFault_Handler
    startup_stm32f103xb.o(RESET) refers to stm32f1xx_it.o(.text.MemManage_Handler) for MemManage_Handler
    startup_stm32f103xb.o(RESET) refers to stm32f1xx_it.o(.text.BusFault_Handler) for BusFault_Handler
    startup_stm32f103xb.o(RESET) refers to stm32f1xx_it.o(.text.UsageFault_Handler) for UsageFault_Handler
    startup_stm32f103xb.o(RESET) refers to stm32f1xx_it.o(.text.SVC_Handler) for SVC_Handler
    startup_stm32f103xb.o(RESET) refers to stm32f1xx_it.o(.text.DebugMon_Handler) for DebugMon_Handler
    startup_stm32f103xb.o(RESET) refers to stm32f1xx_it.o(.text.PendSV_Handler) for PendSV_Handler
    startup_stm32f103xb.o(RESET) refers to stm32f1xx_it.o(.text.SysTick_Handler) for SysTick_Handler
    startup_stm32f103xb.o(.text) refers (Special) to heapauxi.o(.text) for __use_two_region_memory
    startup_stm32f103xb.o(.text) refers to system_stm32f1xx.o(.text.SystemInit) for SystemInit
    startup_stm32f103xb.o(.text) refers to __main.o(!!!main) for __main
    startup_stm32f103xb.o(.text) refers to startup_stm32f103xb.o(HEAP) for Heap_Mem
    startup_stm32f103xb.o(.text) refers to startup_stm32f103xb.o(STACK) for Stack_Mem
    fonts.o(.data.Font_7x10) refers to fonts.o(.rodata.Font7x10) for [Anonymous Symbol]
    fonts.o(.data.Font_11x18) refers to fonts.o(.rodata.Font11x18) for [Anonymous Symbol]
    fonts.o(.data.Font_16x26) refers to fonts.o(.rodata.Font16x26) for [Anonymous Symbol]
    rc522.o(.text.RC522_SPI_Transfer) refers to main.o(.bss.hspi2) for hspi2
    rc522.o(.text.RC522_SPI_Transfer) refers to stm32f1xx_hal_spi.o(.text.HAL_SPI_TransmitReceive) for HAL_SPI_TransmitReceive
    rc522.o(.ARM.exidx.text.RC522_SPI_Transfer) refers to rc522.o(.text.RC522_SPI_Transfer) for [Anonymous Symbol]
    rc522.o(.text.Write_MFRC522) refers to stm32f1xx_hal_gpio.o(.text.HAL_GPIO_WritePin) for HAL_GPIO_WritePin
    rc522.o(.text.Write_MFRC522) refers to main.o(.bss.hspi2) for hspi2
    rc522.o(.text.Write_MFRC522) refers to stm32f1xx_hal_spi.o(.text.HAL_SPI_TransmitReceive) for HAL_SPI_TransmitReceive
    rc522.o(.ARM.exidx.text.Write_MFRC522) refers to rc522.o(.text.Write_MFRC522) for [Anonymous Symbol]
    rc522.o(.text.Read_MFRC522) refers to stm32f1xx_hal_gpio.o(.text.HAL_GPIO_WritePin) for HAL_GPIO_WritePin
    rc522.o(.text.Read_MFRC522) refers to main.o(.bss.hspi2) for hspi2
    rc522.o(.text.Read_MFRC522) refers to stm32f1xx_hal_spi.o(.text.HAL_SPI_TransmitReceive) for HAL_SPI_TransmitReceive
    rc522.o(.ARM.exidx.text.Read_MFRC522) refers to rc522.o(.text.Read_MFRC522) for [Anonymous Symbol]
    rc522.o(.text.SetBitMask) refers to stm32f1xx_hal_gpio.o(.text.HAL_GPIO_WritePin) for HAL_GPIO_WritePin
    rc522.o(.text.SetBitMask) refers to main.o(.bss.hspi2) for hspi2
    rc522.o(.text.SetBitMask) refers to stm32f1xx_hal_spi.o(.text.HAL_SPI_TransmitReceive) for HAL_SPI_TransmitReceive
    rc522.o(.ARM.exidx.text.SetBitMask) refers to rc522.o(.text.SetBitMask) for [Anonymous Symbol]
    rc522.o(.text.ClearBitMask) refers to stm32f1xx_hal_gpio.o(.text.HAL_GPIO_WritePin) for HAL_GPIO_WritePin
    rc522.o(.text.ClearBitMask) refers to main.o(.bss.hspi2) for hspi2
    rc522.o(.text.ClearBitMask) refers to stm32f1xx_hal_spi.o(.text.HAL_SPI_TransmitReceive) for HAL_SPI_TransmitReceive
    rc522.o(.ARM.exidx.text.ClearBitMask) refers to rc522.o(.text.ClearBitMask) for [Anonymous Symbol]
    rc522.o(.text.AntennaOn) refers to stm32f1xx_hal_gpio.o(.text.HAL_GPIO_WritePin) for HAL_GPIO_WritePin
    rc522.o(.text.AntennaOn) refers to main.o(.bss.hspi2) for hspi2
    rc522.o(.text.AntennaOn) refers to stm32f1xx_hal_spi.o(.text.HAL_SPI_TransmitReceive) for HAL_SPI_TransmitReceive
    rc522.o(.text.AntennaOn) refers to rc522.o(.text.SetBitMask) for SetBitMask
    rc522.o(.ARM.exidx.text.AntennaOn) refers to rc522.o(.text.AntennaOn) for [Anonymous Symbol]
    rc522.o(.text.AntennaOff) refers to rc522.o(.text.ClearBitMask) for ClearBitMask
    rc522.o(.ARM.exidx.text.AntennaOff) refers to rc522.o(.text.AntennaOff) for [Anonymous Symbol]
    rc522.o(.text.MFRC522_Reset) refers to stm32f1xx_hal_gpio.o(.text.HAL_GPIO_WritePin) for HAL_GPIO_WritePin
[...]
    Removing stm32f1xx_hal_cortex.o(.text.HAL_NVIC_GetPendingIRQ), (38 bytes).
    Removing stm32f1xx_hal_cortex.o(.ARM.exidx.text.HAL_NVIC_GetPendingIRQ), (8 bytes).
    Removing stm32f1xx_hal_cortex.o(.text.HAL_NVIC_ClearPendingIRQ), (34 bytes).
    Removing stm32f1xx_hal_cortex.o(.ARM.exidx.text.HAL_NVIC_ClearPendingIRQ), (8 bytes).
    Removing stm32f1xx_hal_cortex.o(.text.HAL_NVIC_GetActive), (38 bytes).
    Removing stm32f1xx_hal_cortex.o(.ARM.exidx.text.HAL_NVIC_GetActive), (8 bytes).
    Removing stm32f1xx_hal_cortex.o(.text.HAL_SYSTICK_CLKSourceConfig), (24 bytes).
    Removing stm32f1xx_hal_cortex.o(.ARM.exidx.text.HAL_SYSTICK_CLKSourceConfig), (8 bytes).
    Removing stm32f1xx_hal_cortex.o(.text.HAL_SYSTICK_IRQHandler), (4 bytes).
    Removing stm32f1xx_hal_cortex.o(.ARM.exidx.text.HAL_SYSTICK_IRQHandler), (8 bytes).
    Removing stm32f1xx_hal_cortex.o(.text.HAL_SYSTICK_Callback), (2 bytes).
    Removing stm32f1xx_hal_cortex.o(.ARM.exidx.text.HAL_SYSTICK_Callback), (8 bytes).
    Removing stm32f1xx_hal_pwr.o(.text), (0 bytes).
    Removing stm32f1xx_hal_pwr.o(.text.HAL_PWR_DeInit), (26 bytes).
    Removing stm32f1xx_hal_pwr.o(.ARM.exidx.text.HAL_PWR_DeInit), (8 bytes).
    Removing stm32f1xx_hal_pwr.o(.text.HAL_PWR_EnableBkUpAccess), (12 bytes).
    Removing stm32f1xx_hal_pwr.o(.ARM.exidx.text.HAL_PWR_EnableBkUpAccess), (8 bytes).
    Removing stm32f1xx_hal_pwr.o(.text.HAL_PWR_DisableBkUpAccess), (12 bytes).
    Removing stm32f1xx_hal_pwr.o(.ARM.exidx.text.HAL_PWR_DisableBkUpAccess), (8 bytes).
    Removing stm32f1xx_hal_pwr.o(.text.HAL_PWR_ConfigPVD), (130 bytes).
    Removing stm32f1xx_hal_pwr.o(.ARM.exidx.text.HAL_PWR_ConfigPVD), (8 bytes).
    Removing stm32f1xx_hal_pwr.o(.text.HAL_PWR_EnablePVD), (12 bytes).
    Removing stm32f1xx_hal_pwr.o(.ARM.exidx.text.HAL_PWR_EnablePVD), (8 bytes).
    Removing stm32f1xx_hal_pwr.o(.text.HAL_PWR_DisablePVD), (12 bytes).
    Removing stm32f1xx_hal_pwr.o(.ARM.exidx.text.HAL_PWR_DisablePVD), (8 bytes).
    Removing stm32f1xx_hal_pwr.o(.text.HAL_PWR_EnableWakeUpPin), (22 bytes).
    Removing stm32f1xx_hal_pwr.o(.ARM.exidx.text.HAL_PWR_EnableWakeUpPin), (8 bytes).
    Removing stm32f1xx_hal_pwr.o(.text.HAL_PWR_DisableWakeUpPin), (22 bytes).
    Removing stm32f1xx_hal_pwr.o(.ARM.exidx.text.HAL_PWR_DisableWakeUpPin), (8 bytes).
    Removing stm32f1xx_hal_pwr.o(.text.HAL_PWR_EnterSLEEPMode), (30 bytes).
    Removing stm32f1xx_hal_pwr.o(.ARM.exidx.text.HAL_PWR_EnterSLEEPMode), (8 bytes).
    Removing stm32f1xx_hal_pwr.o(.text.HAL_PWR_EnterSTOPMode), (80 bytes).
    Removing stm32f1xx_hal_pwr.o(.ARM.exidx.text.HAL_PWR_EnterSTOPMode), (8 bytes).
    Removing stm32f1xx_hal_pwr.o(.text.PWR_OverloadWfe), (6 bytes).
    Removing stm32f1xx_hal_pwr.o(.ARM.exidx.text.PWR_OverloadWfe), (8 bytes).
    Removing stm32f1xx_hal_pwr.o(.text.HAL_PWR_EnterSTANDBYMode), (36 bytes).
    Removing stm32f1xx_hal_pwr.o(.ARM.exidx.text.HAL_PWR_EnterSTANDBYMode), (8 bytes).
    Removing stm32f1xx_hal_pwr.o(.text.HAL_PWR_EnableSleepOnExit), (18 bytes).
    Removing stm32f1xx_hal_pwr.o(.ARM.exidx.text.HAL_PWR_EnableSleepOnExit), (8 bytes).
    Removing stm32f1xx_hal_pwr.o(.text.HAL_PWR_DisableSleepOnExit), (18 bytes).
    Removing stm32f1xx_hal_pwr.o(.ARM.exidx.text.HAL_PWR_DisableSleepOnExit), (8 bytes).
    Removing stm32f1xx_hal_pwr.o(.text.HAL_PWR_EnableSEVOnPend), (18 bytes).
    Removing stm32f1xx_hal_pwr.o(.ARM.exidx.text.HAL_PWR_EnableSEVOnPend), (8 bytes).
    Removing stm32f1xx_hal_pwr.o(.text.HAL_PWR_DisableSEVOnPend), (18 bytes).
    Removing stm32f1xx_hal_pwr.o(.ARM.exidx.text.HAL_PWR_DisableSEVOnPend), (8 bytes).
    Removing stm32f1xx_hal_pwr.o(.text.HAL_PWR_PVD_IRQHandler), (30 bytes).
    Removing stm32f1xx_hal_pwr.o(.ARM.exidx.text.HAL_PWR_PVD_IRQHandler), (8 bytes).
    Removing stm32f1xx_hal_pwr.o(.text.HAL_PWR_PVDCallback), (2 bytes).
    Removing stm32f1xx_hal_pwr.o(.ARM.exidx.text.HAL_PWR_PVDCallback), (8 bytes).
    Removing stm32f1xx_hal_flash.o(.text), (0 bytes).
    Removing stm32f1xx_hal_flash.o(.text.HAL_FLASH_Program), (278 bytes).
    Removing stm32f1xx_hal_flash.o(.ARM.exidx.text.HAL_FLASH_Program), (8 bytes).
    Removing stm32f1xx_hal_flash.o(.text.FLASH_WaitForLastOperation), (198 bytes).
    Removing stm32f1xx_hal_flash.o(.ARM.exidx.text.FLASH_WaitForLastOperation), (8 bytes).
    Removing stm32f1xx_hal_flash.o(.text.HAL_FLASH_Program_IT), (92 bytes).
    Removing stm32f1xx_hal_flash.o(.ARM.exidx.text.HAL_FLASH_Program_IT), (8 bytes).
    Removing stm32f1xx_hal_flash.o(.text.HAL_FLASH_IRQHandler), (368 bytes).
    Removing stm32f1xx_hal_flash.o(.ARM.exidx.text.HAL_FLASH_IRQHandler), (8 bytes).
    Removing stm32f1xx_hal_flash.o(.text.HAL_FLASH_OperationErrorCallback), (2 bytes).
    Removing stm32f1xx_hal_flash.o(.ARM.exidx.text.HAL_FLASH_OperationErrorCallback), (8 bytes).
    Removing stm32f1xx_hal_flash.o(.text.HAL_FLASH_EndOfOperationCallback), (2 bytes).
    Removing stm32f1xx_hal_flash.o(.ARM.exidx.text.HAL_FLASH_EndOfOperationCallback), (8 bytes).
    Removing stm32f1xx_hal_flash.o(.text.HAL_FLASH_Unlock), (46 bytes).
    Removing stm32f1xx_hal_flash.o(.ARM.exidx.text.HAL_FLASH_Unlock), (8 bytes).
    Removing stm32f1xx_hal_flash.o(.text.HAL_FLASH_Lock), (20 bytes).
    Removing stm32f1xx_hal_flash.o(.ARM.exidx.text.HAL_FLASH_Lock), (8 bytes).
    Removing stm32f1xx_hal_flash.o(.text.HAL_FLASH_OB_Unlock), (42 bytes).
    Removing stm32f1xx_hal_flash.o(.ARM.exidx.text.HAL_FLASH_OB_Unlock), (8 bytes).
    Removing stm32f1xx_hal_flash.o(.text.HAL_FLASH_OB_Lock), (20 bytes).
    Removing stm32f1xx_hal_flash.o(.ARM.exidx.text.HAL_FLASH_OB_Lock), (8 bytes).
    Removing stm32f1xx_hal_flash.o(.text.HAL_FLASH_OB_Launch), (4 bytes).
    Removing stm32f1xx_hal_flash.o(.ARM.exidx.text.HAL_FLASH_OB_Launch), (8 bytes).
    Removing stm32f1xx_hal_flash.o(.text.HAL_FLASH_GetError), (12 bytes).
    Removing stm32f1xx_hal_flash.o(.ARM.exidx.text.HAL_FLASH_GetError), (8 bytes).
    Removing stm32f1xx_hal_flash.o(.bss.pFlash), (32 bytes).
    Removing stm32f1xx_hal_flash_ex.o(.text), (0 bytes).
    Removing stm32f1xx_hal_flash_ex.o(.text.HAL_FLASHEx_Erase), (238 bytes).
    Removing stm32f1xx_hal_flash_ex.o(.ARM.exidx.text.HAL_FLASHEx_Erase), (8 bytes).
    Removing stm32f1xx_hal_flash_ex.o(.text.FLASH_PageErase), (40 bytes).
    Removing stm32f1xx_hal_flash_ex.o(.ARM.exidx.text.FLASH_PageErase), (8 bytes).
    Removing stm32f1xx_hal_flash_ex.o(.text.HAL_FLASHEx_Erase_IT), (98 bytes).
    Removing stm32f1xx_hal_flash_ex.o(.ARM.exidx.text.HAL_FLASHEx_Erase_IT), (8 bytes).
    Removing stm32f1xx_hal_flash_ex.o(.text.HAL_FLASHEx_OBErase), (172 bytes).
    Removing stm32f1xx_hal_flash_ex.o(.ARM.exidx.text.HAL_FLASHEx_OBErase), (8 bytes).
    Removing stm32f1xx_hal_flash_ex.o(.text.HAL_FLASHEx_OBProgram), (722 bytes).
    Removing stm32f1xx_hal_flash_ex.o(.ARM.exidx.text.HAL_FLASHEx_OBProgram), (8 bytes).
    Removing stm32f1xx_hal_flash_ex.o(.text.HAL_FLASHEx_OBGetConfig), (42 bytes).
    Removing stm32f1xx_hal_flash_ex.o(.ARM.exidx.text.HAL_FLASHEx_OBGetConfig), (8 bytes).
    Removing stm32f1xx_hal_flash_ex.o(.text.HAL_FLASHEx_OBGetUserData), (34 bytes).
    Removing stm32f1xx_hal_flash_ex.o(.ARM.exidx.text.HAL_FLASHEx_OBGetUserData), (8 bytes).
    Removing stm32f1xx_hal_exti.o(.text), (0 bytes).
    Removing stm32f1xx_hal_exti.o(.text.HAL_EXTI_SetConfigLine), (186 bytes).
    Removing stm32f1xx_hal_exti.o(.ARM.exidx.text.HAL_EXTI_SetConfigLine), (8 bytes).
    Removing stm32f1xx_hal_exti.o(.text.HAL_EXTI_GetConfigLine), (148 bytes).
    Removing stm32f1xx_hal_exti.o(.ARM.exidx.text.HAL_EXTI_GetConfigLine), (8 bytes).
    Removing stm32f1xx_hal_exti.o(.text.HAL_EXTI_ClearConfigLine), (140 bytes).
    Removing stm32f1xx_hal_exti.o(.ARM.exidx.text.HAL_EXTI_ClearConfigLine), (8 bytes).
    Removing stm32f1xx_hal_exti.o(.text.HAL_EXTI_RegisterCallback), (12 bytes).
    Removing stm32f1xx_hal_exti.o(.ARM.exidx.text.HAL_EXTI_RegisterCallback), (8 bytes).
    Removing stm32f1xx_hal_exti.o(.text.HAL_EXTI_GetHandle), (12 bytes).
    Removing stm32f1xx_hal_exti.o(.ARM.exidx.text.HAL_EXTI_GetHandle), (8 bytes).
    Removing stm32f1xx_hal_exti.o(.text.HAL_EXTI_IRQHandler), (42 bytes).
    Removing stm32f1xx_hal_exti.o(.ARM.exidx.text.HAL_EXTI_IRQHandler), (8 bytes).
    Removing stm32f1xx_hal_exti.o(.text.HAL_EXTI_GetPending), (26 bytes).
    Removing stm32f1xx_hal_exti.o(.ARM.exidx.text.HAL_EXTI_GetPending), (8 bytes).
    Removing stm32f1xx_hal_exti.o(.text.HAL_EXTI_ClearPending), (24 bytes).
    Removing stm32f1xx_hal_exti.o(.ARM.exidx.text.HAL_EXTI_ClearPending), (8 bytes).
    Removing stm32f1xx_hal_exti.o(.text.HAL_EXTI_GenerateSWI), (24 bytes).
    Removing stm32f1xx_hal_exti.o(.ARM.exidx.text.HAL_EXTI_GenerateSWI), (8 bytes).
    Removing system_stm32f1xx.o(.text), (0 bytes).
    Removing system_stm32f1xx.o(.ARM.exidx.text.SystemInit), (8 bytes).
    Removing system_stm32f1xx.o(.text.SystemCoreClockUpdate), (92 bytes).
    Removing system_stm32f1xx.o(.ARM.exidx.text.SystemCoreClockUpdate), (8 bytes).
    Removing system_stm32f1xx.o(.rodata.APBPrescTable), (8 bytes).
    Removing button.o(.text), (0 bytes).
    Removing button.o(.ARM.exidx.text.Button_Up), (8 bytes).
    Removing button.o(.ARM.exidx.text.Button_Down), (8 bytes).
    Removing button.o(.ARM.exidx.text.Button_Select), (8 bytes).
    Removing button.o(.text.Button_Back), (24 bytes).
    Removing button.o(.ARM.exidx.text.Button_Back), (8 bytes).
    Removing led.o(.text), (0 bytes).
    Removing ui.o(.text), (0 bytes).
    Removing ui.o(.text.Read_Card), (68 bytes).
    Removing ui.o(.ARM.exidx.text.Read_Card), (8 bytes).
    Removing ui.o(.text.Menu_Game), (134 bytes).
    Removing ui.o(.ARM.exidx.text.Menu_Game), (8 bytes).
    Removing ui.o(.ARM.exidx.text.Waiting_Display), (8 bytes).
    Removing ui.o(.ARM.exidx.text.Check_Card), (8 bytes).
    Removing ui.o(.ARM.exidx.text.Ui_Select_Mode), (8 bytes).
    Removing ui.o(.text.Ui_Deselect_Mode), (164 bytes).
    Removing ui.o(.ARM.exidx.text.Ui_Deselect_Mode), (8 bytes).
    Removing ui.o(.text.Ui_Select_Action), (164 bytes).
    Removing ui.o(.ARM.exidx.text.Ui_Select_Action), (8 bytes).
    Removing ui.o(.text.Ui_Deselect_Action), (164 bytes).
    Removing ui.o(.ARM.exidx.text.Ui_Deselect_Action), (8 bytes).
    Removing ui.o(.ARM.exidx.text.Ui_Move_Action), (8 bytes).
    Removing ui.o(.text.Ui_Action), (100 bytes).
    Removing ui.o(.ARM.exidx.text.Ui_Action), (8 bytes).
    Removing ui.o(.text.Ui_Monster_Appearance), (100 bytes).
    Removing ui.o(.ARM.exidx.text.Ui_Monster_Appearance), (8 bytes).
    Removing ui.o(.text.Ui_Player_Appearance), (96 bytes).
    Removing ui.o(.ARM.exidx.text.Ui_Player_Appearance), (8 bytes).
    Removing ui.o(.ARM.exidx.text.Ui_Stats_Appearance), (8 bytes).
    Removing ui.o(.ARM.exidx.text.Ui_Player_Stats), (8 bytes).
    Removing ui.o(.text.Ui_Monster_Stats), (162 bytes).
    Removing ui.o(.ARM.exidx.text.Ui_Monster_Stats), (8 bytes).
    Removing ui.o(.ARM.exidx.text.Ui_Update_Stats), (8 bytes).
    Removing ui.o(.ARM.exidx.text.Ui_Battle_Page), (8 bytes).
    Removing ui.o(.ARM.exidx.text.Ui_Campaign_Page), (8 bytes).
    Removing ui.o(.text.Ui_Endless_Page), (52 bytes).
    Removing ui.o(.ARM.exidx.text.Ui_Endless_Page), (8 bytes).
    Removing ui.o(.text.Ui_Setting_Page), (52 bytes).
    Removing ui.o(.ARM.exidx.text.Ui_Setting_Page), (8 bytes).
    Removing ui.o(.ARM.exidx.text.Ui_Confirm_Mode), (8 bytes).
    Removing ui.o(.ARM.exidx.text.Ui_Move_Mode), (8 bytes).
    Removing ui.o(.bss.card), (1 bytes).
    Removing user.o(.text), (0 bytes).
    Removing user.o(.ARM.exidx.text.Find_Uid), (8 bytes).
    Removing character.o(.text), (0 bytes).
    Removing character.o(.data.character_count), (1 bytes).
    Removing add_monster.o(.text), (0 bytes).
    Removing add_monster.o(.data.monster_count), (1 bytes).
    Removing battle.o(.text), (0 bytes).
    Removing battle.o(.ARM.exidx.text.Battle_Start), (8 bytes).
    Removing battle.o(.ARM.exidx.text.Battle_Player_Attack), (8 bytes).
    Removing battle.o(.ARM.exidx.text.Battle_Monster_Attack), (8 bytes).
    Removing battle.o(.text.Battle_Update), (56 bytes).
    Removing battle.o(.ARM.exidx.text.Battle_Update), (8 bytes).
    Removing battle.o(.ARM.exidx.text.Battle_GetState), (8 bytes).
    Removing campaign.o(.text), (0 bytes).
    Removing campaign.o(.text.Campaign_NextStage), (32 bytes).
    Removing campaign.o(.ARM.exidx.text.Campaign_NextStage), (8 bytes).
    Removing campaign.o(.text.Campaign_Reset), (14 bytes).
    Removing campaign.o(.ARM.exidx.text.Campaign_Reset), (8 bytes).
    Removing campaign.o(.data.campaign_state_count), (1 bytes).

511 unused section(s) (total 61600 bytes) removed from the image.

==============================================================================

Image Symbol Table

    Local Symbols

    Symbol Name                              Value     Ov Type        Size  Object(Section)

    ../clib/angel/boardlib.s                 0x00000000   Number         0  boardinit1.o ABSOLUTE
    ../clib/angel/boardlib.s                 0x00000000   Number         0  boardinit2.o ABSOLUTE
    ../clib/angel/boardlib.s                 0x00000000   Number         0  boardinit3.o ABSOLUTE
    ../clib/angel/boardlib.s                 0x00000000   Number         0  boardshut.o ABSOLUTE
    ../clib/angel/dczerorl.s                 0x00000000   Number         0  __dczerorl.o ABSOLUTE
    ../clib/angel/handlers.s                 0x00000000   Number         0  __scatter_zi.o ABSOLUTE
    ../clib/angel/kernel.s                   0x00000000   Number         0  __rtentry.o ABSOLUTE
    ../clib/angel/kernel.s                   0x00000000   Number         0  __rtentry2.o ABSOLUTE
    ../clib/angel/kernel.s                   0x00000000   Number         0  __rtentry4.o ABSOLUTE
    ../clib/angel/kernel.s                   0x00000000   Number         0  rtexit.o ABSOLUTE
    ../clib/angel/kernel.s                   0x00000000   Number         0  rtexit2.o ABSOLUTE
    ../clib/angel/rt.s                       0x00000000   Number         0  rt_raise.o ABSOLUTE
    ../clib/angel/scatter.s                  0x00000000   Number         0  __scatter.o ABSOLUTE
    ../clib/angel/startup.s                  0x00000000   Number         0  __main.o ABSOLUTE
    ../clib/angel/sys.s                      0x00000000   Number         0  sys_stackheap_outer.o ABSOLUTE
    ../clib/angel/sys.s                      0x00000000   Number         0  libspace.o ABSOLUTE
    ../clib/angel/sys.s                      0x00000000   Number         0  use_no_semi.o ABSOLUTE
    ../clib/angel/sys.s                      0x00000000   Number         0  indicate_semi.o ABSOLUTE
    ../clib/angel/sysapp.c                   0x00000000   Number         0  sys_exit.o ABSOLUTE
    ../clib/angel/sysapp.c                   0x00000000   Number         0  sys_exit_hlt.o ABSOLUTE
    ../clib/angel/sysapp.c                   0x00000000   Number         0  sys_command.o ABSOLUTE
    ../clib/angel/sysapp.c                   0x00000000   Number         0  sys_command_hlt.o ABSOLUTE
    ../clib/angel/sysapp.c                   0x00000000   Number         0  sys_wrch.o ABSOLUTE
    ../clib/angel/sysapp.c                   0x00000000   Number         0  sys_wrch_hlt.o ABSOLUTE
    ../clib/armsys.c                         0x00000000   Number         0  argv_veneer.o ABSOLUTE
    ../clib/armsys.c                         0x00000000   Number         0  argv_veneer.o ABSOLUTE
    ../clib/armsys.c                         0x00000000   Number         0  _get_argv_nomalloc.o ABSOLUTE
    ../clib/armsys.c                         0x00000000   Number         0  no_argv.o ABSOLUTE
    ../clib/heapalloc.c                      0x00000000   Number         0  hrguard.o ABSOLUTE
    ../clib/heapaux.c                        0x00000000   Number         0  heapauxi.o ABSOLUTE
    ../clib/libinit.s                        0x00000000   Number         0  libinit.o ABSOLUTE
    ../clib/libinit.s                        0x00000000   Number         0  libinit2.o ABSOLUTE
    ../clib/libinit.s                        0x00000000   Number         0  libshutdown.o ABSOLUTE
    ../clib/libinit.s                        0x00000000   Number         0  libshutdown2.o ABSOLUTE
    ../clib/misc.s                           0x00000000   Number         0  printf_stubs.o ABSOLUTE
    ../clib/printf.c                         0x00000000   Number         0  __2sprintf.o ABSOLUTE
    ../clib/printf.c                         0x00000000   Number         0  noretval__2sprintf.o ABSOLUTE
    ../clib/printf.c                         0x00000000   Number         0  __printf.o ABSOLUTE
    ../clib/printf.c                         0x00000000   Number         0  _printf_pad.o ABSOLUTE
    ../clib/printf.c                         0x00000000   Number         0  _printf_dec.o ABSOLUTE
    ../clib/printf.c                         0x00000000   Number         0  __printf_flags.o ABSOLUTE
    ../clib/printf.c                         0x00000000   Number         0  __printf_ss.o ABSOLUTE
    ../clib/printf.c                         0x00000000   Number         0  __printf_flags_ss.o ABSOLUTE
    ../clib/printf.c                         0x00000000   Number         0  __printf_wp.o ABSOLUTE
    ../clib/printf.c                         0x00000000   Number         0  __printf_flags_wp.o ABSOLUTE
    ../clib/printf.c                         0x00000000   Number         0  __printf_ss_wp.o ABSOLUTE
    ../clib/printf.c                         0x00000000   Number         0  __printf_flags_ss_wp.o ABSOLUTE
    ../clib/printf.c                         0x00000000   Number         0  _printf_intcommon.o ABSOLUTE
    ../clib/printf.c                         0x00000000   Number         0  _printf_char_common.o ABSOLUTE
    ../clib/printf.c                         0x00000000   Number         0  _sputc.o ABSOLUTE
    ../clib/printf.c                         0x00000000   Number         0  __printf_nopercent.o ABSOLUTE
    ../clib/printf_percent.s                 0x00000000   Number         0  _printf_d.o ABSOLUTE
    ../clib/printf_percent.s                 0x00000000   Number         0  _printf_percent.o ABSOLUTE
    ../clib/printf_percent.s                 0x00000000   Number         0  _printf_percent_end.o ABSOLUTE
    ../clib/signal.c                         0x00000000   Number         0  defsig_rtmem_outer.o ABSOLUTE
    ../clib/signal.c                         0x00000000   Number         0  defsig_rtmem_formal.o ABSOLUTE
    ../clib/signal.c                         0x00000000   Number         0  defsig_exit.o ABSOLUTE
    ../clib/signal.c                         0x00000000   Number         0  defsig_rtmem_inner.o ABSOLUTE
    ../clib/signal.c                         0x00000000   Number         0  __raise.o ABSOLUTE
    ../clib/signal.c                         0x00000000   Number         0  defsig_general.o ABSOLUTE
    ../clib/signal.c                         0x00000000   Number         0  defsig_abrt_inner.o ABSOLUTE
    ../clib/signal.c                         0x00000000   Number         0  defsig_fpe_inner.o ABSOLUTE
    ../clib/signal.c                         0x00000000   Number         0  defsig_rtred_inner.o ABSOLUTE
    ../clib/signal.c                         0x00000000   Number         0  defsig_stak_inner.o ABSOLUTE
    ../clib/signal.c                         0x00000000   Number         0  defsig_pvfn_inner.o ABSOLUTE
    ../clib/signal.c                         0x00000000   Number         0  defsig_cppl_inner.o ABSOLUTE
    ../clib/signal.c                         0x00000000   Number         0  defsig_segv_inner.o ABSOLUTE
    ../clib/signal.c                         0x00000000   Number         0  defsig_other.o ABSOLUTE
    ../clib/signal.s                         0x00000000   Number         0  defsig.o ABSOLUTE
    ../clib/stdlib.c                         0x00000000   Number         0  exit.o ABSOLUTE
    ../fplib/fpinit.s                        0x00000000   Number         0  fpinit.o ABSOLUTE
    ../fplib/fpinit_empty.s                  0x00000000   Number         0  fpinit_empty.o ABSOLUTE
    add_monster.c                            0x00000000   Number         0  add_monster.o ABSOLUTE
    battle.c                                 0x00000000   Number         0  battle.o ABSOLUTE
    button.c                                 0x00000000   Number         0  button.o ABSOLUTE
    campaign.c                               0x00000000   Number         0  campaign.o ABSOLUTE
    character.c                              0x00000000   Number         0  character.o ABSOLUTE
    dc.s                                     0x00000000   Number         0  dc.o ABSOLUTE
    fonts.c                                  0x00000000   Number         0  fonts.o ABSOLUTE
    led.c                                    0x00000000   Number         0  led.o ABSOLUTE
    main.c                                   0x00000000   Number         0  main.o ABSOLUTE
    rc522.c                                  0x00000000   Number         0  rc522.o ABSOLUTE
    st7789.c                                 0x00000000   Number         0  st7789.o ABSOLUTE
    startup_stm32f103xb.s                    0x00000000   Number         0  startup_stm32f103xb.o ABSOLUTE
    stm32f1xx_hal.c                          0x00000000   Number         0  stm32f1xx_hal.o ABSOLUTE
    stm32f1xx_hal_cortex.c                   0x00000000   Number         0  stm32f1xx_hal_cortex.o ABSOLUTE
    stm32f1xx_hal_dma.c                      0x00000000   Number         0  stm32f1xx_hal_dma.o ABSOLUTE
    stm32f1xx_hal_exti.c                     0x00000000   Number         0  stm32f1xx_hal_exti.o ABSOLUTE
    stm32f1xx_hal_flash.c                    0x00000000   Number         0  stm32f1xx_hal_flash.o ABSOLUTE
    stm32f1xx_hal_flash_ex.c                 0x00000000   Number         0  stm32f1xx_hal_flash_ex.o ABSOLUTE
    stm32f1xx_hal_gpio.c                     0x00000000   Number         0  stm32f1xx_hal_gpio.o ABSOLUTE
    stm32f1xx_hal_gpio_ex.c                  0x00000000   Number         0  stm32f1xx_hal_gpio_ex.o ABSOLUTE
    stm32f1xx_hal_msp.c                      0x00000000   Number         0  stm32f1xx_hal_msp.o ABSOLUTE
    stm32f1xx_hal_pwr.c                      0x00000000   Number         0  stm32f1xx_hal_pwr.o ABSOLUTE
    stm32f1xx_hal_rcc.c                      0x00000000   Number         0  stm32f1xx_hal_rcc.o ABSOLUTE
    stm32f1xx_hal_rcc_ex.c                   0x00000000   Number         0  stm32f1xx_hal_rcc_ex.o ABSOLUTE
    stm32f1xx_hal_spi.c                      0x00000000   Number         0  stm32f1xx_hal_spi.o ABSOLUTE
    stm32f1xx_it.c                           0x00000000   Number         0  stm32f1xx_it.o ABSOLUTE
    system_stm32f1xx.c                       0x00000000   Number         0  system_stm32f1xx.o ABSOLUTE
    ui.c                                     0x00000000   Number         0  ui.o ABSOLUTE
    user.c                                   0x00000000   Number         0  user.o ABSOLUTE
    RESET                                    0x08000000   Section      236  startup_stm32f103xb.o(RESET)
    !!!main                                  0x080000ec   Section        8  __main.o(!!!main)
    !!!scatter                               0x080000f4   Section       92  __scatter.o(!!!scatter)
    !!dczerorl                               0x08000150   Section       58  __dczerorl.o(!!dczerorl)
    !!handler_null                           0x0800018c   Section        2  __scatter.o(!!handler_null)
    !!handler_zi                             0x08000190   Section       28  __scatter_zi.o(!!handler_zi)
    .ARM.Collect$$_printf_percent$$00000000  0x080001ac   Section        0  _printf_percent.o(.ARM.Collect$$_printf_percent$$00000000)
    .ARM.Collect$$_printf_percent$$00000009  0x080001ac   Section        6  _printf_d.o(.ARM.Collect$$_printf_percent$$00000009)
    .ARM.Collect$$_printf_percent$$00000017  0x080001b2   Section        4  _printf_percent_end.o(.ARM.Collect$$_printf_percent$$00000017)
    .ARM.Collect$$libinit$$00000000          0x080001b6   Section        2  libinit.o(.ARM.Collect$$libinit$$00000000)
    .ARM.Collect$$libinit$$00000002          0x080001b8   Section        0  libinit2.o(.ARM.Collect$$libinit$$00000002)
    .ARM.Collect$$libinit$$00000004          0x080001b8   Section        0  libinit2.o(.ARM.Collect$$libinit$$00000004)
    .ARM.Collect$$libinit$$00000006          0x080001b8   Section        0  libinit2.o(.ARM.Collect$$libinit$$00000006)
    .ARM.Collect$$libinit$$0000000C          0x080001b8   Section        0  libinit2.o(.ARM.Collect$$libinit$$0000000C)
    .ARM.Collect$$libinit$$0000000E          0x080001b8   Section        0  libinit2.o(.ARM.Collect$$libinit$$0000000E)
    .ARM.Collect$$libinit$$00000010          0x080001b8   Section        0  libinit2.o(.ARM.Collect$$libinit$$00000010)
    .ARM.Collect$$libinit$$00000013          0x080001b8   Section        0  libinit2.o(.ARM.Collect$$libinit$$00000013)
    .ARM.Collect$$libinit$$00000015          0x080001b8   Section        0  libinit2.o(.ARM.Collect$$libinit$$00000015)
    .ARM.Collect$$libinit$$00000017          0x080001b8   Section        0  libinit2.o(.ARM.Collect$$libinit$$00000017)
    .ARM.Collect$$libinit$$00000019          0x080001b8   Section        0  libinit2.o(.ARM.Collect$$libinit$$00000019)
    .ARM.Collect$$libinit$$0000001B          0x080001b8   Section        0  libinit2.o(.ARM.Collect$$libinit$$0000001B)
    .ARM.Collect$$libinit$$0000001D          0x080001b8   Section        0  libinit2.o(.ARM.Collect$$libinit$$0000001D)
    .ARM.Collect$$libinit$$0000001F          0x080001b8   Section        0  libinit2.o(.ARM.Collect$$libinit$$0000001F)
    .ARM.Collect$$libinit$$00000021          0x080001b8   Section        0  libinit2.o(.ARM.Collect$$libinit$$00000021)
    .ARM.Collect$$libinit$$00000023          0x080001b8   Section        0  libinit2.o(.ARM.Collect$$libinit$$00000023)
    .ARM.Collect$$libinit$$00000025          0x080001b8   Section        0  libinit2.o(.ARM.Collect$$libinit$$00000025)
    .ARM.Collect$$libinit$$00000027          0x080001b8   Section        0  libinit2.o(.ARM.Collect$$libinit$$00000027)
    .ARM.Collect$$libinit$$0000002E          0x080001b8   Section        0  libinit2.o(.ARM.Collect$$libinit$$0000002E)
    .ARM.Collect$$libinit$$00000030          0x080001b8   Section        0  libinit2.o(.ARM.Collect$$libinit$$00000030)
    .ARM.Collect$$libinit$$00000032          0x080001b8   Section        0  libinit2.o(.ARM.Collect$$libinit$$00000032)
    .ARM.Collect$$libinit$$00000034          0x080001b8   Section        0  libinit2.o(.ARM.Collect$$libinit$$00000034)
    .ARM.Collect$$libinit$$00000035          0x080001b8   Section        2  libinit2.o(.ARM.Collect$$libinit$$00000035)
    .ARM.Collect$$libshutdown$$00000000      0x080001ba   Section        2  libshutdown.o(.ARM.Collect$$libshutdown$$00000000)
    .ARM.Collect$$libshutdown$$00000002      0x080001bc   Section        0  libshutdown2.o(.ARM.Collect$$libshutdown$$00000002)
    .ARM.Collect$$libshutdown$$00000004      0x080001bc   Section        0  libshutdown2.o(.ARM.Collect$$libshutdown$$00000004)
    .ARM.Collect$$libshutdown$$00000007      0x080001bc   Section        0  libshutdown2.o(.ARM.Collect$$libshutdown$$00000007)
    .ARM.Collect$$libshutdown$$0000000A      0x080001bc   Section        0  libshutdown2.o(.ARM.Collect$$libshutdown$$0000000A)
    .ARM.Collect$$libshutdown$$0000000C      0x080001bc   Section        0  libshutdown2.o(.ARM.Collect$$libshutdown$$0000000C)
    .ARM.Collect$$libshutdown$$0000000F      0x080001bc   Section        0  libshutdown2.o(.ARM.Collect$$libshutdown$$0000000F)
    .ARM.Collect$$libshutdown$$00000010      0x080001bc   Section        2  libshutdown2.o(.ARM.Collect$$libshutdown$$00000010)
    .ARM.Collect$$rtentry$$00000000          0x080001be   Section        0  __rtentry.o(.ARM.Collect$$rtentry$$00000000)
    .ARM.Collect$$rtentry$$00000002          0x080001be   Section        0  __rtentry2.o(.ARM.Collect$$rtentry$$00000002)
    .ARM.Collect$$rtentry$$00000004          0x080001be   Section        6  __rtentry4.o(.ARM.Collect$$rtentry$$00000004)
    .ARM.Collect$$rtentry$$00000009          0x080001c4   Section        0  __rtentry2.o(.ARM.Collect$$rtentry$$00000009)
    .ARM.Collect$$rtentry$$0000000A          0x080001c4   Section        4  __rtentry2.o(.ARM.Collect$$rtentry$$0000000A)
    .ARM.Collect$$rtentry$$0000000C          0x080001c8   Section        0  __rtentry2.o(.ARM.Collect$$rtentry$$0000000C)
    .ARM.Collect$$rtentry$$0000000D          0x080001c8   Section        8  __rtentry2.o(.ARM.Collect$$rtentry$$0000000D)
    .ARM.Collect$$rtexit$$00000000           0x080001d0   Section        2  rtexit.o(.ARM.Collect$$rtexit$$00000000)
    .ARM.Collect$$rtexit$$00000002           0x080001d2   Section        0  rtexit2.o(.ARM.Collect$$rtexit$$00000002)
    .ARM.Collect$$rtexit$$00000003           0x080001d2   Section        4  rtexit2.o(.ARM.Collect$$rtexit$$00000003)
    .ARM.Collect$$rtexit$$00000004           0x080001d6   Section        6  rtexit2.o(.ARM.Collect$$rtexit$$00000004)
    .text                                    0x080001dc   Section       64  startup_stm32f103xb.o(.text)
    .text                                    0x0800021c   Section        0  noretval__2sprintf.o(.text)
    .text                                    0x08000244   Section        0  _printf_pad.o(.text)
    .text                                    0x08000294   Section        0  _printf_dec.o(.text)
    .text                                    0x0800030c   Section        0  __printf_wp.o(.text)
    .text                                    0x0800041a   Section        0  heapauxi.o(.text)
    .text                                    0x08000420   Section        0  _printf_intcommon.o(.text)
    _printf_input_char                       0x080004d5   Thumb Code    10  _printf_char_common.o(.text)
    .text                                    0x080004d4   Section        0  _printf_char_common.o(.text)
    .text                                    0x08000504   Section        0  _sputc.o(.text)
    .text                                    0x0800050e   Section       74  sys_stackheap_outer.o(.text)
    .text                                    0x08000558   Section        0  exit.o(.text)
    .text                                    0x0800056c   Section        8  libspace.o(.text)
    .text                                    0x08000574   Section        0  sys_exit.o(.text)
    .text                                    0x08000580   Section        2  use_no_semi.o(.text)
    .text                                    0x08000582   Section        0  indicate_semi.o(.text)
    [Anonymous Symbol]                       0x08000584   Section        0  battle.o(.text.Battle_GetState)
    [Anonymous Symbol]                       0x08000590   Section        0  battle.o(.text.Battle_Monster_Attack)
    [Anonymous Symbol]                       0x080005c0   Section        0  battle.o(.text.Battle_Player_Attack)
    [Anonymous Symbol]                       0x080005f0   Section        0  battle.o(.text.Battle_Start)
    [Anonymous Symbol]                       0x08000604   Section        0  stm32f1xx_it.o(.text.BusFault_Handler)
    [Anonymous Symbol]                       0x08000608   Section        0  button.o(.text.Button_Down)
    [Anonymous Symbol]                       0x08000624   Section        0  button.o(.text.Button_Select)
    [Anonymous Symbol]                       0x08000640   Section        0  button.o(.text.Button_Up)
    [Anonymous Symbol]                       0x0800065c   Section        0  ui.o(.text.Check_Card)
    [Anonymous Symbol]                       0x08000738   Section        0  rc522.o(.text.ClearBitMask)
    [Anonymous Symbol]                       0x080007f8   Section        0  stm32f1xx_it.o(.text.DebugMon_Handler)
    [Anonymous Symbol]                       0x080007fc   Section        0  user.o(.text.Find_Uid)
    [Anonymous Symbol]                       0x08000864   Section        0  stm32f1xx_hal.o(.text.HAL_Delay)
    [Anonymous Symbol]                       0x0800088c   Section        0  stm32f1xx_hal_gpio.o(.text.HAL_GPIO_Init)
    [Anonymous Symbol]                       0x08000a9c   Section        0  stm32f1xx_hal_gpio.o(.text.HAL_GPIO_ReadPin)
    [Anonymous Symbol]                       0x08000aa8   Section        0  stm32f1xx_hal_gpio.o(.text.HAL_GPIO_WritePin)
    [Anonymous Symbol]                       0x08000ab4   Section        0  stm32f1xx_hal.o(.text.HAL_GetTick)
    [Anonymous Symbol]                       0x08000ac0   Section        0  stm32f1xx_hal.o(.text.HAL_IncTick)
    [Anonymous Symbol]                       0x08000adc   Section        0  stm32f1xx_hal.o(.text.HAL_Init)
    [Anonymous Symbol]                       0x08000b04   Section        0  stm32f1xx_hal.o(.text.HAL_InitTick)
    [Anonymous Symbol]                       0x08000b4c   Section        0  stm32f1xx_hal_msp.o(.text.HAL_MspInit)
    [Anonymous Symbol]                       0x08000b90   Section        0  stm32f1xx_hal_cortex.o(.text.HAL_NVIC_SetPriority)
    [Anonymous Symbol]                       0x08000be8   Section        0  stm32f1xx_hal_cortex.o(.text.HAL_NVIC_SetPriorityGrouping)
    [Anonymous Symbol]                       0x08000c08   Section        0  stm32f1xx_hal_rcc.o(.text.HAL_RCC_ClockConfig)
    [Anonymous Symbol]                       0x08000dc4   Section        0  stm32f1xx_hal_rcc.o(.text.HAL_RCC_OscConfig)
    [Anonymous Symbol]                       0x080011c4   Section        0  stm32f1xx_hal_spi.o(.text.HAL_SPI_Init)
    [Anonymous Symbol]                       0x0800126c   Section        0  stm32f1xx_hal_msp.o(.text.HAL_SPI_MspInit)
    [Anonymous Symbol]                       0x08001338   Section        0  stm32f1xx_hal_spi.o(.text.HAL_SPI_Transmit)
    [Anonymous Symbol]                       0x08001534   Section        0  stm32f1xx_hal_spi.o(.text.HAL_SPI_TransmitReceive)
    [Anonymous Symbol]                       0x08001808   Section        0  stm32f1xx_hal_cortex.o(.text.HAL_SYSTICK_Config)
    [Anonymous Symbol]                       0x08001834   Section        0  stm32f1xx_it.o(.text.HardFault_Handler)
    [Anonymous Symbol]                       0x08001838   Section        0  rc522.o(.text.MFRC522_Anticoll)
    [Anonymous Symbol]                       0x080018d8   Section        0  rc522.o(.text.MFRC522_Init)
    [Anonymous Symbol]                       0x08001b50   Section        0  rc522.o(.text.MFRC522_Request)
    [Anonymous Symbol]                       0x08001bdc   Section        0  rc522.o(.text.MFRC522_ToCard)
    [Anonymous Symbol]                       0x08001fac   Section        0  stm32f1xx_it.o(.text.MemManage_Handler)
    [Anonymous Symbol]                       0x08001fb0   Section        0  stm32f1xx_it.o(.text.NMI_Handler)
    [Anonymous Symbol]                       0x08001fb4   Section        0  stm32f1xx_it.o(.text.PendSV_Handler)
    SPI_WaitFlagStateUntilTimeout            0x08001fb9   Thumb Code   288  stm32f1xx_hal_spi.o(.text.SPI_WaitFlagStateUntilTimeout)
    [Anonymous Symbol]                       0x08001fb8   Section        0  stm32f1xx_hal_spi.o(.text.SPI_WaitFlagStateUntilTimeout)
    [Anonymous Symbol]                       0x080020d8   Section        0  st7789.o(.text.ST7789_DrawCircle)
    [Anonymous Symbol]                       0x08002218   Section        0  st7789.o(.text.ST7789_DrawLine)
    [Anonymous Symbol]                       0x080022d8   Section        0  st7789.o(.text.ST7789_DrawPixel)
    [Anonymous Symbol]                       0x08002350   Section        0  st7789.o(.text.ST7789_Fill_Color)
    [Anonymous Symbol]                       0x080023ec   Section        0  st7789.o(.text.ST7789_Init)
    ST7789_SetAddressWindow                  0x08002a95   Thumb Code   358  st7789.o(.text.ST7789_SetAddressWindow)
    [Anonymous Symbol]                       0x08002a94   Section        0  st7789.o(.text.ST7789_SetAddressWindow)
    [Anonymous Symbol]                       0x08002bfc   Section        0  st7789.o(.text.ST7789_WriteChar)
    [Anonymous Symbol]                       0x08002d04   Section        0  st7789.o(.text.ST7789_WriteString)
    [Anonymous Symbol]                       0x08002d98   Section        0  stm32f1xx_it.o(.text.SVC_Handler)
    [Anonymous Symbol]                       0x08002d9c   Section        0  rc522.o(.text.SetBitMask)
    [Anonymous Symbol]                       0x08002e5c   Section        0  stm32f1xx_it.o(.text.SysTick_Handler)
    [Anonymous Symbol]                       0x08002e60   Section        0  system_stm32f1xx.o(.text.SystemInit)
    [Anonymous Symbol]                       0x08002e64   Section        0  ui.o(.text.Ui_Battle_Page)
    [Anonymous Symbol]                       0x08002f9c   Section        0  ui.o(.text.Ui_Campaign_Page)
    [Anonymous Symbol]                       0x080031d8   Section        0  ui.o(.text.Ui_Confirm_Mode)
    [Anonymous Symbol]                       0x080032b4   Section        0  ui.o(.text.Ui_Move_Action)
    [Anonymous Symbol]                       0x08003518   Section        0  ui.o(.text.Ui_Move_Mode)
    [Anonymous Symbol]                       0x0800377c   Section        0  ui.o(.text.Ui_Player_Stats)
    [Anonymous Symbol]                       0x0800383c   Section        0  ui.o(.text.Ui_Select_Mode)
    [Anonymous Symbol]                       0x080038e0   Section        0  ui.o(.text.Ui_Stats_Appearance)
    [Anonymous Symbol]                       0x080039b8   Section        0  ui.o(.text.Ui_Update_Stats)
    [Anonymous Symbol]                       0x08003a60   Section        0  stm32f1xx_it.o(.text.UsageFault_Handler)
    [Anonymous Symbol]                       0x08003a64   Section        0  ui.o(.text.Waiting_Display)
    [Anonymous Symbol]                       0x08003af4   Section        0  main.o(.text.main)
    i._is_digit                              0x08003cce   Section        0  __printf_wp.o(i._is_digit)
    Font11x18                                0x08003cec   Data        3420  fonts.o(.rodata.Font11x18)
    [Anonymous Symbol]                       0x08003cec   Section        0  fonts.o(.rodata.Font11x18)
    Font16x26                                0x08004a48   Data        4940  fonts.o(.rodata.Font16x26)
    [Anonymous Symbol]                       0x08004a48   Section        0  fonts.o(.rodata.Font16x26)
    Font7x10                                 0x08005d94   Data        1900  fonts.o(.rodata.Font7x10)
    [Anonymous Symbol]                       0x08005d94   Section        0  fonts.o(.rodata.Font7x10)
    HAL_RCC_GetSysClockFreq.aPredivFactorTable 0x08006500   Data           2  stm32f1xx_hal_rcc.o(.rodata.HAL_RCC_GetSysClockFreq.aPredivFactorTable)
    [Anonymous Symbol]                       0x08006500   Section        0  stm32f1xx_hal_rcc.o(.rodata.HAL_RCC_GetSysClockFreq.aPredivFactorTable)
    HAL_RCC_GetSysClockFreq.aPLLMULFactorTable 0x08006502   Data          16  stm32f1xx_hal_rcc.o(.rodata.cst16)
    [Anonymous Symbol]                       0x08006502   Section        0  stm32f1xx_hal_rcc.o(.rodata.cst16)
    .L.str.11                                0x08006512   Data           6  ui.o(.rodata.str1.1)
    [Anonymous Symbol]                       0x08006512   Section        0  ui.o(.rodata.str1.1)
    .L.str.10                                0x08006518   Data           5  ui.o(.rodata.str1.1)
    .L.str.13                                0x0800651d   Data           6  ui.o(.rodata.str1.1)
    .L.str                                   0x08006523   Data          10  ui.o(.rodata.str1.1)
    .L.str.3                                 0x0800652d   Data           8  ui.o(.rodata.str1.1)
    .L.str.1                                 0x08006535   Data           9  ui.o(.rodata.str1.1)
    .L.str.2                                 0x0800653e   Data           8  ui.o(.rodata.str1.1)
    .L.str.8                                 0x08006546   Data          10  ui.o(.rodata.str1.1)
    .L.str.7                                 0x08006550   Data           9  ui.o(.rodata.str1.1)
    .L.str.9                                 0x08006559   Data           6  ui.o(.rodata.str1.1)
    .L.str.15                                0x0800655f   Data           8  ui.o(.rodata.str1.1)
    .L.str.14                                0x08006563   Data           4  ui.o(.rodata.str1.1)
    .L.str.16                                0x08006567   Data           4  ui.o(.rodata.str1.1)
    .L.str.21                                0x0800656b   Data           4  ui.o(.rodata.str1.1)
    .L_MergedGlobals                         0x20000000   Data           8  stm32f1xx_hal.o(.data..L_MergedGlobals)
    [Anonymous Symbol]                       0x20000000   Section        0  stm32f1xx_hal.o(.data..L_MergedGlobals)
    .bss                                     0x200001d8   Section       96  libspace.o(.bss)
    .L_MergedGlobals                         0x20000238   Data          12  ui.o(.bss..L_MergedGlobals)
    [Anonymous Symbol]                       0x20000238   Section        0  ui.o(.bss..L_MergedGlobals)
    battle_player                            0x2000023c   Data           4  ui.o(.bss..L_MergedGlobals)
    battle_monster                           0x20000240   Data           4  ui.o(.bss..L_MergedGlobals)
    .L_MergedGlobals                         0x20000244   Data          12  battle.o(.bss..L_MergedGlobals)
    current_battle.2                         0x20000244   Data           1  battle.o(.bss..L_MergedGlobals)
    [Anonymous Symbol]                       0x20000244   Section        0  battle.o(.bss..L_MergedGlobals)
    current_battle.0                         0x20000248   Data           4  battle.o(.bss..L_MergedGlobals)
    current_battle.1                         0x2000024c   Data           4  battle.o(.bss..L_MergedGlobals)
    Heap_Mem                                 0x20000310   Data         512  startup_stm32f103xb.o(HEAP)
    HEAP                                     0x20000310   Section      512  startup_stm32f103xb.o(HEAP)
    Stack_Mem                                0x20000510   Data        1024  startup_stm32f103xb.o(STACK)
    STACK                                    0x20000510   Section     1024  startup_stm32f103xb.o(STACK)
    __initial_sp                             0x20000910   Data           0  startup_stm32f103xb.o(STACK)

    Global Symbols

    Symbol Name                              Value     Ov Type        Size  Object(Section)

    BuildAttributes$$THM_ISAv4$P$D$K$B$S$PE$A:L22UL41UL21$X:L11$S22US41US21$IEEE1$IW$~IW$USESV6$~STKCKD$USESV7$~SHL$OTIME$ROPI$EBA8$UX$STANDARDLIB$REQ8$PRES8$EABIv2 0x00000000   Number         0  anon$$obj.o ABSOLUTE
    __fp_init_empty                          0x00000000   Number         0  fpinit_empty.o ABSOLUTE
    _printf_flags                            0x00000000   Number         0  printf_stubs.o ABSOLUTE
    _printf_return_value                     0x00000000   Number         0  printf_stubs.o ABSOLUTE
    _printf_sizespec                         0x00000000   Number         0  printf_stubs.o ABSOLUTE
    _printf_widthprec                        0x00000000   Number         0  printf_stubs.o ABSOLUTE
    __ARM_exceptions_init                     - Undefined Weak Reference
    __alloca_initialize                       - Undefined Weak Reference
    __arm_preinit_                            - Undefined Weak Reference
    __arm_relocate_pie_                       - Undefined Weak Reference
    __cpp_initialize__aeabi_                  - Undefined Weak Reference
    __cxa_finalize                            - Undefined Weak Reference
    __rt_locale                               - Undefined Weak Reference
    __sigvec_lookup                           - Undefined Weak Reference
    _atexit_init                              - Undefined Weak Reference
    _call_atexit_fns                          - Undefined Weak Reference
    _clock_init                               - Undefined Weak Reference
    _fp_trap_init                             - Undefined Weak Reference
    _fp_trap_shutdown                         - Undefined Weak Reference
    _get_lc_collate                           - Undefined Weak Reference
    _get_lc_ctype                             - Undefined Weak Reference
    _get_lc_monetary                          - Undefined Weak Reference
    _get_lc_numeric                           - Undefined Weak Reference
    _get_lc_time                              - Undefined Weak Reference
    _getenv_init                              - Undefined Weak Reference
    _handle_redirection                       - Undefined Weak Reference
    _init_alloc                               - Undefined Weak Reference
    _init_user_alloc                          - Undefined Weak Reference
    _initio                                   - Undefined Weak Reference
    _printf_truncate_signed                   - Undefined Weak Reference
    _printf_truncate_unsigned                 - Undefined Weak Reference
    _rand_init                                - Undefined Weak Reference
    _signal_finish                            - Undefined Weak Reference
    _signal_init                              - Undefined Weak Reference
    _terminate_alloc                          - Undefined Weak Reference
    _terminate_user_alloc                     - Undefined Weak Reference
    _terminateio                              - Undefined Weak Reference
    __Vectors_Size                           0x000000ec   Number         0  startup_stm32f103xb.o ABSOLUTE
    __Vectors                                0x08000000   Data           4  startup_stm32f103xb.o(RESET)
    __Vectors_End                            0x080000ec   Data           0  startup_stm32f103xb.o(RESET)
    __main                                   0x080000ed   Thumb Code     8  __main.o(!!!main)
    __scatterload                            0x080000f5   Thumb Code     0  __scatter.o(!!!scatter)
    __scatterload_rt2                        0x080000f5   Thumb Code    84  __scatter.o(!!!scatter)
    __scatterload_rt2_thumb_only             0x080000f5   Thumb Code     0  __scatter.o(!!!scatter)
    __scatterload_loop                       0x080000ff   Thumb Code     0  __scatter.o(!!!scatter)
    __decompress                             0x08000151   Thumb Code    58  __dczerorl.o(!!dczerorl)
    __decompress0                            0x08000151   Thumb Code     0  __dczerorl.o(!!dczerorl)
    __scatterload_null                       0x0800018d   Thumb Code     2  __scatter.o(!!handler_null)
    __scatterload_zeroinit                   0x08000191   Thumb Code    28  __scatter_zi.o(!!handler_zi)
    _printf_d                                0x080001ad   Thumb Code     0  _printf_d.o(.ARM.Collect$$_printf_percent$$00000009)
    _printf_percent                          0x080001ad   Thumb Code     0  _printf_percent.o(.ARM.Collect$$_printf_percent$$00000000)
    _printf_percent_end                      0x080001b3   Thumb Code     0  _printf_percent_end.o(.ARM.Collect$$_printf_percent$$00000017)
    __rt_lib_init                            0x080001b7   Thumb Code     0  libinit.o(.ARM.Collect$$libinit$$00000000)
    __rt_lib_init_alloca_1                   0x080001b9   Thumb Code     0  libinit2.o(.ARM.Collect$$libinit$$00000030)
    __rt_lib_init_argv_1                     0x080001b9   Thumb Code     0  libinit2.o(.ARM.Collect$$libinit$$0000002E)
    __rt_lib_init_atexit_1                   0x080001b9   Thumb Code     0  libinit2.o(.ARM.Collect$$libinit$$0000001D)
    __rt_lib_init_clock_1                    0x080001b9   Thumb Code     0  libinit2.o(.ARM.Collect$$libinit$$00000023)
    __rt_lib_init_cpp_1                      0x080001b9   Thumb Code     0  libinit2.o(.ARM.Collect$$libinit$$00000034)
    __rt_lib_init_exceptions_1               0x080001b9   Thumb Code     0  libinit2.o(.ARM.Collect$$libinit$$00000032)
    __rt_lib_init_fp_1                       0x080001b9   Thumb Code     0  libinit2.o(.ARM.Collect$$libinit$$00000002)
    __rt_lib_init_fp_trap_1                  0x080001b9   Thumb Code     0  libinit2.o(.ARM.Collect$$libinit$$00000021)
    __rt_lib_init_getenv_1                   0x080001b9   Thumb Code     0  libinit2.o(.ARM.Collect$$libinit$$00000025)
    __rt_lib_init_heap_1                     0x080001b9   Thumb Code     0  libinit2.o(.ARM.Collect$$libinit$$0000000C)
    __rt_lib_init_lc_collate_1               0x080001b9   Thumb Code     0  libinit2.o(.ARM.Collect$$libinit$$00000013)
    __rt_lib_init_lc_ctype_1                 0x080001b9   Thumb Code     0  libinit2.o(.ARM.Collect$$libinit$$00000015)
    __rt_lib_init_lc_monetary_1              0x080001b9   Thumb Code     0  libinit2.o(.ARM.Collect$$libinit$$00000017)
    __rt_lib_init_lc_numeric_1               0x080001b9   Thumb Code     0  libinit2.o(.ARM.Collect$$libinit$$00000019)
    __rt_lib_init_lc_time_1                  0x080001b9   Thumb Code     0  libinit2.o(.ARM.Collect$$libinit$$0000001B)
    __rt_lib_init_preinit_1                  0x080001b9   Thumb Code     0  libinit2.o(.ARM.Collect$$libinit$$00000006)
    __rt_lib_init_rand_1                     0x080001b9   Thumb Code     0  libinit2.o(.ARM.Collect$$libinit$$00000010)
    __rt_lib_init_relocate_pie_1             0x080001b9   Thumb Code     0  libinit2.o(.ARM.Collect$$libinit$$00000004)
    __rt_lib_init_return                     0x080001b9   Thumb Code     0  libinit2.o(.ARM.Collect$$libinit$$00000035)
    __rt_lib_init_signal_1                   0x080001b9   Thumb Code     0  libinit2.o(.ARM.Collect$$libinit$$0000001F)
    __rt_lib_init_stdio_1                    0x080001b9   Thumb Code     0  libinit2.o(.ARM.Collect$$libinit$$00000027)
    __rt_lib_init_user_alloc_1               0x080001b9   Thumb Code     0  libinit2.o(.ARM.Collect$$libinit$$0000000E)
    __rt_lib_shutdown                        0x080001bb   Thumb Code     0  libshutdown.o(.ARM.Collect$$libshutdown$$00000000)
    __rt_lib_shutdown_cpp_1                  0x080001bd   Thumb Code     0  libshutdown2.o(.ARM.Collect$$libshutdown$$00000002)
    __rt_lib_shutdown_fp_trap_1              0x080001bd   Thumb Code     0  libshutdown2.o(.ARM.Collect$$libshutdown$$00000007)
    __rt_lib_shutdown_heap_1                 0x080001bd   Thumb Code     0  libshutdown2.o(.ARM.Collect$$libshutdown$$0000000F)
    __rt_lib_shutdown_return                 0x080001bd   Thumb Code     0  libshutdown2.o(.ARM.Collect$$libshutdown$$00000010)
    __rt_lib_shutdown_signal_1               0x080001bd   Thumb Code     0  libshutdown2.o(.ARM.Collect$$libshutdown$$0000000A)
    __rt_lib_shutdown_stdio_1                0x080001bd   Thumb Code     0  libshutdown2.o(.ARM.Collect$$libshutdown$$00000004)
    __rt_lib_shutdown_user_alloc_1           0x080001bd   Thumb Code     0  libshutdown2.o(.ARM.Collect$$libshutdown$$0000000C)
    __rt_entry                               0x080001bf   Thumb Code     0  __rtentry.o(.ARM.Collect$$rtentry$$00000000)
    __rt_entry_presh_1                       0x080001bf   Thumb Code     0  __rtentry2.o(.ARM.Collect$$rtentry$$00000002)
    __rt_entry_sh                            0x080001bf   Thumb Code     0  __rtentry4.o(.ARM.Collect$$rtentry$$00000004)
    __rt_entry_li                            0x080001c5   Thumb Code     0  __rtentry2.o(.ARM.Collect$$rtentry$$0000000A)
    __rt_entry_postsh_1                      0x080001c5   Thumb Code     0  __rtentry2.o(.ARM.Collect$$rtentry$$00000009)
    __rt_entry_main                          0x080001c9   Thumb Code     0  __rtentry2.o(.ARM.Collect$$rtentry$$0000000D)
    __rt_entry_postli_1                      0x080001c9   Thumb Code     0  __rtentry2.o(.ARM.Collect$$rtentry$$0000000C)
    __rt_exit                                0x080001d1   Thumb Code     0  rtexit.o(.ARM.Collect$$rtexit$$00000000)
    __rt_exit_ls                             0x080001d3   Thumb Code     0  rtexit2.o(.ARM.Collect$$rtexit$$00000003)
    __rt_exit_prels_1                        0x080001d3   Thumb Code     0  rtexit2.o(.ARM.Collect$$rtexit$$00000002)
    __rt_exit_exit                           0x080001d7   Thumb Code     0  rtexit2.o(.ARM.Collect$$rtexit$$00000004)
    Reset_Handler                            0x080001dd   Thumb Code     8  startup_stm32f103xb.o(.text)
    ADC1_2_IRQHandler                        0x080001f7   Thumb Code     0  startup_stm32f103xb.o(.text)
    CAN1_RX1_IRQHandler                      0x080001f7   Thumb Code     0  startup_stm32f103xb.o(.text)
    CAN1_SCE_IRQHandler                      0x080001f7   Thumb Code     0  startup_stm32f103xb.o(.text)
    DMA1_Channel1_IRQHandler                 0x080001f7   Thumb Code     0  startup_stm32f103xb.o(.text)
    DMA1_Channel2_IRQHandler                 0x080001f7   Thumb Code     0  startup_stm32f103xb.o(.text)
    DMA1_Channel3_IRQHandler                 0x080001f7   Thumb Code     0  startup_stm32f103xb.o(.text)
    DMA1_Channel4_IRQHandler                 0x080001f7   Thumb Code     0  startup_stm32f103xb.o(.text)
    DMA1_Channel5_IRQHandler                 0x080001f7   Thumb Code     0  startup_stm32f103xb.o(.text)
    DMA1_Channel6_IRQHandler                 0x080001f7   Thumb Code     0  startup_stm32f103xb.o(.text)
    DMA1_Channel7_IRQHandler                 0x080001f7   Thumb Code     0  startup_stm32f103xb.o(.text)
    EXTI0_IRQHandler                         0x080001f7   Thumb Code     0  startup_stm32f103xb.o(.text)
    EXTI15_10_IRQHandler                     0x080001f7   Thumb Code     0  startup_stm32f103xb.o(.text)
    EXTI1_IRQHandler                         0x080001f7   Thumb Code     0  startup_stm32f103xb.o(.text)
    EXTI2_IRQHandler                         0x080001f7   Thumb Code     0  startup_stm32f103xb.o(.text)
    EXTI3_IRQHandler                         0x080001f7   Thumb Code     0  startup_stm32f103xb.o(.text)
    EXTI4_IRQHandler                         0x080001f7   Thumb Code     0  startup_stm32f103xb.o(.text)
    EXTI9_5_IRQHandler                       0x080001f7   Thumb Code     0  startup_stm32f103xb.o(.text)
    FLASH_IRQHandler                         0x080001f7   Thumb Code     0  startup_stm32f103xb.o(.text)
    I2C1_ER_IRQHandler                       0x080001f7   Thumb Code     0  startup_stm32f103xb.o(.text)
    I2C1_EV_IRQHandler                       0x080001f7   Thumb Code     0  startup_stm32f103xb.o(.text)
    I2C2_ER_IRQHandler                       0x080001f7   Thumb Code     0  startup_stm32f103xb.o(.text)
    I2C2_EV_IRQHandler                       0x080001f7   Thumb Code     0  startup_stm32f103xb.o(.text)
    PVD_IRQHandler                           0x080001f7   Thumb Code     0  startup_stm32f103xb.o(.text)
    RCC_IRQHandler                           0x080001f7   Thumb Code     0  startup_stm32f103xb.o(.text)
    RTC_Alarm_IRQHandler                     0x080001f7   Thumb Code     0  startup_stm32f103xb.o(.text)
    RTC_IRQHandler                           0x080001f7   Thumb Code     0  startup_stm32f103xb.o(.text)
    SPI1_IRQHandler                          0x080001f7   Thumb Code     0  startup_stm32f103xb.o(.text)
    SPI2_IRQHandler                          0x080001f7   Thumb Code     0  startup_stm32f103xb.o(.text)
    TAMPER_IRQHandler                        0x080001f7   Thumb Code     0  startup_stm32f103xb.o(.text)
    TIM1_BRK_IRQHandler                      0x080001f7   Thumb Code     0  startup_stm32f103xb.o(.text)
    TIM1_CC_IRQHandler                       0x080001f7   Thumb Code     0  startup_stm32f103xb.o(.text)
    TIM1_TRG_COM_IRQHandler                  0x080001f7   Thumb Code     0  startup_stm32f103xb.o(.text)
    TIM1_UP_IRQHandler                       0x080001f7   Thumb Code     0  startup_stm32f103xb.o(.text)
    TIM2_IRQHandler                          0x080001f7   Thumb Code     0  startup_stm32f103xb.o(.text)
    TIM3_IRQHandler                          0x080001f7   Thumb Code     0  startup_stm32f103xb.o(.text)
    TIM4_IRQHandler                          0x080001f7   Thumb Code     0  startup_stm32f103xb.o(.text)
    USART1_IRQHandler                        0x080001f7   Thumb Code     0  startup_stm32f103xb.o(.text)
    USART2_IRQHandler                        0x080001f7   Thumb Code     0  startup_stm32f103xb.o(.text)
    USART3_IRQHandler                        0x080001f7   Thumb Code     0  startup_stm32f103xb.o(.text)
    USBWakeUp_IRQHandler                     0x080001f7   Thumb Code     0  startup_stm32f103xb.o(.text)
    USB_HP_CAN1_TX_IRQHandler                0x080001f7   Thumb Code     0  startup_stm32f103xb.o(.text)
    USB_LP_CAN1_RX0_IRQHandler               0x080001f7   Thumb Code     0  startup_stm32f103xb.o(.text)
    WWDG_IRQHandler                          0x080001f7   Thumb Code     0  startup_stm32f103xb.o(.text)
    __user_initial_stackheap                 0x080001f9   Thumb Code     0  startup_stm32f103xb.o(.text)
    __2sprintf                               0x0800021d   Thumb Code    34  noretval__2sprintf.o(.text)
    _printf_pre_padding                      0x08000245   Thumb Code    44  _printf_pad.o(.text)
    _printf_post_padding                     0x08000271   Thumb Code    34  _printf_pad.o(.text)
    _printf_int_dec                          0x08000295   Thumb Code   104  _printf_dec.o(.text)
    __printf                                 0x0800030d   Thumb Code   270  __printf_wp.o(.text)
    __use_two_region_memory                  0x0800041b   Thumb Code     2  heapauxi.o(.text)
    __rt_heap_escrow$2region                 0x0800041d   Thumb Code     2  heapauxi.o(.text)
    __rt_heap_expand$2region                 0x0800041f   Thumb Code     2  heapauxi.o(.text)
    _printf_int_common                       0x08000421   Thumb Code   178  _printf_intcommon.o(.text)
    _printf_char_common                      0x080004df   Thumb Code    32  _printf_char_common.o(.text)
    _sputc                                   0x08000505   Thumb Code    10  _sputc.o(.text)
    __user_setup_stackheap                   0x0800050f   Thumb Code    74  sys_stackheap_outer.o(.text)
    exit                                     0x08000559   Thumb Code    18  exit.o(.text)
    __user_libspace                          0x0800056d   Thumb Code     8  libspace.o(.text)
    __user_perproc_libspace                  0x0800056d   Thumb Code     0  libspace.o(.text)
    __user_perthread_libspace                0x0800056d   Thumb Code     0  libspace.o(.text)
    _sys_exit                                0x08000575   Thumb Code     8  sys_exit.o(.text)
    __I$use$semihosting                      0x08000581   Thumb Code     0  use_no_semi.o(.text)
    __use_no_semihosting_swi                 0x08000581   Thumb Code     2  use_no_semi.o(.text)
    __semihosting_library_function           0x08000583   Thumb Code     0  indicate_semi.o(.text)
    Battle_GetState                          0x08000585   Thumb Code    12  battle.o(.text.Battle_GetState)
    Battle_Monster_Attack                    0x08000591   Thumb Code    46  battle.o(.text.Battle_Monster_Attack)
    Battle_Player_Attack                     0x080005c1   Thumb Code    48  battle.o(.text.Battle_Player_Attack)
    Battle_Start                             0x080005f1   Thumb Code    18  battle.o(.text.Battle_Start)
    BusFault_Handler                         0x08000605   Thumb Code     2  stm32f1xx_it.o(.text.BusFault_Handler)
    Button_Down                              0x08000609   Thumb Code    26  button.o(.text.Button_Down)
    Button_Select                            0x08000625   Thumb Code    26  button.o(.text.Button_Select)
    Button_Up                                0x08000641   Thumb Code    26  button.o(.text.Button_Up)
    Check_Card                               0x0800065d   Thumb Code   220  ui.o(.text.Check_Card)
    ClearBitMask                             0x08000739   Thumb Code   190  rc522.o(.text.ClearBitMask)
    DebugMon_Handler                         0x080007f9   Thumb Code     2  stm32f1xx_it.o(.text.DebugMon_Handler)
    Find_Uid                                 0x080007fd   Thumb Code   104  user.o(.text.Find_Uid)
    HAL_Delay                                0x08000865   Thumb Code    40  stm32f1xx_hal.o(.text.HAL_Delay)
    HAL_GPIO_Init                            0x0800088d   Thumb Code   526  stm32f1xx_hal_gpio.o(.text.HAL_GPIO_Init)
    HAL_GPIO_ReadPin                         0x08000a9d   Thumb Code    10  stm32f1xx_hal_gpio.o(.text.HAL_GPIO_ReadPin)
    HAL_GPIO_WritePin                        0x08000aa9   Thumb Code    10  stm32f1xx_hal_gpio.o(.text.HAL_GPIO_WritePin)
    HAL_GetTick                              0x08000ab5   Thumb Code    12  stm32f1xx_hal.o(.text.HAL_GetTick)
    HAL_IncTick                              0x08000ac1   Thumb Code    26  stm32f1xx_hal.o(.text.HAL_IncTick)
    HAL_Init                                 0x08000add   Thumb Code    38  stm32f1xx_hal.o(.text.HAL_Init)
    HAL_InitTick                             0x08000b05   Thumb Code    72  stm32f1xx_hal.o(.text.HAL_InitTick)
    HAL_MspInit                              0x08000b4d   Thumb Code    66  stm32f1xx_hal_msp.o(.text.HAL_MspInit)
    HAL_NVIC_SetPriority                     0x08000b91   Thumb Code    86  stm32f1xx_hal_cortex.o(.text.HAL_NVIC_SetPriority)
    HAL_NVIC_SetPriorityGrouping             0x08000be9   Thumb Code    32  stm32f1xx_hal_cortex.o(.text.HAL_NVIC_SetPriorityGrouping)
    HAL_RCC_ClockConfig                      0x08000c09   Thumb Code   442  stm32f1xx_hal_rcc.o(.text.HAL_RCC_ClockConfig)
    HAL_RCC_OscConfig                        0x08000dc5   Thumb Code  1024  stm32f1xx_hal_rcc.o(.text.HAL_RCC_OscConfig)
    HAL_SPI_Init                             0x080011c5   Thumb Code   168  stm32f1xx_hal_spi.o(.text.HAL_SPI_Init)
    HAL_SPI_MspInit                          0x0800126d   Thumb Code   204  stm32f1xx_hal_msp.o(.text.HAL_SPI_MspInit)
    HAL_SPI_Transmit                         0x08001339   Thumb Code   506  stm32f1xx_hal_spi.o(.text.HAL_SPI_Transmit)
    HAL_SPI_TransmitReceive                  0x08001535   Thumb Code   722  stm32f1xx_hal_spi.o(.text.HAL_SPI_TransmitReceive)
    HAL_SYSTICK_Config                       0x08001809   Thumb Code    44  stm32f1xx_hal_cortex.o(.text.HAL_SYSTICK_Config)
    HardFault_Handler                        0x08001835   Thumb Code     2  stm32f1xx_it.o(.text.HardFault_Handler)
    MFRC522_Anticoll                         0x08001839   Thumb Code   158  rc522.o(.text.MFRC522_Anticoll)
    MFRC522_Init                             0x080018d9   Thumb Code   632  rc522.o(.text.MFRC522_Init)
    MFRC522_Request                          0x08001b51   Thumb Code   140  rc522.o(.text.MFRC522_Request)
    MFRC522_ToCard                           0x08001bdd   Thumb Code   976  rc522.o(.text.MFRC522_ToCard)
    MemManage_Handler                        0x08001fad   Thumb Code     2  stm32f1xx_it.o(.text.MemManage_Handler)
    NMI_Handler                              0x08001fb1   Thumb Code     2  stm32f1xx_it.o(.text.NMI_Handler)
    PendSV_Handler                           0x08001fb5   Thumb Code     2  stm32f1xx_it.o(.text.PendSV_Handler)
    ST7789_DrawCircle                        0x080020d9   Thumb Code   320  st7789.o(.text.ST7789_DrawCircle)
    ST7789_DrawLine                          0x08002219   Thumb Code   192  st7789.o(.text.ST7789_DrawLine)
    ST7789_DrawPixel                         0x080022d9   Thumb Code   120  st7789.o(.text.ST7789_DrawPixel)
    ST7789_Fill_Color                        0x08002351   Thumb Code   154  st7789.o(.text.ST7789_Fill_Color)
    ST7789_Init                              0x080023ed   Thumb Code  1702  st7789.o(.text.ST7789_Init)
    ST7789_WriteChar                         0x08002bfd   Thumb Code   264  st7789.o(.text.ST7789_WriteChar)
    ST7789_WriteString                       0x08002d05   Thumb Code   146  st7789.o(.text.ST7789_WriteString)
    SVC_Handler                              0x08002d99   Thumb Code     2  stm32f1xx_it.o(.text.SVC_Handler)
    SetBitMask                               0x08002d9d   Thumb Code   190  rc522.o(.text.SetBitMask)
    SysTick_Handler                          0x08002e5d   Thumb Code     4  stm32f1xx_it.o(.text.SysTick_Handler)
    SystemInit                               0x08002e61   Thumb Code     2  system_stm32f1xx.o(.text.SystemInit)
    Ui_Battle_Page                           0x08002e65   Thumb Code   288  ui.o(.text.Ui_Battle_Page)
    Ui_Campaign_Page                         0x08002f9d   Thumb Code   556  ui.o(.text.Ui_Campaign_Page)
    Ui_Confirm_Mode                          0x080031d9   Thumb Code   218  ui.o(.text.Ui_Confirm_Mode)
    Ui_Move_Action                           0x080032b5   Thumb Code   612  ui.o(.text.Ui_Move_Action)
    Ui_Move_Mode                             0x08003519   Thumb Code   612  ui.o(.text.Ui_Move_Mode)
    Ui_Player_Stats                          0x0800377d   Thumb Code   192  ui.o(.text.Ui_Player_Stats)
    Ui_Select_Mode                           0x0800383d   Thumb Code   164  ui.o(.text.Ui_Select_Mode)
    Ui_Stats_Appearance                      0x080038e1   Thumb Code   208  ui.o(.text.Ui_Stats_Appearance)
    Ui_Update_Stats                          0x080039b9   Thumb Code   166  ui.o(.text.Ui_Update_Stats)
    UsageFault_Handler                       0x08003a61   Thumb Code     2  stm32f1xx_it.o(.text.UsageFault_Handler)
    Waiting_Display                          0x08003a65   Thumb Code   108  ui.o(.text.Waiting_Display)
    main                                     0x08003af5   Thumb Code   474  main.o(.text.main)
    _is_digit                                0x08003ccf   Thumb Code    14  __printf_wp.o(i._is_digit)
    AHBPrescTable                            0x08003cdc   Data          16  system_stm32f1xx.o(.rodata.AHBPrescTable)
    Region$$Table$$Base                      0x08006570   Number         0  anon$$obj.o(Region$$Table)
    Region$$Table$$Limit                     0x08006590   Number         0  anon$$obj.o(Region$$Table)
    uwTickFreq                               0x20000000   Data           1  stm32f1xx_hal.o(.data..L_MergedGlobals)
    uwTickPrio                               0x20000004   Data           4  stm32f1xx_hal.o(.data..L_MergedGlobals)
    Font_11x18                               0x20000008   Data           8  fonts.o(.data.Font_11x18)
    Font_16x26                               0x20000010   Data           8  fonts.o(.data.Font_16x26)
    Font_7x10                                0x20000018   Data           8  fonts.o(.data.Font_7x10)
    SystemCoreClock                          0x20000020   Data           4  system_stm32f1xx.o(.data.SystemCoreClock)
    campaign                                 0x20000024   Data         205  campaign.o(.data.campaign)
    character_list                           0x200000f2   Data          56  character.o(.data.character_list)
    current_player                           0x2000012a   Data           1  ui.o(.data.current_player)
    list_user                                0x2000012b   Data          50  user.o(.data.list_user)
    monster_list                             0x2000015e   Data         120  add_monster.o(.data.monster_list)
    select_action                            0x200001d6   Data           1  ui.o(.data.select_action)
    select_mode                              0x200001d7   Data           1  ui.o(.data.select_mode)
    __libspace_start                         0x200001d8   Data          96  libspace.o(.bss)
    __temporary_stack_top$libspace           0x20000238   Data           0  libspace.o(.bss)
    game_page                                0x20000238   Data           1  ui.o(.bss..L_MergedGlobals)
    current_state                            0x20000250   Data           1  campaign.o(.bss.current_state)
    hspi1                                    0x20000254   Data          88  main.o(.bss.hspi1)
    hspi2                                    0x200002ac   Data          88  main.o(.bss.hspi2)
    uid                                      0x20000304   Data           4  main.o(.bss.uid)
    uwTick                                   0x20000308   Data           4  stm32f1xx_hal.o(.bss.uwTick)



==============================================================================

Memory Map of the image

  Image Entry point : 0x080000ed

  Load Region LR_IROM1 (Base: 0x08000000, Size: 0x00006768, Max: 0x00010000, ABSOLUTE, COMPRESSED[0x00006678])

    Execution Region ER_IROM1 (Exec base: 0x08000000, Load base: 0x08000000, Size: 0x00006590, Max: 0x00010000, ABSOLUTE)

    Exec Addr    Load Addr    Size         Type   Attr      Idx    E Section Name        Object

    0x08000000   0x08000000   0x000000ec   Data   RO            3    RESET               startup_stm32f103xb.o
    0x080000ec   0x080000ec   0x00000008   Code   RO          816  * !!!main             c_w.l(__main.o)
    0x080000f4   0x080000f4   0x0000005c   Code   RO          992    !!!scatter          c_w.l(__scatter.o)
    0x08000150   0x08000150   0x0000003a   Code   RO          990    !!dczerorl          c_w.l(__dczerorl.o)
    0x0800018a   0x0800018a   0x00000002   PAD
    0x0800018c   0x0800018c   0x00000002   Code   RO          993    !!handler_null      c_w.l(__scatter.o)
    0x0800018e   0x0800018e   0x00000002   PAD
    0x08000190   0x08000190   0x0000001c   Code   RO          996    !!handler_zi        c_w.l(__scatter_zi.o)
    0x080001ac   0x080001ac   0x00000000   Code   RO          813    .ARM.Collect$$_printf_percent$$00000000  c_w.l(_printf_percent.o)
    0x080001ac   0x080001ac   0x00000006   Code   RO          812    .ARM.Collect$$_printf_percent$$00000009  c_w.l(_printf_d.o)
    0x080001b2   0x080001b2   0x00000004   Code   RO          825    .ARM.Collect$$_printf_percent$$00000017  c_w.l(_printf_percent_end.o)
    0x080001b6   0x080001b6   0x00000002   Code   RO          852    .ARM.Collect$$libinit$$00000000  c_w.l(libinit.o)
    0x080001b8   0x080001b8   0x00000000   Code   RO          859    .ARM.Collect$$libinit$$00000002  c_w.l(libinit2.o)
    0x080001b8   0x080001b8   0x00000000   Code   RO          861    .ARM.Collect$$libinit$$00000004  c_w.l(libinit2.o)
    0x080001b8   0x080001b8   0x00000000   Code   RO          863    .ARM.Collect$$libinit$$00000006  c_w.l(libinit2.o)
    0x080001b8   0x080001b8   0x00000000   Code   RO          866    .ARM.Collect$$libinit$$0000000C  c_w.l(libinit2.o)
    0x080001b8   0x080001b8   0x00000000   Code   RO          868    .ARM.Collect$$libinit$$0000000E  c_w.l(libinit2.o)
    0x080001b8   0x080001b8   0x00000000   Code   RO          870    .ARM.Collect$$libinit$$00000010  c_w.l(libinit2.o)
    0x080001b8   0x080001b8   0x00000000   Code   RO          873    .ARM.Collect$$libinit$$00000013  c_w.l(libinit2.o)
    0x080001b8   0x080001b8   0x00000000   Code   RO          875    .ARM.Collect$$libinit$$00000015  c_w.l(libinit2.o)
    0x080001b8   0x080001b8   0x00000000   Code   RO          877    .ARM.Collect$$libinit$$00000017  c_w.l(libinit2.o)
    0x080001b8   0x080001b8   0x00000000   Code   RO          879    .ARM.Collect$$libinit$$00000019  c_w.l(libinit2.o)
    0x080001b8   0x080001b8   0x00000000   Code   RO          881    .ARM.Collect$$libinit$$0000001B  c_w.l(libinit2.o)
    0x080001b8   0x080001b8   0x00000000   Code   RO          883    .ARM.Collect$$libinit$$0000001D  c_w.l(libinit2.o)
    0x080001b8   0x080001b8   0x00000000   Code   RO          885    .ARM.Collect$$libinit$$0000001F  c_w.l(libinit2.o)
    0x080001b8   0x080001b8   0x00000000   Code   RO          887    .ARM.Collect$$libinit$$00000021  c_w.l(libinit2.o)
    0x080001b8   0x080001b8   0x00000000   Code   RO          889    .ARM.Collect$$libinit$$00000023  c_w.l(libinit2.o)
    0x080001b8   0x080001b8   0x00000000   Code   RO          891    .ARM.Collect$$libinit$$00000025  c_w.l(libinit2.o)
    0x080001b8   0x080001b8   0x00000000   Code   RO          893    .ARM.Collect$$libinit$$00000027  c_w.l(libinit2.o)
    0x080001b8   0x080001b8   0x00000000   Code   RO          897    .ARM.Collect$$libinit$$0000002E  c_w.l(libinit2.o)
    0x080001b8   0x080001b8   0x00000000   Code   RO          899    .ARM.Collect$$libinit$$00000030  c_w.l(libinit2.o)
    0x080001b8   0x080001b8   0x00000000   Code   RO          901    .ARM.Collect$$libinit$$00000032  c_w.l(libinit2.o)
    0x080001b8   0x080001b8   0x00000000   Code   RO          903    .ARM.Collect$$libinit$$00000034  c_w.l(libinit2.o)
    0x080001b8   0x080001b8   0x00000002   Code   RO          904    .ARM.Collect$$libinit$$00000035  c_w.l(libinit2.o)
    0x080001ba   0x080001ba   0x00000002   Code   RO          926    .ARM.Collect$$libshutdown$$00000000  c_w.l(libshutdown.o)
    0x080001bc   0x080001bc   0x00000000   Code   RO          941    .ARM.Collect$$libshutdown$$00000002  c_w.l(libshutdown2.o)
    0x080001bc   0x080001bc   0x00000000   Code   RO          943    .ARM.Collect$$libshutdown$$00000004  c_w.l(libshutdown2.o)
    0x080001bc   0x080001bc   0x00000000   Code   RO          946    .ARM.Collect$$libshutdown$$00000007  c_w.l(libshutdown2.o)
    0x080001bc   0x080001bc   0x00000000   Code   RO          949    .ARM.Collect$$libshutdown$$0000000A  c_w.l(libshutdown2.o)
    0x080001bc   0x080001bc   0x00000000   Code   RO          951    .ARM.Collect$$libshutdown$$0000000C  c_w.l(libshutdown2.o)
    0x080001bc   0x080001bc   0x00000000   Code   RO          954    .ARM.Collect$$libshutdown$$0000000F  c_w.l(libshutdown2.o)
    0x080001bc   0x080001bc   0x00000002   Code   RO          955    .ARM.Collect$$libshutdown$$00000010  c_w.l(libshutdown2.o)
    0x080001be   0x080001be   0x00000000   Code   RO          818    .ARM.Collect$$rtentry$$00000000  c_w.l(__rtentry.o)
    0x080001be   0x080001be   0x00000000   Code   RO          827    .ARM.Collect$$rtentry$$00000002  c_w.l(__rtentry2.o)
    0x080001be   0x080001be   0x00000006   Code   RO          839    .ARM.Collect$$rtentry$$00000004  c_w.l(__rtentry4.o)
    0x080001c4   0x080001c4   0x00000000   Code   RO          829    .ARM.Collect$$rtentry$$00000009  c_w.l(__rtentry2.o)
    0x080001c4   0x080001c4   0x00000004   Code   RO          830    .ARM.Collect$$rtentry$$0000000A  c_w.l(__rtentry2.o)
    0x080001c8   0x080001c8   0x00000000   Code   RO          832    .ARM.Collect$$rtentry$$0000000C  c_w.l(__rtentry2.o)
    0x080001c8   0x080001c8   0x00000008   Code   RO          833    .ARM.Collect$$rtentry$$0000000D  c_w.l(__rtentry2.o)
    0x080001d0   0x080001d0   0x00000002   Code   RO          856    .ARM.Collect$$rtexit$$00000000  c_w.l(rtexit.o)
    0x080001d2   0x080001d2   0x00000000   Code   RO          906    .ARM.Collect$$rtexit$$00000002  c_w.l(rtexit2.o)
    0x080001d2   0x080001d2   0x00000004   Code   RO          907    .ARM.Collect$$rtexit$$00000003  c_w.l(rtexit2.o)
    0x080001d6   0x080001d6   0x00000006   Code   RO          908    .ARM.Collect$$rtexit$$00000004  c_w.l(rtexit2.o)
    0x080001dc   0x080001dc   0x00000040   Code   RO            4    .text               startup_stm32f103xb.o
    0x0800021c   0x0800021c   0x00000028   Code   RO          784    .text               c_w.l(noretval__2sprintf.o)
    0x08000244   0x08000244   0x0000004e   Code   RO          788    .text               c_w.l(_printf_pad.o)
    0x08000292   0x08000292   0x00000002   PAD
    0x08000294   0x08000294   0x00000078   Code   RO          790    .text               c_w.l(_printf_dec.o)
    0x0800030c   0x0800030c   0x0000010e   Code   RO          800    .text               c_w.l(__printf_wp.o)
    0x0800041a   0x0800041a   0x00000006   Code   RO          814    .text               c_w.l(heapauxi.o)
    0x08000420   0x08000420   0x000000b2   Code   RO          819    .text               c_w.l(_printf_intcommon.o)
    0x080004d2   0x080004d2   0x00000002   PAD
    0x080004d4   0x080004d4   0x00000030   Code   RO          821    .text               c_w.l(_printf_char_common.o)
    0x08000504   0x08000504   0x0000000a   Code   RO          823    .text               c_w.l(_sputc.o)
    0x0800050e   0x0800050e   0x0000004a   Code   RO          843    .text               c_w.l(sys_stackheap_outer.o)
    0x08000558   0x08000558   0x00000012   Code   RO          845    .text               c_w.l(exit.o)
    0x0800056a   0x0800056a   0x00000002   PAD
    0x0800056c   0x0800056c   0x00000008   Code   RO          853    .text               c_w.l(libspace.o)
    0x08000574   0x08000574   0x0000000c   Code   RO          916    .text               c_w.l(sys_exit.o)
    0x08000580   0x08000580   0x00000002   Code   RO          931    .text               c_w.l(use_no_semi.o)
    0x08000582   0x08000582   0x00000000   Code   RO          933    .text               c_w.l(indicate_semi.o)
    0x08000582   0x08000582   0x00000002   PAD
    0x08000584   0x08000584   0x0000000c   Code   RO          756    .text.Battle_GetState  battle.o
    0x08000590   0x08000590   0x0000002e   Code   RO          752    .text.Battle_Monster_Attack  battle.o
    0x080005be   0x080005be   0x00000002   PAD
    0x080005c0   0x080005c0   0x00000030   Code   RO          750    .text.Battle_Player_Attack  battle.o
    0x080005f0   0x080005f0   0x00000012   Code   RO          748    .text.Battle_Start  battle.o
    0x08000602   0x08000602   0x00000002   PAD
    0x08000604   0x08000604   0x00000002   Code   RO          140    .text.BusFault_Handler  stm32f1xx_it.o
    0x08000606   0x08000606   0x00000002   PAD
    0x08000608   0x08000608   0x0000001a   Code   RO          651    .text.Button_Down   button.o
    0x08000622   0x08000622   0x00000002   PAD
    0x08000624   0x08000624   0x0000001a   Code   RO          653    .text.Button_Select  button.o
    0x0800063e   0x0800063e   0x00000002   PAD
    0x08000640   0x08000640   0x0000001a   Code   RO          649    .text.Button_Up     button.o
    0x0800065a   0x0800065a   0x00000002   PAD
    0x0800065c   0x0800065c   0x000000dc   Code   RO          671    .text.Check_Card    ui.o
    0x08000738   0x08000738   0x000000be   Code   RO           31    .text.ClearBitMask  rc522.o
    0x080007f6   0x080007f6   0x00000002   PAD
    0x080007f8   0x080007f8   0x00000002   Code   RO          146    .text.DebugMon_Handler  stm32f1xx_it.o
    0x080007fa   0x080007fa   0x00000002   PAD
    0x080007fc   0x080007fc   0x00000068   Code   RO          723    .text.Find_Uid      user.o
    0x08000864   0x08000864   0x00000028   Code   RO          321    .text.HAL_Delay     stm32f1xx_hal.o
    0x0800088c   0x0800088c   0x0000020e   Code   RO          413    .text.HAL_GPIO_Init  stm32f1xx_hal_gpio.o
    0x08000a9a   0x08000a9a   0x00000002   PAD
    0x08000a9c   0x08000a9c   0x0000000a   Code   RO          417    .text.HAL_GPIO_ReadPin  stm32f1xx_hal_gpio.o
    0x08000aa6   0x08000aa6   0x00000002   PAD
    0x08000aa8   0x08000aa8   0x0000000a   Code   RO          419    .text.HAL_GPIO_WritePin  stm32f1xx_hal_gpio.o
    0x08000ab2   0x08000ab2   0x00000002   PAD
    0x08000ab4   0x08000ab4   0x0000000c   Code   RO          313    .text.HAL_GetTick   stm32f1xx_hal.o
    0x08000ac0   0x08000ac0   0x0000001a   Code   RO          311    .text.HAL_IncTick   stm32f1xx_hal.o
    0x08000ada   0x08000ada   0x00000002   PAD
    0x08000adc   0x08000adc   0x00000026   Code   RO          301    .text.HAL_Init      stm32f1xx_hal.o
    0x08000b02   0x08000b02   0x00000002   PAD
    0x08000b04   0x08000b04   0x00000048   Code   RO          303    .text.HAL_InitTick  stm32f1xx_hal.o
    0x08000b4c   0x08000b4c   0x00000042   Code   RO          159    .text.HAL_MspInit   stm32f1xx_hal_msp.o
    0x08000b8e   0x08000b8e   0x00000002   PAD
    0x08000b90   0x08000b90   0x00000056   Code   RO          471    .text.HAL_NVIC_SetPriority  stm32f1xx_hal_cortex.o
    0x08000be6   0x08000be6   0x00000002   PAD
    0x08000be8   0x08000be8   0x00000020   Code   RO          469    .text.HAL_NVIC_SetPriorityGrouping  stm32f1xx_hal_cortex.o
    0x08000c08   0x08000c08   0x000001ba   Code   RO          365    .text.HAL_RCC_ClockConfig  stm32f1xx_hal_rcc.o
    0x08000dc2   0x08000dc2   0x00000002   PAD
    0x08000dc4   0x08000dc4   0x00000400   Code   RO          363    .text.HAL_RCC_OscConfig  stm32f1xx_hal_rcc.o
    0x080011c4   0x080011c4   0x000000a8   Code   RO          187    .text.HAL_SPI_Init  stm32f1xx_hal_spi.o
    0x0800126c   0x0800126c   0x000000cc   Code   RO          161    .text.HAL_SPI_MspInit  stm32f1xx_hal_msp.o
    0x08001338   0x08001338   0x000001fa   Code   RO          195    .text.HAL_SPI_Transmit  stm32f1xx_hal_spi.o
    0x08001532   0x08001532   0x00000002   PAD
    0x08001534   0x08001534   0x000002d2   Code   RO          199    .text.HAL_SPI_TransmitReceive  stm32f1xx_hal_spi.o
    0x08001806   0x08001806   0x00000002   PAD
    0x08001808   0x08001808   0x0000002c   Code   RO          481    .text.HAL_SYSTICK_Config  stm32f1xx_hal_cortex.o
    0x08001834   0x08001834   0x00000002   Code   RO          136    .text.HardFault_Handler  stm32f1xx_it.o
    0x08001836   0x08001836   0x00000002   PAD
    0x08001838   0x08001838   0x0000009e   Code   RO           45    .text.MFRC522_Anticoll  rc522.o
    0x080018d6   0x080018d6   0x00000002   PAD
    0x080018d8   0x080018d8   0x00000278   Code   RO           39    .text.MFRC522_Init  rc522.o
    0x08001b50   0x08001b50   0x0000008c   Code   RO           43    .text.MFRC522_Request  rc522.o
    0x08001bdc   0x08001bdc   0x000003d0   Code   RO           41    .text.MFRC522_ToCard  rc522.o
    0x08001fac   0x08001fac   0x00000002   Code   RO          138    .text.MemManage_Handler  stm32f1xx_it.o
    0x08001fae   0x08001fae   0x00000002   PAD
    0x08001fb0   0x08001fb0   0x00000002   Code   RO          134    .text.NMI_Handler   stm32f1xx_it.o
    0x08001fb2   0x08001fb2   0x00000002   PAD
    0x08001fb4   0x08001fb4   0x00000002   Code   RO          148    .text.PendSV_Handler  stm32f1xx_it.o
    0x08001fb6   0x08001fb6   0x00000002   PAD
    0x08001fb8   0x08001fb8   0x00000120   Code   RO          291    .text.SPI_WaitFlagStateUntilTimeout  stm32f1xx_hal_spi.o
    0x080020d8   0x080020d8   0x00000140   Code   RO           85    .text.ST7789_DrawCircle  st7789.o
    0x08002218   0x08002218   0x000000c0   Code   RO           81    .text.ST7789_DrawLine  st7789.o
    0x080022d8   0x080022d8   0x00000078   Code   RO           75    .text.ST7789_DrawPixel  st7789.o
    0x08002350   0x08002350   0x0000009a   Code   RO           71    .text.ST7789_Fill_Color  st7789.o
    0x080023ea   0x080023ea   0x00000002   PAD
    0x080023ec   0x080023ec   0x000006a6   Code   RO           69    .text.ST7789_Init   st7789.o
    0x08002a92   0x08002a92   0x00000002   PAD
    0x08002a94   0x08002a94   0x00000166   Code   RO           73    .text.ST7789_SetAddressWindow  st7789.o
    0x08002bfa   0x08002bfa   0x00000002   PAD
    0x08002bfc   0x08002bfc   0x00000108   Code   RO           91    .text.ST7789_WriteChar  st7789.o
    0x08002d04   0x08002d04   0x00000092   Code   RO           93    .text.ST7789_WriteString  st7789.o
    0x08002d96   0x08002d96   0x00000002   PAD
    0x08002d98   0x08002d98   0x00000002   Code   RO          144    .text.SVC_Handler   stm32f1xx_it.o
    0x08002d9a   0x08002d9a   0x00000002   PAD
    0x08002d9c   0x08002d9c   0x000000be   Code   RO           29    .text.SetBitMask    rc522.o
    0x08002e5a   0x08002e5a   0x00000002   PAD
    0x08002e5c   0x08002e5c   0x00000004   Code   RO          150    .text.SysTick_Handler  stm32f1xx_it.o
    0x08002e60   0x08002e60   0x00000002   Code   RO          634    .text.SystemInit    system_stm32f1xx.o
    0x08002e62   0x08002e62   0x00000002   PAD
    0x08002e64   0x08002e64   0x00000138   Code   RO          697    .text.Ui_Battle_Page  ui.o
    0x08002f9c   0x08002f9c   0x0000023c   Code   RO          699    .text.Ui_Campaign_Page  ui.o
    0x080031d8   0x080031d8   0x000000da   Code   RO          705    .text.Ui_Confirm_Mode  ui.o
    0x080032b2   0x080032b2   0x00000002   PAD
    0x080032b4   0x080032b4   0x00000264   Code   RO          681    .text.Ui_Move_Action  ui.o
    0x08003518   0x08003518   0x00000264   Code   RO          707    .text.Ui_Move_Mode  ui.o
    0x0800377c   0x0800377c   0x000000c0   Code   RO          691    .text.Ui_Player_Stats  ui.o
    0x0800383c   0x0800383c   0x000000a4   Code   RO          673    .text.Ui_Select_Mode  ui.o
    0x080038e0   0x080038e0   0x000000d8   Code   RO          689    .text.Ui_Stats_Appearance  ui.o
    0x080039b8   0x080039b8   0x000000a6   Code   RO          695    .text.Ui_Update_Stats  ui.o
    0x08003a5e   0x08003a5e   0x00000002   PAD
    0x08003a60   0x08003a60   0x00000002   Code   RO          142    .text.UsageFault_Handler  stm32f1xx_it.o
    0x08003a62   0x08003a62   0x00000002   PAD
    0x08003a64   0x08003a64   0x00000090   Code   RO          669    .text.Waiting_Display  ui.o
    0x08003af4   0x08003af4   0x000001da   Code   RO          116    .text.main          main.o
    0x08003cce   0x08003cce   0x0000000e   Code   RO          802    i._is_digit         c_w.l(__printf_wp.o)
    0x08003cdc   0x08003cdc   0x00000010   Data   RO          639    .rodata.AHBPrescTable  system_stm32f1xx.o
    0x08003cec   0x08003cec   0x00000d5c   Data   RO           16    .rodata.Font11x18   fonts.o
    0x08004a48   0x08004a48   0x0000134c   Data   RO           17    .rodata.Font16x26   fonts.o
    0x08005d94   0x08005d94   0x0000076c   Data   RO           12    .rodata.Font7x10    fonts.o
    0x08006500   0x08006500   0x00000002   Data   RO          390    .rodata.HAL_RCC_GetSysClockFreq.aPredivFactorTable  stm32f1xx_hal_rcc.o
    0x08006502   0x08006502   0x00000010   Data   RO          389    .rodata.cst16       stm32f1xx_hal_rcc.o
    0x08006512   0x08006512   0x0000005d   Data   RO          713    .rodata.str1.1      ui.o
    0x0800656f   0x0800656f   0x00000001   PAD
    0x08006570   0x08006570   0x00000020   Data   RO          989    Region$$Table       anon$$obj.o


    Execution Region RW_IRAM1 (Exec base: 0x20000000, Load base: 0x08006590, Size: 0x00000910, Max: 0x00005000, ABSOLUTE, COMPRESSED[0x000000e8])

    Exec Addr    Load Addr    Size         Type   Attr      Idx    E Section Name        Object

    0x20000000   COMPRESSED   0x00000008   Data   RW          352    .data..L_MergedGlobals  stm32f1xx_hal.o
    0x20000008   COMPRESSED   0x00000008   Data   RW           14    .data.Font_11x18    fonts.o
    0x20000010   COMPRESSED   0x00000008   Data   RW           15    .data.Font_16x26    fonts.o
    0x20000018   COMPRESSED   0x00000008   Data   RW           13    .data.Font_7x10     fonts.o
    0x20000020   COMPRESSED   0x00000004   Data   RW          638    .data.SystemCoreClock  system_stm32f1xx.o
    0x20000024   COMPRESSED   0x000000cd   Data   RW          772    .data.campaign      campaign.o
    0x200000f1   COMPRESSED   0x00000001   PAD
    0x200000f2   COMPRESSED   0x00000038   Data   RW          734    .data.character_list  character.o
    0x2000012a   COMPRESSED   0x00000001   Data   RW          710    .data.current_player  ui.o
    0x2000012b   COMPRESSED   0x00000032   Data   RW          725    .data.list_user     user.o
    0x2000015d   COMPRESSED   0x00000001   PAD
    0x2000015e   COMPRESSED   0x00000078   Data   RW          741    .data.monster_list  add_monster.o
    0x200001d6   COMPRESSED   0x00000001   Data   RW          712    .data.select_action  ui.o
    0x200001d7   COMPRESSED   0x00000001   Data   RW          711    .data.select_mode   ui.o
    0x200001d8        -       0x00000060   Zero   RW          854    .bss                c_w.l(libspace.o)
    0x20000238        -       0x0000000c   Zero   RW          714    .bss..L_MergedGlobals  ui.o
    0x20000244        -       0x0000000c   Zero   RW          758    .bss..L_MergedGlobals  battle.o
    0x20000250        -       0x00000001   Zero   RW          771    .bss.current_state  campaign.o
    0x20000251   COMPRESSED   0x00000003   PAD
    0x20000254        -       0x00000058   Zero   RW          122    .bss.hspi1          main.o
    0x200002ac        -       0x00000058   Zero   RW          123    .bss.hspi2          main.o
    0x20000304        -       0x00000004   Zero   RW          124    .bss.uid            main.o
    0x20000308        -       0x00000004   Zero   RW          351    .bss.uwTick         stm32f1xx_hal.o
    0x2000030c   COMPRESSED   0x00000004   PAD
    0x20000310        -       0x00000200   Zero   RW            2    HEAP                startup_stm32f103xb.o
    0x20000510        -       0x00000400   Zero   RW            1    STACK               startup_stm32f103xb.o


==============================================================================

Image component sizes


      Code (inc. data)   RO Data    RW Data    ZI Data      Debug   Object Name

         0          0          0        120          0        750   add_monster.o
       124          0          0          0         12       2011   battle.o
        78          0          0          0          0       1286   button.o
         0          0          0        205          1        892   campaign.o
         0          0          0         56          0        798   character.o
         0          0      10260         24          0        920   fonts.o
       474          0          0          0        180       6419   main.o
      2286          0          0          0          0      13549   rc522.o
      3256          0          0          0          0      30148   st7789.o
        64         26        236          0       1536        796   startup_stm32f103xb.o
       188          0          0          8          4       5783   stm32f1xx_hal.o
       162          0          0          0          0       8438   stm32f1xx_hal_cortex.o
       546         22          0          0          0       4780   stm32f1xx_hal_gpio.o
       270          0          0          0          0       4706   stm32f1xx_hal_msp.o
      1466          0         18          0          0       8091   stm32f1xx_hal_rcc.o
      1684          0          0          0          0      23578   stm32f1xx_hal_spi.o
        20          0          0          0          0       1156   stm32f1xx_it.o
         2          0         16          4          0       1602   system_stm32f1xx.o
      3428         84         93          3         12       7728   ui.o
       104          0          0         50          0       1052   user.o

    ----------------------------------------------------------------------
     14218        132      10656        472       1752     124483   Object Totals
         0          0         32          0          0          0   (incl. Generated)
        66          0          1          2          7          0   (incl. Padding)

    ----------------------------------------------------------------------

      Code (inc. data)   RO Data    RW Data    ZI Data      Debug   Library Member Name

        58          0          0          0          0          0   __dczerorl.o
         8          0          0          0          0         68   __main.o
       284          0          0          0          0        156   __printf_wp.o
         0          0          0          0          0          0   __rtentry.o
        12          0          0          0          0          0   __rtentry2.o
         6          0          0          0          0          0   __rtentry4.o
        94          8          0          0          0          0   __scatter.o
        28          0          0          0          0          0   __scatter_zi.o
        48          6          0          0          0         96   _printf_char_common.o
         6          0          0          0          0          0   _printf_d.o
       120         16          0          0          0         92   _printf_dec.o
       178          0          0          0          0         88   _printf_intcommon.o
        78          0          0          0          0        108   _printf_pad.o
         0          0          0          0          0          0   _printf_percent.o
         4          0          0          0          0          0   _printf_percent_end.o
        10          0          0          0          0         68   _sputc.o
        18          0          0          0          0         80   exit.o
         6          0          0          0          0        152   heapauxi.o
         0          0          0          0          0          0   indicate_semi.o
         2          0          0          0          0          0   libinit.o
         2          0          0          0          0          0   libinit2.o
         2          0          0          0          0          0   libshutdown.o
         2          0          0          0          0          0   libshutdown2.o
         8          4          0          0         96         68   libspace.o
        40          6          0          0          0         84   noretval__2sprintf.o
         2          0          0          0          0          0   rtexit.o
        10          0          0          0          0          0   rtexit2.o
        12          4          0          0          0         68   sys_exit.o
        74          0          0          0          0         80   sys_stackheap_outer.o
         2          0          0          0          0         68   use_no_semi.o

    ----------------------------------------------------------------------
      1126         44          0          0         96       1276   Library Totals
        12          0          0          0          0          0   (incl. Padding)

    ----------------------------------------------------------------------

      Code (inc. data)   RO Data    RW Data    ZI Data      Debug   Library Name

      1114         44          0          0         96       1276   c_w.l

    ----------------------------------------------------------------------
      1126         44          0          0         96       1276   Library Totals

    ----------------------------------------------------------------------

==============================================================================


      Code (inc. data)   RO Data    RW Data    ZI Data      Debug   

     15344        176      10656        472       1848     125023   Grand Totals
     15344        176      10656        232       1848     125023   ELF Image Totals (compressed)
     15344        176      10656        232          0          0   ROM Totals

==============================================================================

    Total RO  Size (Code + RO Data)                26000 (  25.39kB)
    Total RW  Size (RW Data + ZI Data)              2320 (   2.27kB)
    Total ROM Size (Code + RO Data + RW Data)      26232 (  25.62kB)

==============================================================================

